Archive member included to satisfy reference by file (symbol)

/home/user/Documents/AT32_IDE_V1.0.09_Linux-x86_64/AT32IDE_V1.0.09_Linux-x86_64/platform/tools/gcc-arm-none-eabi-10.3-2021.10/bin/../lib/gcc/arm-none-eabi/10.3.1/thumb/v7e-m+fp/hard/libgcc.a(_aeabi_ldivmod.o)
                              ./user/main.o (__aeabi_ldivmod)
/home/user/Documents/AT32_IDE_V1.0.09_Linux-x86_64/AT32IDE_V1.0.09_Linux-x86_64/platform/tools/gcc-arm-none-eabi-10.3-2021.10/bin/../lib/gcc/arm-none-eabi/10.3.1/thumb/v7e-m+fp/hard/libgcc.a(_udivmoddi4.o)
                              /home/user/Documents/AT32_IDE_V1.0.09_Linux-x86_64/AT32IDE_V1.0.09_Linux-x86_64/platform/tools/gcc-arm-none-eabi-10.3-2021.10/bin/../lib/gcc/arm-none-eabi/10.3.1/thumb/v7e-m+fp/hard/libgcc.a(_aeabi_ldivmod.o) (__udivmoddi4)
/home/user/Documents/AT32_IDE_V1.0.09_Linux-x86_64/AT32IDE_V1.0.09_Linux-x86_64/platform/tools/gcc-arm-none-eabi-10.3-2021.10/bin/../lib/gcc/arm-none-eabi/10.3.1/thumb/v7e-m+fp/hard/libgcc.a(_dvmd_tls.o)
                              /home/user/Documents/AT32_IDE_V1.0.09_Linux-x86_64/AT32IDE_V1.0.09_Linux-x86_64/platform/tools/gcc-arm-none-eabi-10.3-2021.10/bin/../lib/gcc/arm-none-eabi/10.3.1/thumb/v7e-m+fp/hard/libgcc.a(_aeabi_ldivmod.o) (__aeabi_ldiv0)
/home/user/Documents/AT32_IDE_V1.0.09_Linux-x86_64/AT32IDE_V1.0.09_Linux-x86_64/platform/tools/gcc-arm-none-eabi-10.3-2021.10/bin/../lib/gcc/arm-none-eabi/10.3.1/../../../../arm-none-eabi/lib/thumb/v7e-m+fp/hard/libg_nano.a(lib_a-exit.o)
                              /home/user/Documents/AT32_IDE_V1.0.09_Linux-x86_64/AT32IDE_V1.0.09_Linux-x86_64/platform/tools/gcc-arm-none-eabi-10.3-2021.10/bin/../lib/gcc/arm-none-eabi/10.3.1/../../../../arm-none-eabi/lib/thumb/v7e-m+fp/hard/crt0.o (exit)
/home/user/Documents/AT32_IDE_V1.0.09_Linux-x86_64/AT32IDE_V1.0.09_Linux-x86_64/platform/tools/gcc-arm-none-eabi-10.3-2021.10/bin/../lib/gcc/arm-none-eabi/10.3.1/../../../../arm-none-eabi/lib/thumb/v7e-m+fp/hard/libg_nano.a(lib_a-impure.o)
                              /home/user/Documents/AT32_IDE_V1.0.09_Linux-x86_64/AT32IDE_V1.0.09_Linux-x86_64/platform/tools/gcc-arm-none-eabi-10.3-2021.10/bin/../lib/gcc/arm-none-eabi/10.3.1/../../../../arm-none-eabi/lib/thumb/v7e-m+fp/hard/libg_nano.a(lib_a-exit.o) (_global_impure_ptr)
/home/user/Documents/AT32_IDE_V1.0.09_Linux-x86_64/AT32IDE_V1.0.09_Linux-x86_64/platform/tools/gcc-arm-none-eabi-10.3-2021.10/bin/../lib/gcc/arm-none-eabi/10.3.1/../../../../arm-none-eabi/lib/thumb/v7e-m+fp/hard/libg_nano.a(lib_a-init.o)
                              /home/user/Documents/AT32_IDE_V1.0.09_Linux-x86_64/AT32IDE_V1.0.09_Linux-x86_64/platform/tools/gcc-arm-none-eabi-10.3-2021.10/bin/../lib/gcc/arm-none-eabi/10.3.1/../../../../arm-none-eabi/lib/thumb/v7e-m+fp/hard/crt0.o (__libc_init_array)
/home/user/Documents/AT32_IDE_V1.0.09_Linux-x86_64/AT32IDE_V1.0.09_Linux-x86_64/platform/tools/gcc-arm-none-eabi-10.3-2021.10/bin/../lib/gcc/arm-none-eabi/10.3.1/../../../../arm-none-eabi/lib/thumb/v7e-m+fp/hard/libg_nano.a(lib_a-memset.o)
                              /home/user/Documents/AT32_IDE_V1.0.09_Linux-x86_64/AT32IDE_V1.0.09_Linux-x86_64/platform/tools/gcc-arm-none-eabi-10.3-2021.10/bin/../lib/gcc/arm-none-eabi/10.3.1/../../../../arm-none-eabi/lib/thumb/v7e-m+fp/hard/crt0.o (memset)
/home/user/Documents/AT32_IDE_V1.0.09_Linux-x86_64/AT32IDE_V1.0.09_Linux-x86_64/platform/tools/gcc-arm-none-eabi-10.3-2021.10/bin/../lib/gcc/arm-none-eabi/10.3.1/../../../../arm-none-eabi/lib/thumb/v7e-m+fp/hard/libnosys.a(_exit.o)
                              /home/user/Documents/AT32_IDE_V1.0.09_Linux-x86_64/AT32IDE_V1.0.09_Linux-x86_64/platform/tools/gcc-arm-none-eabi-10.3-2021.10/bin/../lib/gcc/arm-none-eabi/10.3.1/../../../../arm-none-eabi/lib/thumb/v7e-m+fp/hard/libg_nano.a(lib_a-exit.o) (_exit)

Discarded input sections

 .text          0x0000000000000000        0x0 /home/user/Documents/AT32_IDE_V1.0.09_Linux-x86_64/AT32IDE_V1.0.09_Linux-x86_64/platform/tools/gcc-arm-none-eabi-10.3-2021.10/bin/../lib/gcc/arm-none-eabi/10.3.1/thumb/v7e-m+fp/hard/crti.o
 .data          0x0000000000000000        0x0 /home/user/Documents/AT32_IDE_V1.0.09_Linux-x86_64/AT32IDE_V1.0.09_Linux-x86_64/platform/tools/gcc-arm-none-eabi-10.3-2021.10/bin/../lib/gcc/arm-none-eabi/10.3.1/thumb/v7e-m+fp/hard/crti.o
 .bss           0x0000000000000000        0x0 /home/user/Documents/AT32_IDE_V1.0.09_Linux-x86_64/AT32IDE_V1.0.09_Linux-x86_64/platform/tools/gcc-arm-none-eabi-10.3-2021.10/bin/../lib/gcc/arm-none-eabi/10.3.1/thumb/v7e-m+fp/hard/crti.o
 .data          0x0000000000000000        0x4 /home/user/Documents/AT32_IDE_V1.0.09_Linux-x86_64/AT32IDE_V1.0.09_Linux-x86_64/platform/tools/gcc-arm-none-eabi-10.3-2021.10/bin/../lib/gcc/arm-none-eabi/10.3.1/thumb/v7e-m+fp/hard/crtbegin.o
 .rodata        0x0000000000000000       0x24 /home/user/Documents/AT32_IDE_V1.0.09_Linux-x86_64/AT32IDE_V1.0.09_Linux-x86_64/platform/tools/gcc-arm-none-eabi-10.3-2021.10/bin/../lib/gcc/arm-none-eabi/10.3.1/thumb/v7e-m+fp/hard/crtbegin.o
[...]
Memory Configuration

Name             Origin             Length             Attributes
FLASH            0x0000000008000000 0x0000000000100000 xr
RAM              0x0000000020000000 0x0000000000018000 xrw
SPIM             0x0000000008400000 0x0000000001000000 xr
*default*        0x0000000000000000 0xffffffffffffffff

Linker script and memory map

LOAD /home/user/Documents/AT32_IDE_V1.0.09_Linux-x86_64/AT32IDE_V1.0.09_Linux-x86_64/platform/tools/gcc-arm-none-eabi-10.3-2021.10/bin/../lib/gcc/arm-none-eabi/10.3.1/thumb/v7e-m+fp/hard/crti.o
LOAD /home/user/Documents/AT32_IDE_V1.0.09_Linux-x86_64/AT32IDE_V1.0.09_Linux-x86_64/platform/tools/gcc-arm-none-eabi-10.3-2021.10/bin/../lib/gcc/arm-none-eabi/10.3.1/thumb/v7e-m+fp/hard/crtbegin.o
LOAD /home/user/Documents/AT32_IDE_V1.0.09_Linux-x86_64/AT32IDE_V1.0.09_Linux-x86_64/platform/tools/gcc-arm-none-eabi-10.3-2021.10/bin/../lib/gcc/arm-none-eabi/10.3.1/../../../../arm-none-eabi/lib/thumb/v7e-m+fp/hard/crt0.o
LOAD ./user/at32f403a_407_clock.o
LOAD ./user/at32f403a_407_int.o
LOAD ./user/i2c_application.o
LOAD ./user/main.o
LOAD ./firmware/at32f403a_407_acc.o
LOAD ./firmware/at32f403a_407_adc.o
LOAD ./firmware/at32f403a_407_bpr.o
LOAD ./firmware/at32f403a_407_can.o
LOAD ./firmware/at32f403a_407_crc.o
LOAD ./firmware/at32f403a_407_crm.o
LOAD ./firmware/at32f403a_407_dac.o
LOAD ./firmware/at32f403a_407_debug.o
LOAD ./firmware/at32f403a_407_dma.o
LOAD ./firmware/at32f403a_407_emac.o
LOAD ./firmware/at32f403a_407_exint.o
LOAD ./firmware/at32f403a_407_flash.o
LOAD ./firmware/at32f403a_407_gpio.o
LOAD ./firmware/at32f403a_407_i2c.o
LOAD ./firmware/at32f403a_407_misc.o
LOAD ./firmware/at32f403a_407_pwc.o
LOAD ./firmware/at32f403a_407_rtc.o
LOAD ./firmware/at32f403a_407_sdio.o
LOAD ./firmware/at32f403a_407_spi.o
LOAD ./firmware/at32f403a_407_tmr.o
LOAD ./firmware/at32f403a_407_usart.o
LOAD ./firmware/at32f403a_407_usb.o
LOAD ./firmware/at32f403a_407_wdt.o
LOAD ./firmware/at32f403a_407_wwdt.o
LOAD ./firmware/at32f403a_407_xmc.o
LOAD ./cmsis/startup_at32f403a_407.o
LOAD ./cmsis/system_at32f403a_407.o
LOAD ./bsp/at32f403a_407_board.o
START GROUP
LOAD /home/user/Documents/AT32_IDE_V1.0.09_Linux-x86_64/AT32IDE_V1.0.09_Linux-x86_64/platform/tools/gcc-arm-none-eabi-10.3-2021.10/bin/../lib/gcc/arm-none-eabi/10.3.1/thumb/v7e-m+fp/hard/libgcc.a
LOAD /home/user/Documents/AT32_IDE_V1.0.09_Linux-x86_64/AT32IDE_V1.0.09_Linux-x86_64/platform/tools/gcc-arm-none-eabi-10.3-2021.10/bin/../lib/gcc/arm-none-eabi/10.3.1/../../../../arm-none-eabi/lib/thumb/v7e-m+fp/hard/libg_nano.a
LOAD /home/user/Documents/AT32_IDE_V1.0.09_Linux-x86_64/AT32IDE_V1.0.09_Linux-x86_64/platform/tools/gcc-arm-none-eabi-10.3-2021.10/bin/../lib/gcc/arm-none-eabi/10.3.1/../../../../arm-none-eabi/lib/thumb/v7e-m+fp/hard/libc_nano.a
END GROUP
START GROUP
LOAD /home/user/Documents/AT32_IDE_V1.0.09_Linux-x86_64/AT32IDE_V1.0.09_Linux-x86_64/platform/tools/gcc-arm-none-eabi-10.3-2021.10/bin/../lib/gcc/arm-none-eabi/10.3.1/thumb/v7e-m+fp/hard/libgcc.a
LOAD /home/user/Documents/AT32_IDE_V1.0.09_Linux-x86_64/AT32IDE_V1.0.09_Linux-x86_64/platform/tools/gcc-arm-none-eabi-10.3-2021.10/bin/../lib/gcc/arm-none-eabi/10.3.1/../../../../arm-none-eabi/lib/thumb/v7e-m+fp/hard/libc_nano.a
LOAD /home/user/Documents/AT32_IDE_V1.0.09_Linux-x86_64/AT32IDE_V1.0.09_Linux-x86_64/platform/tools/gcc-arm-none-eabi-10.3-2021.10/bin/../lib/gcc/arm-none-eabi/10.3.1/../../../../arm-none-eabi/lib/thumb/v7e-m+fp/hard/libnosys.a
END GROUP
START GROUP
LOAD /home/user/Documents/AT32_IDE_V1.0.09_Linux-x86_64/AT32IDE_V1.0.09_Linux-x86_64/platform/tools/gcc-arm-none-eabi-10.3-2021.10/bin/../lib/gcc/arm-none-eabi/10.3.1/thumb/v7e-m+fp/hard/libgcc.a
LOAD /home/user/Documents/AT32_IDE_V1.0.09_Linux-x86_64/AT32IDE_V1.0.09_Linux-x86_64/platform/tools/gcc-arm-none-eabi-10.3-2021.10/bin/../lib/gcc/arm-none-eabi/10.3.1/../../../../arm-none-eabi/lib/thumb/v7e-m+fp/hard/libc_nano.a
LOAD /home/user/Documents/AT32_IDE_V1.0.09_Linux-x86_64/AT32IDE_V1.0.09_Linux-x86_64/platform/tools/gcc-arm-none-eabi-10.3-2021.10/bin/../lib/gcc/arm-none-eabi/10.3.1/../../../../arm-none-eabi/lib/thumb/v7e-m+fp/hard/libnosys.a
END GROUP
LOAD /home/user/Documents/AT32_IDE_V1.0.09_Linux-x86_64/AT32IDE_V1.0.09_Linux-x86_64/platform/tools/gcc-arm-none-eabi-10.3-2021.10/bin/../lib/gcc/arm-none-eabi/10.3.1/thumb/v7e-m+fp/hard/crtend.o
LOAD /home/user/Documents/AT32_IDE_V1.0.09_Linux-x86_64/AT32IDE_V1.0.09_Linux-x86_64/platform/tools/gcc-arm-none-eabi-10.3-2021.10/bin/../lib/gcc/arm-none-eabi/10.3.1/thumb/v7e-m+fp/hard/crtn.o
                0x0000000020018000                _estack = 0x20018000
                0x0000000000000200                _Min_Heap_Size = 0x200
                0x0000000000000400                _Min_Stack_Size = 0x400

.isr_vector     0x0000000008000000      0x184
                0x0000000008000000                . = ALIGN (0x4)
 *(.isr_vector)
 .isr_vector    0x0000000008000000      0x184 ./cmsis/startup_at32f403a_407.o
                0x0000000008000000                g_pfnVectors
                0x0000000008000184                . = ALIGN (0x4)

.text           0x0000000008000184     0x2218
                0x0000000008000184                . = ALIGN (0x4)
 *(.text)
 .text          0x0000000008000184       0x40 /home/user/Documents/AT32_IDE_V1.0.09_Linux-x86_64/AT32IDE_V1.0.09_Linux-x86_64/platform/tools/gcc-arm-none-eabi-10.3-2021.10/bin/../lib/gcc/arm-none-eabi/10.3.1/thumb/v7e-m+fp/hard/crtbegin.o
 .text          0x00000000080001c4       0xa0 /home/user/Documents/AT32_IDE_V1.0.09_Linux-x86_64/AT32IDE_V1.0.09_Linux-x86_64/platform/tools/gcc-arm-none-eabi-10.3-2021.10/bin/../lib/gcc/arm-none-eabi/10.3.1/thumb/v7e-m+fp/hard/libgcc.a(_aeabi_ldivmod.o)
                0x00000000080001c4                __aeabi_ldivmod
 .text          0x0000000008000264      0x2d0 /home/user/Documents/AT32_IDE_V1.0.09_Linux-x86_64/AT32IDE_V1.0.09_Linux-x86_64/platform/tools/gcc-arm-none-eabi-10.3-2021.10/bin/../lib/gcc/arm-none-eabi/10.3.1/thumb/v7e-m+fp/hard/libgcc.a(_udivmoddi4.o)
                0x0000000008000264                __udivmoddi4
 .text          0x0000000008000534        0x4 /home/user/Documents/AT32_IDE_V1.0.09_Linux-x86_64/AT32IDE_V1.0.09_Linux-x86_64/platform/tools/gcc-arm-none-eabi-10.3-2021.10/bin/../lib/gcc/arm-none-eabi/10.3.1/thumb/v7e-m+fp/hard/libgcc.a(_dvmd_tls.o)
                0x0000000008000534                __aeabi_ldiv0
                0x0000000008000534                __aeabi_idiv0
 *(.text*)
 .text.system_clock_config
                0x0000000008000538       0x7a ./user/at32f403a_407_clock.o
                0x0000000008000538                system_clock_config
 .text.NMI_Handler
                0x00000000080005b2        0xe ./user/at32f403a_407_int.o
                0x00000000080005b2                NMI_Handler
 .text.HardFault_Handler
                0x00000000080005c0        0x6 ./user/at32f403a_407_int.o
                0x00000000080005c0                HardFault_Handler
 .text.MemManage_Handler
                0x00000000080005c6        0x6 ./user/at32f403a_407_int.o
                0x00000000080005c6                MemManage_Handler
 .text.BusFault_Handler
                0x00000000080005cc        0x6 ./user/at32f403a_407_int.o
                0x00000000080005cc                BusFault_Handler
 .text.UsageFault_Handler
                0x00000000080005d2        0x6 ./user/at32f403a_407_int.o
                0x00000000080005d2                UsageFault_Handler
 .text.SVC_Handler
                0x00000000080005d8        0xe ./user/at32f403a_407_int.o
                0x00000000080005d8                SVC_Handler
 .text.DebugMon_Handler
                0x00000000080005e6        0xe ./user/at32f403a_407_int.o
                0x00000000080005e6                DebugMon_Handler
 .text.PendSV_Handler
                0x00000000080005f4        0xe ./user/at32f403a_407_int.o
                0x00000000080005f4                PendSV_Handler
 *fill*         0x0000000008000602        0x2 
 .text.SysTick_Handler
                0x0000000008000604       0x14 ./user/at32f403a_407_int.o
                0x0000000008000604                SysTick_Handler
 .text.EXINT15_10_IRQHandler
                0x0000000008000618       0x40 ./user/at32f403a_407_int.o
                0x0000000008000618                EXINT15_10_IRQHandler
 .text.USART2_IRQHandler
                0x0000000008000658        0xc ./user/at32f403a_407_int.o
                0x0000000008000658                USART2_IRQHandler
 .text.USART3_IRQHandler
                0x0000000008000664        0xe ./user/at32f403a_407_int.o
                0x0000000008000664                USART3_IRQHandler
 *fill*         0x0000000008000672        0x2 
 .text.usart_configuration
                0x0000000008000674       0xb0 ./user/main.o
                0x0000000008000674                usart_configuration
 .text.holl_exint_init
                0x0000000008000724       0x52 ./user/main.o
                0x0000000008000724                holl_exint_init
 *fill*         0x0000000008000776        0x2 
 .text.usart2_tx_rx_handler
                0x0000000008000778       0x5c ./user/main.o
                0x0000000008000778                usart2_tx_rx_handler
 .text.usart2_tx_without_int
                0x00000000080007d4      0x1c8 ./user/main.o
                0x00000000080007d4                usart2_tx_without_int
 .text.main     0x000000000800099c      0x3f8 ./user/main.o
                0x000000000800099c                main
 .text.crm_reset
                0x0000000008000d94       0x6c ./firmware/at32f403a_407_crm.o
                0x0000000008000d94                crm_reset
 .text.crm_flag_get
                0x0000000008000e00       0x50 ./firmware/at32f403a_407_crm.o
                0x0000000008000e00                crm_flag_get
 .text.crm_hext_stable_wait
                0x0000000008000e50       0x4a ./firmware/at32f403a_407_crm.o
                0x0000000008000e50                crm_hext_stable_wait
 .text.crm_periph_clock_enable
                0x0000000008000e9a       0x7c ./firmware/at32f403a_407_crm.o
                0x0000000008000e9a                crm_periph_clock_enable
 *fill*         0x0000000008000f16        0x2 
 .text.crm_clock_source_enable
                0x0000000008000f18       0xa8 ./firmware/at32f403a_407_crm.o
                0x0000000008000f18                crm_clock_source_enable
 .text.crm_ahb_div_set
                0x0000000008000fc0       0x2c ./firmware/at32f403a_407_crm.o
                0x0000000008000fc0                crm_ahb_div_set
 .text.crm_apb1_div_set
                0x0000000008000fec       0x2c ./firmware/at32f403a_407_crm.o
                0x0000000008000fec                crm_apb1_div_set
 .text.crm_apb2_div_set
                0x0000000008001018       0x2c ./firmware/at32f403a_407_crm.o
                0x0000000008001018                crm_apb2_div_set
 .text.crm_pll_config
                0x0000000008001044       0x9c ./firmware/at32f403a_407_crm.o
                0x0000000008001044                crm_pll_config
 .text.crm_sysclk_switch
                0x00000000080010e0       0x54 ./firmware/at32f403a_407_crm.o
                0x00000000080010e0                crm_sysclk_switch
 .text.crm_sysclk_switch_status_get
                0x0000000008001134       0x1c ./firmware/at32f403a_407_crm.o
                0x0000000008001134                crm_sysclk_switch_status_get
 .text.crm_clocks_freq_get
                0x0000000008001150      0x1d4 ./firmware/at32f403a_407_crm.o
                0x0000000008001150                crm_clocks_freq_get
 .text.crm_auto_step_mode_enable
                0x0000000008001324       0x38 ./firmware/at32f403a_407_crm.o
                0x0000000008001324                crm_auto_step_mode_enable
 .text.crm_hext_clock_div_set
                0x000000000800135c       0x2c ./firmware/at32f403a_407_crm.o
                0x000000000800135c                crm_hext_clock_div_set
 .text.exint_default_para_init
                0x0000000008001388       0x2c ./firmware/at32f403a_407_exint.o
                0x0000000008001388                exint_default_para_init
 .text.exint_init
                0x00000000080013b4       0xc8 ./firmware/at32f403a_407_exint.o
                0x00000000080013b4                exint_init
 .text.gpio_init
                0x000000000800147c      0x138 ./firmware/at32f403a_407_gpio.o
                0x000000000800147c                gpio_init
 .text.gpio_default_para_init
                0x00000000080015b4       0x34 ./firmware/at32f403a_407_gpio.o
                0x00000000080015b4                gpio_default_para_init
 .text.gpio_bits_set
                0x00000000080015e8       0x1e ./firmware/at32f403a_407_gpio.o
                0x00000000080015e8                gpio_bits_set
 .text.gpio_bits_reset
                0x0000000008001606       0x1e ./firmware/at32f403a_407_gpio.o
                0x0000000008001606                gpio_bits_reset
 .text.gpio_bits_write
                0x0000000008001624       0x30 ./firmware/at32f403a_407_gpio.o
                0x0000000008001624                gpio_bits_write
 .text.gpio_exint_line_config
                0x0000000008001654       0xf8 ./firmware/at32f403a_407_gpio.o
                0x0000000008001654                gpio_exint_line_config
 .text.__NVIC_SetPriorityGrouping
                0x000000000800174c       0x48 ./firmware/at32f403a_407_misc.o
 .text.__NVIC_GetPriorityGrouping
                0x0000000008001794       0x1c ./firmware/at32f403a_407_misc.o
 .text.__NVIC_EnableIRQ
                0x00000000080017b0       0x3c ./firmware/at32f403a_407_misc.o
 .text.__NVIC_SetPriority
                0x00000000080017ec       0x54 ./firmware/at32f403a_407_misc.o
 .text.NVIC_EncodePriority
                0x0000000008001840       0x66 ./firmware/at32f403a_407_misc.o
 .text.nvic_irq_enable
                0x00000000080018a6       0x42 ./firmware/at32f403a_407_misc.o
                0x00000000080018a6                nvic_irq_enable
 .text.nvic_priority_group_config
                0x00000000080018e8       0x1a ./firmware/at32f403a_407_misc.o
                0x00000000080018e8                nvic_priority_group_config
 *fill*         0x0000000008001902        0x2 
 .text.systick_clock_source_config
                0x0000000008001904       0x3c ./firmware/at32f403a_407_misc.o
                0x0000000008001904                systick_clock_source_config
 .text.tmr_counter_enable
                0x0000000008001940       0x2a ./firmware/at32f403a_407_tmr.o
                0x0000000008001940                tmr_counter_enable
 .text.tmr_output_default_para_init
                0x000000000800196a       0x3e ./firmware/at32f403a_407_tmr.o
                0x000000000800196a                tmr_output_default_para_init
 .text.tmr_base_init
                0x00000000080019a8       0x2e ./firmware/at32f403a_407_tmr.o
                0x00000000080019a8                tmr_base_init
 .text.tmr_cnt_dir_set
                0x00000000080019d6       0x2a ./firmware/at32f403a_407_tmr.o
                0x00000000080019d6                tmr_cnt_dir_set
 .text.tmr_output_channel_config
                0x0000000008001a00      0x204 ./firmware/at32f403a_407_tmr.o
                0x0000000008001a00                tmr_output_channel_config
 .text.tmr_channel_value_set
                0x0000000008001c04       0x6c ./firmware/at32f403a_407_tmr.o
                0x0000000008001c04                tmr_channel_value_set
 .text.tmr_event_sw_trigger
                0x0000000008001c70       0x24 ./firmware/at32f403a_407_tmr.o
                0x0000000008001c70                tmr_event_sw_trigger
 .text.tmr_output_enable
                0x0000000008001c94       0x2a ./firmware/at32f403a_407_tmr.o
                0x0000000008001c94                tmr_output_enable
 *fill*         0x0000000008001cbe        0x2 
 .text.usart_init
                0x0000000008001cc0       0xe0 ./firmware/at32f403a_407_usart.o
                0x0000000008001cc0                usart_init
 .text.usart_enable
                0x0000000008001da0       0x2a ./firmware/at32f403a_407_usart.o
                0x0000000008001da0                usart_enable
 .text.usart_transmitter_enable
                0x0000000008001dca       0x2a ./firmware/at32f403a_407_usart.o
                0x0000000008001dca                usart_transmitter_enable
 .text.usart_receiver_enable
                0x0000000008001df4       0x2a ./firmware/at32f403a_407_usart.o
                0x0000000008001df4                usart_receiver_enable
 .text.usart_interrupt_enable
                0x0000000008001e1e       0x68 ./firmware/at32f403a_407_usart.o
                0x0000000008001e1e                usart_interrupt_enable
 .text.usart_data_transmit
                0x0000000008001e86       0x22 ./firmware/at32f403a_407_usart.o
                0x0000000008001e86                usart_data_transmit
 .text.usart_flag_get
                0x0000000008001ea8       0x28 ./firmware/at32f403a_407_usart.o
                0x0000000008001ea8                usart_flag_get
 .text.Reset_Handler
                0x0000000008001ed0       0x48 ./cmsis/startup_at32f403a_407.o
                0x0000000008001ed0                Reset_Handler
 .text.Default_Handler
                0x0000000008001f18        0x2 ./cmsis/startup_at32f403a_407.o
                0x0000000008001f18                SDIO1_IRQHandler
                0x0000000008001f18                XMC_IRQHandler
                0x0000000008001f18                EXINT2_IRQHandler
                0x0000000008001f18                USBFS_L_CAN1_RX0_IRQHandler
                0x0000000008001f18                UART8_IRQHandler
                0x0000000008001f18                SPI4_IRQHandler
                0x0000000008001f18                I2C2_EVT_IRQHandler
                0x0000000008001f18                TMR1_OVF_TMR10_IRQHandler
                0x0000000008001f18                TMR8_TRG_HALL_TMR14_IRQHandler
                0x0000000008001f18                USBFS_H_CAN1_TX_IRQHandler
                0x0000000008001f18                I2C1_ERR_IRQHandler
                0x0000000008001f18                EXINT9_5_IRQHandler
                0x0000000008001f18                EMAC_IRQHandler
                0x0000000008001f18                CAN2_RX1_IRQHandler
                0x0000000008001f18                TMR5_GLOBAL_IRQHandler
                0x0000000008001f18                SDIO2_IRQHandler
                0x0000000008001f18                ADC1_2_IRQHandler
                0x0000000008001f18                SPI1_IRQHandler
                0x0000000008001f18                TAMPER_IRQHandler
                0x0000000008001f18                CAN2_RX0_IRQHandler
                0x0000000008001f18                DMA2_Channel2_IRQHandler
                0x0000000008001f18                DMA1_Channel4_IRQHandler
                0x0000000008001f18                TMR8_CH_IRQHandler
                0x0000000008001f18                USART6_IRQHandler
                0x0000000008001f18                EXINT0_IRQHandler
                0x0000000008001f18                RTC_IRQHandler
                0x0000000008001f18                DMA1_Channel7_IRQHandler
                0x0000000008001f18                CAN1_RX1_IRQHandler
                0x0000000008001f18                UART5_IRQHandler
                0x0000000008001f18                ADC3_IRQHandler
                0x0000000008001f18                ACC_IRQHandler
                0x0000000008001f18                EMAC_WKUP_IRQHandler
                0x0000000008001f18                DMA2_Channel1_IRQHandler
                0x0000000008001f18                EXINT3_IRQHandler
                0x0000000008001f18                DMA1_Channel6_IRQHandler
                0x0000000008001f18                UART4_IRQHandler
                0x0000000008001f18                DMA1_Channel1_IRQHandler
                0x0000000008001f18                Default_Handler
                0x0000000008001f18                USBFS_MAPH_IRQHandler
                0x0000000008001f18                TMR3_GLOBAL_IRQHandler
                0x0000000008001f18                TMR7_GLOBAL_IRQHandler
                0x0000000008001f18                CAN1_SE_IRQHandler
                0x0000000008001f18                CAN2_TX_IRQHandler
                0x0000000008001f18                I2C3_ERR_IRQHandler
                0x0000000008001f18                SPI3_I2S3EXT_IRQHandler
                0x0000000008001f18                TMR1_BRK_TMR9_IRQHandler
                0x0000000008001f18                USBFS_MAPL_IRQHandler
                0x0000000008001f18                TMR8_BRK_TMR12_IRQHandler
                0x0000000008001f18                TMR1_TRG_HALL_TMR11_IRQHandler
                0x0000000008001f18                DMA1_Channel5_IRQHandler
                0x0000000008001f18                TMR4_GLOBAL_IRQHandler
                0x0000000008001f18                EXINT4_IRQHandler
                0x0000000008001f18                CAN2_SE_IRQHandler
                0x0000000008001f18                DMA2_Channel6_7_IRQHandler
                0x0000000008001f18                PVM_IRQHandler
                0x0000000008001f18                I2C3_EVT_IRQHandler
                0x0000000008001f18                DMA1_Channel3_IRQHandler
                0x0000000008001f18                I2C1_EVT_IRQHandler
                0x0000000008001f18                TMR8_OVF_TMR13_IRQHandler
                0x0000000008001f18                TMR6_GLOBAL_IRQHandler
                0x0000000008001f18                EXINT1_IRQHandler
                0x0000000008001f18                RTCAlarm_IRQHandler
                0x0000000008001f18                DMA2_Channel4_5_IRQHandler
                0x0000000008001f18                UART7_IRQHandler
                0x0000000008001f18                DMA1_Channel2_IRQHandler
                0x0000000008001f18                TMR2_GLOBAL_IRQHandler
                0x0000000008001f18                FLASH_IRQHandler
                0x0000000008001f18                SPI2_I2S2EXT_IRQHandler
                0x0000000008001f18                I2C2_ERR_IRQHandler
                0x0000000008001f18                USBFSWakeUp_IRQHandler
                0x0000000008001f18                USART1_IRQHandler
                0x0000000008001f18                TMR1_CH_IRQHandler
                0x0000000008001f18                CRM_IRQHandler
                0x0000000008001f18                WWDT_IRQHandler
                0x0000000008001f18                DMA2_Channel3_IRQHandler
 *fill*         0x0000000008001f1a        0x2 
 .text.SystemInit
                0x0000000008001f1c       0x88 ./cmsis/system_at32f403a_407.o
                0x0000000008001f1c                SystemInit
 .text.system_core_clock_update
                0x0000000008001fa4      0x150 ./cmsis/system_at32f403a_407.o
                0x0000000008001fa4                system_core_clock_update
 .text.at32_board_init
                0x00000000080020f4       0x34 ./bsp/at32f403a_407_board.o
                0x00000000080020f4                at32_board_init
 .text.at32_button_init
                0x0000000008002128       0x44 ./bsp/at32f403a_407_board.o
                0x0000000008002128                at32_button_init
 .text.at32_led_init
                0x000000000800216c       0x68 ./bsp/at32f403a_407_board.o
                0x000000000800216c                at32_led_init
 .text.at32_led_on
                0x00000000080021d4       0x48 ./bsp/at32f403a_407_board.o
                0x00000000080021d4                at32_led_on
 .text.at32_led_off
                0x000000000800221c       0x48 ./bsp/at32f403a_407_board.o
                0x000000000800221c                at32_led_off
 .text.delay_init
                0x0000000008002264       0x40 ./bsp/at32f403a_407_board.o
                0x0000000008002264                delay_init
 .text.delay_ms
                0x00000000080022a4       0x98 ./bsp/at32f403a_407_board.o
                0x00000000080022a4                delay_ms
 .text.__libc_init_array
                0x000000000800233c       0x48 /home/user/Documents/AT32_IDE_V1.0.09_Linux-x86_64/AT32IDE_V1.0.09_Linux-x86_64/platform/tools/gcc-arm-none-eabi-10.3-2021.10/bin/../lib/gcc/arm-none-eabi/10.3.1/../../../../arm-none-eabi/lib/thumb/v7e-m+fp/hard/libg_nano.a(lib_a-init.o)
                0x000000000800233c                __libc_init_array
 *(.glue_7)
 .glue_7        0x0000000008002384        0x0 linker stubs
 *(.glue_7t)
 .glue_7t       0x0000000008002384        0x0 linker stubs
 *(.eh_frame)
 .eh_frame      0x0000000008002384        0x0 /home/user/Documents/AT32_IDE_V1.0.09_Linux-x86_64/AT32IDE_V1.0.09_Linux-x86_64/platform/tools/gcc-arm-none-eabi-10.3-2021.10/bin/../lib/gcc/arm-none-eabi/10.3.1/thumb/v7e-m+fp/hard/crtbegin.o
 *(.init)
 .init          0x0000000008002384        0x4 /home/user/Documents/AT32_IDE_V1.0.09_Linux-x86_64/AT32IDE_V1.0.09_Linux-x86_64/platform/tools/gcc-arm-none-eabi-10.3-2021.10/bin/../lib/gcc/arm-none-eabi/10.3.1/thumb/v7e-m+fp/hard/crti.o
                0x0000000008002384                _init
 .init          0x0000000008002388        0x8 /home/user/Documents/AT32_IDE_V1.0.09_Linux-x86_64/AT32IDE_V1.0.09_Linux-x86_64/platform/tools/gcc-arm-none-eabi-10.3-2021.10/bin/../lib/gcc/arm-none-eabi/10.3.1/thumb/v7e-m+fp/hard/crtn.o
 *(.fini)
 .fini          0x0000000008002390        0x4 /home/user/Documents/AT32_IDE_V1.0.09_Linux-x86_64/AT32IDE_V1.0.09_Linux-x86_64/platform/tools/gcc-arm-none-eabi-10.3-2021.10/bin/../lib/gcc/arm-none-eabi/10.3.1/thumb/v7e-m+fp/hard/crti.o
                0x0000000008002390                _fini
 .fini          0x0000000008002394        0x8 /home/user/Documents/AT32_IDE_V1.0.09_Linux-x86_64/AT32IDE_V1.0.09_Linux-x86_64/platform/tools/gcc-arm-none-eabi-10.3-2021.10/bin/../lib/gcc/arm-none-eabi/10.3.1/thumb/v7e-m+fp/hard/crtn.o
                0x000000000800239c                . = ALIGN (0x4)
                0x000000000800239c                _etext = .

.vfp11_veneer   0x000000000800239c        0x0
 .vfp11_veneer  0x000000000800239c        0x0 linker stubs

.v4_bx          0x000000000800239c        0x0
 .v4_bx         0x000000000800239c        0x0 linker stubs

.iplt           0x000000000800239c        0x0
 .iplt          0x000000000800239c        0x0 /home/user/Documents/AT32_IDE_V1.0.09_Linux-x86_64/AT32IDE_V1.0.09_Linux-x86_64/platform/tools/gcc-arm-none-eabi-10.3-2021.10/bin/../lib/gcc/arm-none-eabi/10.3.1/thumb/v7e-m+fp/hard/crtbegin.o

.rodata         0x000000000800239c       0x4c
                0x000000000800239c                . = ALIGN (0x4)
 *(.rodata)
 .rodata        0x000000000800239c       0x14 ./user/main.o
 .rodata        0x00000000080023b0       0x28 ./firmware/at32f403a_407_crm.o
 .rodata        0x00000000080023d8       0x10 ./cmsis/system_at32f403a_407.o
 *(.rodata*)
                0x00000000080023e8                . = ALIGN (0x4)

.ARM.extab
 *(.ARM.extab* .gnu.linkonce.armextab.*)

.ARM            0x00000000080023e8        0x8
                0x00000000080023e8                __exidx_start = .
 *(.ARM.exidx*)
 .ARM.exidx     0x00000000080023e8        0x8 /home/user/Documents/AT32_IDE_V1.0.09_Linux-x86_64/AT32IDE_V1.0.09_Linux-x86_64/platform/tools/gcc-arm-none-eabi-10.3-2021.10/bin/../lib/gcc/arm-none-eabi/10.3.1/thumb/v7e-m+fp/hard/libgcc.a(_udivmoddi4.o)
                0x00000000080023f0                __exidx_end = .

.rel.dyn        0x00000000080023f0        0x0
 .rel.iplt      0x00000000080023f0        0x0 /home/user/Documents/AT32_IDE_V1.0.09_Linux-x86_64/AT32IDE_V1.0.09_Linux-x86_64/platform/tools/gcc-arm-none-eabi-10.3-2021.10/bin/../lib/gcc/arm-none-eabi/10.3.1/thumb/v7e-m+fp/hard/crtbegin.o

.preinit_array  0x00000000080023f0        0x0
                0x00000000080023f0                PROVIDE (__preinit_array_start = .)
 *(.preinit_array*)
                0x00000000080023f0                PROVIDE (__preinit_array_end = .)

.init_array     0x00000000080023f0        0x4
                0x00000000080023f0                PROVIDE (__init_array_start = .)
 *(SORT_BY_NAME(.init_array.*))
 *(.init_array*)
 .init_array    0x00000000080023f0        0x4 /home/user/Documents/AT32_IDE_V1.0.09_Linux-x86_64/AT32IDE_V1.0.09_Linux-x86_64/platform/tools/gcc-arm-none-eabi-10.3-2021.10/bin/../lib/gcc/arm-none-eabi/10.3.1/thumb/v7e-m+fp/hard/crtbegin.o
                0x00000000080023f4                PROVIDE (__init_array_end = .)

.fini_array     0x00000000080023f4        0x4
                [!provide]                        PROVIDE (__fini_array_start = .)
 *(SORT_BY_NAME(.fini_array.*))
 *(.fini_array*)
 .fini_array    0x00000000080023f4        0x4 /home/user/Documents/AT32_IDE_V1.0.09_Linux-x86_64/AT32IDE_V1.0.09_Linux-x86_64/platform/tools/gcc-arm-none-eabi-10.3-2021.10/bin/../lib/gcc/arm-none-eabi/10.3.1/thumb/v7e-m+fp/hard/crtbegin.o
                [!provide]                        PROVIDE (__fini_array_end = .)
                0x00000000080023f8                _sidata = LOADADDR (.data)

.data           0x0000000020000000       0x2c load address 0x00000000080023f8
                0x0000000020000000                . = ALIGN (0x4)
                0x0000000020000000                _sdata = .
 *(.data)
 .data          0x0000000020000000        0x3 ./user/main.o
                0x0000000020000000                usart2_tx_buffer
                0x0000000020000002                usart2_tx_buffer_size
 *fill*         0x0000000020000003        0x1 
 .data          0x0000000020000004        0x4 ./cmsis/system_at32f403a_407.o
                0x0000000020000004                system_core_clock
 .data          0x0000000020000008       0x21 ./bsp/at32f403a_407_board.o
                0x0000000020000008                led_gpio_port
                0x0000000020000014                led_gpio_pin
                0x000000002000001c                led_gpio_crm_clk
 *(.data*)
                0x000000002000002c                . = ALIGN (0x4)
 *fill*         0x0000000020000029        0x3 
                0x000000002000002c                _edata = .
                0x0000000008400000                _spim_init_base = LOADADDR (.spim)
                0x0000000000000000                _spim_init_length = SIZEOF (.spim)

.igot.plt       0x000000002000002c        0x0 load address 0x0000000008002424
 .igot.plt      0x000000002000002c        0x0 /home/user/Documents/AT32_IDE_V1.0.09_Linux-x86_64/AT32IDE_V1.0.09_Linux-x86_64/platform/tools/gcc-arm-none-eabi-10.3-2021.10/bin/../lib/gcc/arm-none-eabi/10.3.1/thumb/v7e-m+fp/hard/crtbegin.o

.spim           0x0000000008400000        0x0
                0x0000000008400000                . = ALIGN (0x4)
                0x0000000008400000                _spim_start = .
 *(.spim)
 *(.spim*)
                0x0000000008400000                . = ALIGN (0x4)
                0x0000000008400000                _spim_end = .
                0x0000000008400000                . = ALIGN (0x4)

.bss            0x000000002000002c       0x64
                0x000000002000002c                _sbss = .
                0x000000002000002c                __bss_start__ = _sbss
 *(.bss)
 .bss           0x000000002000002c       0x1c /home/user/Documents/AT32_IDE_V1.0.09_Linux-x86_64/AT32IDE_V1.0.09_Linux-x86_64/platform/tools/gcc-arm-none-eabi-10.3-2021.10/bin/../lib/gcc/arm-none-eabi/10.3.1/thumb/v7e-m+fp/hard/crtbegin.o
 .bss           0x0000000020000048       0x3e ./user/main.o
                0x0000000020000048                usart2_rx_buffer
                0x0000000020000049                usart3_rx_buffer
                0x000000002000004a                usart2_tx_counter
                0x000000002000004b                usart3_tx_counter
                0x000000002000004c                usart2_rx_counter
                0x000000002000004d                usart3_rx_counter
                0x000000002000004e                odometr
                0x0000000020000050                odometr_div18
                0x0000000020000054                direction
                0x0000000020000058                gpio_init_struct
                0x0000000020000060                tmr_output_struct
                0x0000000020000068                crm_clocks_freq_struct
                0x000000002000007c                timer_period
                0x000000002000007e                channel1_pulse
                0x0000000020000080                channel2_pulse
                0x0000000020000082                channel3_pulse
                0x0000000020000084                channel4_pulse
 *fill*         0x0000000020000086        0x2 
 .bss           0x0000000020000088        0x8 ./bsp/at32f403a_407_board.o
 *(.bss*)
 *(COMMON)
                0x0000000020000090                . = ALIGN (0x4)
                0x0000000020000090                _ebss = .
                0x0000000020000090                __bss_end__ = _ebss

._user_heap_stack
                0x0000000020000090      0x600
                0x0000000020000090                . = ALIGN (0x8)
                [!provide]                        PROVIDE (end = .)
                [!provide]                        PROVIDE (_end = .)
                0x0000000020000290                . = (. + _Min_Heap_Size)
 *fill*         0x0000000020000090      0x200 
                0x0000000020000690                . = (. + _Min_Stack_Size)
 *fill*         0x0000000020000290      0x400 
                0x0000000020000690                . = ALIGN (0x8)

/DISCARD/
 libc.a(*)
 libm.a(*)
 libgcc.a(*)

.ARM.attributes
                0x0000000000000000       0x30
 *(.ARM.attributes)
 .ARM.attributes
                0x0000000000000000       0x1e /home/user/Documents/AT32_IDE_V1.0.09_Linux-x86_64/AT32IDE_V1.0.09_Linux-x86_64/platform/tools/gcc-arm-none-eabi-10.3-2021.10/bin/../lib/gcc/arm-none-eabi/10.3.1/thumb/v7e-m+fp/hard/crti.o
 .ARM.attributes
                0x000000000000001e       0x34 /home/user/Documents/AT32_IDE_V1.0.09_Linux-x86_64/AT32IDE_V1.0.09_Linux-x86_64/platform/tools/gcc-arm-none-eabi-10.3-2021.10/bin/../lib/gcc/arm-none-eabi/10.3.1/thumb/v7e-m+fp/hard/crtbegin.o
 .ARM.attributes
                0x0000000000000052       0x34 ./user/at32f403a_407_clock.o
 .ARM.attributes
                0x0000000000000086       0x34 ./user/at32f403a_407_int.o
 .ARM.attributes
                0x00000000000000ba       0x34 ./user/main.o
 .ARM.attributes
                0x00000000000000ee       0x34 ./firmware/at32f403a_407_crm.o
 .ARM.attributes
                0x0000000000000122       0x34 ./firmware/at32f403a_407_exint.o
 .ARM.attributes
                0x0000000000000156       0x34 ./firmware/at32f403a_407_gpio.o
 .ARM.attributes
                0x000000000000018a       0x34 ./firmware/at32f403a_407_misc.o
 .ARM.attributes
                0x00000000000001be       0x34 ./firmware/at32f403a_407_tmr.o
 .ARM.attributes
                0x00000000000001f2       0x34 ./firmware/at32f403a_407_usart.o
 .ARM.attributes
                0x0000000000000226       0x21 ./cmsis/startup_at32f403a_407.o
 .ARM.attributes
                0x0000000000000247       0x34 ./cmsis/system_at32f403a_407.o
 .ARM.attributes
                0x000000000000027b       0x34 ./bsp/at32f403a_407_board.o
 .ARM.attributes
                0x00000000000002af       0x1e /home/user/Documents/AT32_IDE_V1.0.09_Linux-x86_64/AT32IDE_V1.0.09_Linux-x86_64/platform/tools/gcc-arm-none-eabi-10.3-2021.10/bin/../lib/gcc/arm-none-eabi/10.3.1/thumb/v7e-m+fp/hard/libgcc.a(_aeabi_ldivmod.o)
 .ARM.attributes
                0x00000000000002cd       0x34 /home/user/Documents/AT32_IDE_V1.0.09_Linux-x86_64/AT32IDE_V1.0.09_Linux-x86_64/platform/tools/gcc-arm-none-eabi-10.3-2021.10/bin/../lib/gcc/arm-none-eabi/10.3.1/thumb/v7e-m+fp/hard/libgcc.a(_udivmoddi4.o)
 .ARM.attributes
                0x0000000000000301       0x1e /home/user/Documents/AT32_IDE_V1.0.09_Linux-x86_64/AT32IDE_V1.0.09_Linux-x86_64/platform/tools/gcc-arm-none-eabi-10.3-2021.10/bin/../lib/gcc/arm-none-eabi/10.3.1/thumb/v7e-m+fp/hard/libgcc.a(_dvmd_tls.o)
 .ARM.attributes
                0x000000000000031f       0x34 /home/user/Documents/AT32_IDE_V1.0.09_Linux-x86_64/AT32IDE_V1.0.09_Linux-x86_64/platform/tools/gcc-arm-none-eabi-10.3-2021.10/bin/../lib/gcc/arm-none-eabi/10.3.1/../../../../arm-none-eabi/lib/thumb/v7e-m+fp/hard/libg_nano.a(lib_a-init.o)
 .ARM.attributes
                0x0000000000000353       0x1e /home/user/Documents/AT32_IDE_V1.0.09_Linux-x86_64/AT32IDE_V1.0.09_Linux-x86_64/platform/tools/gcc-arm-none-eabi-10.3-2021.10/bin/../lib/gcc/arm-none-eabi/10.3.1/thumb/v7e-m+fp/hard/crtn.o
OUTPUT(control.elf elf32-littlearm)
LOAD linker stubs
LOAD /home/user/Documents/AT32_IDE_V1.0.09_Linux-x86_64/AT32IDE_V1.0.09_Linux-x86_64/platform/tools/gcc-arm-none-eabi-10.3-2021.10/bin/../lib/gcc/arm-none-eabi/10.3.1/../../../../arm-none-eabi/lib/thumb/v7e-m+fp/hard/libc.a
LOAD /home/user/Documents/AT32_IDE_V1.0.09_Linux-x86_64/AT32IDE_V1.0.09_Linux-x86_64/platform/tools/gcc-arm-none-eabi-10.3-2021.10/bin/../lib/gcc/arm-none-eabi/10.3.1/../../../../arm-none-eabi/lib/thumb/v7e-m+fp/hard/libm.a
LOAD /home/user/Documents/AT32_IDE_V1.0.09_Linux-x86_64/AT32IDE_V1.0.09_Linux-x86_64/platform/tools/gcc-arm-none-eabi-10.3-2021.10/bin/../lib/gcc/arm-none-eabi/10.3.1/thumb/v7e-m+fp/hard/libgcc.a

.debug_info     0x0000000000000000     0xf4f9
 .debug_info    0x0000000000000000      0x3cc ./user/at32f403a_407_clock.o
 .debug_info    0x00000000000003cc     0x122c ./user/at32f403a_407_int.o
 .debug_info    0x00000000000015f8     0x2c91 ./user/main.o
 .debug_info    0x0000000000004289     0x2375 ./firmware/at32f403a_407_crm.o
 .debug_info    0x00000000000065fe      0x54c ./firmware/at32f403a_407_exint.o
 .debug_info    0x0000000000006b4a     0x1f20 ./firmware/at32f403a_407_gpio.o
 .debug_info    0x0000000000008a6a      0x9de ./firmware/at32f403a_407_misc.o
 .debug_info    0x0000000000009448     0x26ca ./firmware/at32f403a_407_tmr.o
 .debug_info    0x000000000000bb12     0x10a6 ./firmware/at32f403a_407_usart.o
 .debug_info    0x000000000000cbb8       0x22 ./cmsis/startup_at32f403a_407.o
 .debug_info    0x000000000000cbda     0x1596 ./cmsis/system_at32f403a_407.o
 .debug_info    0x000000000000e170     0x1389 ./bsp/at32f403a_407_board.o

.debug_abbrev   0x0000000000000000     0x1496
 .debug_abbrev  0x0000000000000000       0x78 ./user/at32f403a_407_clock.o
 .debug_abbrev  0x0000000000000078      0x180 ./user/at32f403a_407_int.o
 .debug_abbrev  0x00000000000001f8      0x298 ./user/main.o
 .debug_abbrev  0x0000000000000490      0x229 ./firmware/at32f403a_407_crm.o
 .debug_abbrev  0x00000000000006b9      0x17b ./firmware/at32f403a_407_exint.o
 .debug_abbrev  0x0000000000000834      0x215 ./firmware/at32f403a_407_gpio.o
 .debug_abbrev  0x0000000000000a49      0x245 ./firmware/at32f403a_407_misc.o
 .debug_abbrev  0x0000000000000c8e      0x1e5 ./firmware/at32f403a_407_tmr.o
 .debug_abbrev  0x0000000000000e73      0x248 ./firmware/at32f403a_407_usart.o
 .debug_abbrev  0x00000000000010bb       0x12 ./cmsis/startup_at32f403a_407.o
 .debug_abbrev  0x00000000000010cd      0x187 ./cmsis/system_at32f403a_407.o
 .debug_abbrev  0x0000000000001254      0x242 ./bsp/at32f403a_407_board.o

.debug_aranges  0x0000000000000000      0x748
 .debug_aranges
                0x0000000000000000       0x20 ./user/at32f403a_407_clock.o
 .debug_aranges
                0x0000000000000020       0x78 ./user/at32f403a_407_int.o
 .debug_aranges
                0x0000000000000098       0x40 ./user/main.o
 .debug_aranges
                0x00000000000000d8      0x138 ./firmware/at32f403a_407_crm.o
 .debug_aranges
                0x0000000000000210       0x60 ./firmware/at32f403a_407_exint.o
 .debug_aranges
                0x0000000000000270       0xa8 ./firmware/at32f403a_407_gpio.o
 .debug_aranges
                0x0000000000000318       0x88 ./firmware/at32f403a_407_misc.o
 .debug_aranges
                0x00000000000003a0      0x1d8 ./firmware/at32f403a_407_tmr.o
 .debug_aranges
                0x0000000000000578      0x108 ./firmware/at32f403a_407_usart.o
 .debug_aranges
                0x0000000000000680       0x28 ./cmsis/startup_at32f403a_407.o
 .debug_aranges
                0x00000000000006a8       0x28 ./cmsis/system_at32f403a_407.o
 .debug_aranges
                0x00000000000006d0       0x78 ./bsp/at32f403a_407_board.o

.debug_ranges   0x0000000000000000      0x690
 .debug_ranges  0x0000000000000000       0x10 ./user/at32f403a_407_clock.o
 .debug_ranges  0x0000000000000010       0x68 ./user/at32f403a_407_int.o
 .debug_ranges  0x0000000000000078       0x30 ./user/main.o
 .debug_ranges  0x00000000000000a8      0x128 ./firmware/at32f403a_407_crm.o
 .debug_ranges  0x00000000000001d0       0x50 ./firmware/at32f403a_407_exint.o
 .debug_ranges  0x0000000000000220       0x98 ./firmware/at32f403a_407_gpio.o
 .debug_ranges  0x00000000000002b8       0x78 ./firmware/at32f403a_407_misc.o
 .debug_ranges  0x0000000000000330      0x1c8 ./firmware/at32f403a_407_tmr.o
 .debug_ranges  0x00000000000004f8       0xf8 ./firmware/at32f403a_407_usart.o
 .debug_ranges  0x00000000000005f0       0x20 ./cmsis/startup_at32f403a_407.o
 .debug_ranges  0x0000000000000610       0x18 ./cmsis/system_at32f403a_407.o
 .debug_ranges  0x0000000000000628       0x68 ./bsp/at32f403a_407_board.o

.debug_line     0x0000000000000000     0x4155
 .debug_line    0x0000000000000000      0x267 ./user/at32f403a_407_clock.o
 .debug_line    0x0000000000000267      0x31a ./user/at32f403a_407_int.o
 .debug_line    0x0000000000000581      0x6ca ./user/main.o
 .debug_line    0x0000000000000c4b      0x9ad ./firmware/at32f403a_407_crm.o
 .debug_line    0x00000000000015f8      0x3be ./firmware/at32f403a_407_exint.o
 .debug_line    0x00000000000019b6      0x60b ./firmware/at32f403a_407_gpio.o
 .debug_line    0x0000000000001fc1      0x4cb ./firmware/at32f403a_407_misc.o
 .debug_line    0x000000000000248c      0xc87 ./firmware/at32f403a_407_tmr.o
 .debug_line    0x0000000000003113      0x6aa ./firmware/at32f403a_407_usart.o
 .debug_line    0x00000000000037bd       0x7c ./cmsis/startup_at32f403a_407.o
 .debug_line    0x0000000000003839      0x3c3 ./cmsis/system_at32f403a_407.o
 .debug_line    0x0000000000003bfc      0x559 ./bsp/at32f403a_407_board.o

.debug_str      0x0000000000000000     0x5fcb
 .debug_str     0x0000000000000000      0x7bb ./user/at32f403a_407_clock.o
                                        0x7fe (size before relaxing)
 .debug_str     0x00000000000007bb      0x5b2 ./user/at32f403a_407_int.o
                                        0x749 (size before relaxing)
 .debug_str     0x0000000000000d6d     0x186e ./user/main.o
                                       0x1e22 (size before relaxing)
 .debug_str     0x00000000000025db     0x1408 ./firmware/at32f403a_407_crm.o
                                       0x214f (size before relaxing)
 .debug_str     0x00000000000039e3       0xff ./firmware/at32f403a_407_exint.o
                                        0x431 (size before relaxing)
 .debug_str     0x0000000000003ae2      0x703 ./firmware/at32f403a_407_gpio.o
                                       0x139f (size before relaxing)
 .debug_str     0x00000000000041e5      0x3b5 ./firmware/at32f403a_407_misc.o
                                        0xada (size before relaxing)
 .debug_str     0x000000000000459a     0x126b ./firmware/at32f403a_407_tmr.o
                                       0x2011 (size before relaxing)
 .debug_str     0x0000000000005805      0x602 ./firmware/at32f403a_407_usart.o
                                        0xdef (size before relaxing)
 .debug_str     0x0000000000005e07       0x2f ./cmsis/startup_at32f403a_407.o
                                         0x5e (size before relaxing)
 .debug_str     0x0000000000005e36       0x68 ./cmsis/system_at32f403a_407.o
                                        0xaf7 (size before relaxing)
 .debug_str     0x0000000000005e9e      0x12d ./bsp/at32f403a_407_board.o
                                        0xe64 (size before relaxing)

.comment        0x0000000000000000       0x49
 .comment       0x0000000000000000       0x49 ./user/at32f403a_407_clock.o
                                         0x4a (size before relaxing)
 .comment       0x0000000000000049       0x4a ./user/at32f403a_407_int.o
 .comment       0x0000000000000049       0x4a ./user/main.o
 .comment       0x0000000000000049       0x4a ./firmware/at32f403a_407_crm.o
 .comment       0x0000000000000049       0x4a ./firmware/at32f403a_407_exint.o
 .comment       0x0000000000000049       0x4a ./firmware/at32f403a_407_gpio.o
 .comment       0x0000000000000049       0x4a ./firmware/at32f403a_407_misc.o
 .comment       0x0000000000000049       0x4a ./firmware/at32f403a_407_tmr.o
 .comment       0x0000000000000049       0x4a ./firmware/at32f403a_407_usart.o
 .comment       0x0000000000000049       0x4a ./cmsis/system_at32f403a_407.o
 .comment       0x0000000000000049       0x4a ./bsp/at32f403a_407_board.o

.debug_frame    0x0000000000000000     0x1e64
 .debug_frame   0x0000000000000000       0x2c ./user/at32f403a_407_clock.o
 .debug_frame   0x000000000000002c      0x168 ./user/at32f403a_407_int.o
 .debug_frame   0x0000000000000194       0xc8 ./user/main.o
 .debug_frame   0x000000000000025c      0x590 ./firmware/at32f403a_407_crm.o
 .debug_frame   0x00000000000007ec      0x170 ./firmware/at32f403a_407_exint.o
 .debug_frame   0x000000000000095c      0x2d0 ./firmware/at32f403a_407_gpio.o
 .debug_frame   0x0000000000000c2c      0x210 ./firmware/at32f403a_407_misc.o
 .debug_frame   0x0000000000000e3c      0x8c4 ./firmware/at32f403a_407_tmr.o
 .debug_frame   0x0000000000001700      0x4b8 ./firmware/at32f403a_407_usart.o
 .debug_frame   0x0000000000001bb8       0x54 ./cmsis/system_at32f403a_407.o
 .debug_frame   0x0000000000001c0c      0x1b4 ./bsp/at32f403a_407_board.o
 .debug_frame   0x0000000000001dc0       0x44 /home/user/Documents/AT32_IDE_V1.0.09_Linux-x86_64/AT32IDE_V1.0.09_Linux-x86_64/platform/tools/gcc-arm-none-eabi-10.3-2021.10/bin/../lib/gcc/arm-none-eabi/10.3.1/thumb/v7e-m+fp/hard/libgcc.a(_aeabi_ldivmod.o)
 .debug_frame   0x0000000000001e04       0x34 /home/user/Documents/AT32_IDE_V1.0.09_Linux-x86_64/AT32IDE_V1.0.09_Linux-x86_64/platform/tools/gcc-arm-none-eabi-10.3-2021.10/bin/../lib/gcc/arm-none-eabi/10.3.1/thumb/v7e-m+fp/hard/libgcc.a(_udivmoddi4.o)
 .debug_frame   0x0000000000001e38       0x2c /home/user/Documents/AT32_IDE_V1.0.09_Linux-x86_64/AT32IDE_V1.0.09_Linux-x86_64/platform/tools/gcc-arm-none-eabi-10.3-2021.10/bin/../lib/gcc/arm-none-eabi/10.3.1/../../../../arm-none-eabi/lib/thumb/v7e-m+fp/hard/libg_nano.a(lib_a-init.o)
