Archive member included to satisfy reference by file (symbol)

/home/user/Documents/AT32_IDE_V1.0.09_Linux-x86_64/AT32IDE_V1.0.09_Linux-x86_64/platform/tools/gcc-arm-none-eabi-10.3-2021.10/bin/../lib/gcc/arm-none-eabi/10.3.1/../../../../arm-none-eabi/lib/thumb/v7e-m+fp/hard/libg_nano.a(lib_a-exit.o)
                              /home/user/Documents/AT32_IDE_V1.0.09_Linux-x86_64/AT32IDE_V1.0.09_Linux-x86_64/platform/tools/gcc-arm-none-eabi-10.3-2021.10/bin/../lib/gcc/arm-none-eabi/10.3.1/../../../../arm-none-eabi/lib/thumb/v7e-m+fp/hard/crt0.o (exit)
/home/user/Documents/AT32_IDE_V1.0.09_Linux-x86_64/AT32IDE_V1.0.09_Linux-x86_64/platform/tools/gcc-arm-none-eabi-10.3-2021.10/bin/../lib/gcc/arm-none-eabi/10.3.1/../../../../arm-none-eabi/lib/thumb/v7e-m+fp/hard/libg_nano.a(lib_a-impure.o)
                              /home/user/Documents/AT32_IDE_V1.0.09_Linux-x86_64/AT32IDE_V1.0.09_Linux-x86_64/platform/tools/gcc-arm-none-eabi-10.3-2021.10/bin/../lib/gcc/arm-none-eabi/10.3.1/../../../../arm-none-eabi/lib/thumb/v7e-m+fp/hard/libg_nano.a(lib_a-exit.o) (_global_impure_ptr)
/home/user/Documents/AT32_IDE_V1.0.09_Linux-x86_64/AT32IDE_V1.0.09_Linux-x86_64/platform/tools/gcc-arm-none-eabi-10.3-2021.10/bin/../lib/gcc/arm-none-eabi/10.3.1/../../../../arm-none-eabi/lib/thumb/v7e-m+fp/hard/libg_nano.a(lib_a-init.o)
                              /home/user/Documents/AT32_IDE_V1.0.09_Linux-x86_64/AT32IDE_V1.0.09_Linux-x86_64/platform/tools/gcc-arm-none-eabi-10.3-2021.10/bin/../lib/gcc/arm-none-eabi/10.3.1/../../../../arm-none-eabi/lib/thumb/v7e-m+fp/hard/crt0.o (__libc_init_array)
/home/user/Documents/AT32_IDE_V1.0.09_Linux-x86_64/AT32IDE_V1.0.09_Linux-x86_64/platform/tools/gcc-arm-none-eabi-10.3-2021.10/bin/../lib/gcc/arm-none-eabi/10.3.1/../../../../arm-none-eabi/lib/thumb/v7e-m+fp/hard/libg_nano.a(lib_a-memset.o)
                              /home/user/Documents/AT32_IDE_V1.0.09_Linux-x86_64/AT32IDE_V1.0.09_Linux-x86_64/platform/tools/gcc-arm-none-eabi-10.3-2021.10/bin/../lib/gcc/arm-none-eabi/10.3.1/../../../../arm-none-eabi/lib/thumb/v7e-m+fp/hard/crt0.o (memset)
/home/user/Documents/AT32_IDE_V1.0.09_Linux-x86_64/AT32IDE_V1.0.09_Linux-x86_64/platform/tools/gcc-arm-none-eabi-10.3-2021.10/bin/../lib/gcc/arm-none-eabi/10.3.1/../../../../arm-none-eabi/lib/thumb/v7e-m+fp/hard/libg_nano.a(lib_a-snprintf.o)
                              ./user/main.o (snprintf)
/home/user/Documents/AT32_IDE_V1.0.09_Linux-x86_64/AT32IDE_V1.0.09_Linux-x86_64/platform/tools/gcc-arm-none-eabi-10.3-2021.10/bin/../lib/gcc/arm-none-eabi/10.3.1/../../../../arm-none-eabi/lib/thumb/v7e-m+fp/hard/libg_nano.a(lib_a-strlen.o)
                              ./user/main.o (strlen)
/home/user/Documents/AT32_IDE_V1.0.09_Linux-x86_64/AT32IDE_V1.0.09_Linux-x86_64/platform/tools/gcc-arm-none-eabi-10.3-2021.10/bin/../lib/gcc/arm-none-eabi/10.3.1/../../../../arm-none-eabi/lib/thumb/v7e-m+fp/hard/libg_nano.a(lib_a-nano-svfprintf.o)
                              /home/user/Documents/AT32_IDE_V1.0.09_Linux-x86_64/AT32IDE_V1.0.09_Linux-x86_64/platform/tools/gcc-arm-none-eabi-10.3-2021.10/bin/../lib/gcc/arm-none-eabi/10.3.1/../../../../arm-none-eabi/lib/thumb/v7e-m+fp/hard/libg_nano.a(lib_a-snprintf.o) (_svfprintf_r)
/home/user/Documents/AT32_IDE_V1.0.09_Linux-x86_64/AT32IDE_V1.0.09_Linux-x86_64/platform/tools/gcc-arm-none-eabi-10.3-2021.10/bin/../lib/gcc/arm-none-eabi/10.3.1/../../../../arm-none-eabi/lib/thumb/v7e-m+fp/hard/libg_nano.a(lib_a-nano-vfprintf_i.o)
                              /home/user/Documents/AT32_IDE_V1.0.09_Linux-x86_64/AT32IDE_V1.0.09_Linux-x86_64/platform/tools/gcc-arm-none-eabi-10.3-2021.10/bin/../lib/gcc/arm-none-eabi/10.3.1/../../../../arm-none-eabi/lib/thumb/v7e-m+fp/hard/libg_nano.a(lib_a-nano-svfprintf.o) (_printf_i)
/home/user/Documents/AT32_IDE_V1.0.09_Linux-x86_64/AT32IDE_V1.0.09_Linux-x86_64/platform/tools/gcc-arm-none-eabi-10.3-2021.10/bin/../lib/gcc/arm-none-eabi/10.3.1/../../../../arm-none-eabi/lib/thumb/v7e-m+fp/hard/libg_nano.a(lib_a-memchr.o)
                              /home/user/Documents/AT32_IDE_V1.0.09_Linux-x86_64/AT32IDE_V1.0.09_Linux-x86_64/platform/tools/gcc-arm-none-eabi-10.3-2021.10/bin/../lib/gcc/arm-none-eabi/10.3.1/../../../../arm-none-eabi/lib/thumb/v7e-m+fp/hard/libg_nano.a(lib_a-nano-svfprintf.o) (memchr)
/home/user/Documents/AT32_IDE_V1.0.09_Linux-x86_64/AT32IDE_V1.0.09_Linux-x86_64/platform/tools/gcc-arm-none-eabi-10.3-2021.10/bin/../lib/gcc/arm-none-eabi/10.3.1/../../../../arm-none-eabi/lib/thumb/v7e-m+fp/hard/libg_nano.a(lib_a-memcpy-stub.o)
                              /home/user/Documents/AT32_IDE_V1.0.09_Linux-x86_64/AT32IDE_V1.0.09_Linux-x86_64/platform/tools/gcc-arm-none-eabi-10.3-2021.10/bin/../lib/gcc/arm-none-eabi/10.3.1/../../../../arm-none-eabi/lib/thumb/v7e-m+fp/hard/libg_nano.a(lib_a-nano-svfprintf.o) (memcpy)
[...]
Memory Configuration

Name             Origin             Length             Attributes
FLASH            0x0000000008000000 0x0000000000100000 xr
RAM              0x0000000020000000 0x0000000000018000 xrw
SPIM             0x0000000008400000 0x0000000001000000 xr
*default*        0x0000000000000000 0xffffffffffffffff

Linker script and memory map

LOAD /home/user/Documents/AT32_IDE_V1.0.09_Linux-x86_64/AT32IDE_V1.0.09_Linux-x86_64/platform/tools/gcc-arm-none-eabi-10.3-2021.10/bin/../lib/gcc/arm-none-eabi/10.3.1/thumb/v7e-m+fp/hard/crti.o
LOAD /home/user/Documents/AT32_IDE_V1.0.09_Linux-x86_64/AT32IDE_V1.0.09_Linux-x86_64/platform/tools/gcc-arm-none-eabi-10.3-2021.10/bin/../lib/gcc/arm-none-eabi/10.3.1/thumb/v7e-m+fp/hard/crtbegin.o
LOAD /home/user/Documents/AT32_IDE_V1.0.09_Linux-x86_64/AT32IDE_V1.0.09_Linux-x86_64/platform/tools/gcc-arm-none-eabi-10.3-2021.10/bin/../lib/gcc/arm-none-eabi/10.3.1/../../../../arm-none-eabi/lib/thumb/v7e-m+fp/hard/crt0.o
LOAD ./user/at32f403a_407_clock.o
LOAD ./user/at32f403a_407_int.o
LOAD ./user/i2c_application.o
LOAD ./user/main.o
LOAD ./firmware/at32f403a_407_acc.o
LOAD ./firmware/at32f403a_407_adc.o
LOAD ./firmware/at32f403a_407_bpr.o
LOAD ./firmware/at32f403a_407_can.o
LOAD ./firmware/at32f403a_407_crc.o
LOAD ./firmware/at32f403a_407_crm.o
LOAD ./firmware/at32f403a_407_dac.o
LOAD ./firmware/at32f403a_407_debug.o
LOAD ./firmware/at32f403a_407_dma.o
LOAD ./firmware/at32f403a_407_emac.o
LOAD ./firmware/at32f403a_407_exint.o
LOAD ./firmware/at32f403a_407_flash.o
LOAD ./firmware/at32f403a_407_gpio.o
LOAD ./firmware/at32f403a_407_i2c.o
LOAD ./firmware/at32f403a_407_misc.o
LOAD ./firmware/at32f403a_407_pwc.o
LOAD ./firmware/at32f403a_407_rtc.o
LOAD ./firmware/at32f403a_407_sdio.o
LOAD ./firmware/at32f403a_407_spi.o
LOAD ./firmware/at32f403a_407_tmr.o
LOAD ./firmware/at32f403a_407_usart.o
LOAD ./firmware/at32f403a_407_usb.o
LOAD ./firmware/at32f403a_407_wdt.o
LOAD ./firmware/at32f403a_407_wwdt.o
LOAD ./firmware/at32f403a_407_xmc.o
LOAD ./cmsis/startup_at32f403a_407.o
LOAD ./cmsis/system_at32f403a_407.o
LOAD ./bsp/at32f403a_407_board.o
START GROUP
LOAD /home/user/Documents/AT32_IDE_V1.0.09_Linux-x86_64/AT32IDE_V1.0.09_Linux-x86_64/platform/tools/gcc-arm-none-eabi-10.3-2021.10/bin/../lib/gcc/arm-none-eabi/10.3.1/thumb/v7e-m+fp/hard/libgcc.a
LOAD /home/user/Documents/AT32_IDE_V1.0.09_Linux-x86_64/AT32IDE_V1.0.09_Linux-x86_64/platform/tools/gcc-arm-none-eabi-10.3-2021.10/bin/../lib/gcc/arm-none-eabi/10.3.1/../../../../arm-none-eabi/lib/thumb/v7e-m+fp/hard/libg_nano.a
LOAD /home/user/Documents/AT32_IDE_V1.0.09_Linux-x86_64/AT32IDE_V1.0.09_Linux-x86_64/platform/tools/gcc-arm-none-eabi-10.3-2021.10/bin/../lib/gcc/arm-none-eabi/10.3.1/../../../../arm-none-eabi/lib/thumb/v7e-m+fp/hard/libc_nano.a
END GROUP
START GROUP
LOAD /home/user/Documents/AT32_IDE_V1.0.09_Linux-x86_64/AT32IDE_V1.0.09_Linux-x86_64/platform/tools/gcc-arm-none-eabi-10.3-2021.10/bin/../lib/gcc/arm-none-eabi/10.3.1/thumb/v7e-m+fp/hard/libgcc.a
LOAD /home/user/Documents/AT32_IDE_V1.0.09_Linux-x86_64/AT32IDE_V1.0.09_Linux-x86_64/platform/tools/gcc-arm-none-eabi-10.3-2021.10/bin/../lib/gcc/arm-none-eabi/10.3.1/../../../../arm-none-eabi/lib/thumb/v7e-m+fp/hard/libc_nano.a
LOAD /home/user/Documents/AT32_IDE_V1.0.09_Linux-x86_64/AT32IDE_V1.0.09_Linux-x86_64/platform/tools/gcc-arm-none-eabi-10.3-2021.10/bin/../lib/gcc/arm-none-eabi/10.3.1/../../../../arm-none-eabi/lib/thumb/v7e-m+fp/hard/libnosys.a
END GROUP
START GROUP
LOAD /home/user/Documents/AT32_IDE_V1.0.09_Linux-x86_64/AT32IDE_V1.0.09_Linux-x86_64/platform/tools/gcc-arm-none-eabi-10.3-2021.10/bin/../lib/gcc/arm-none-eabi/10.3.1/thumb/v7e-m+fp/hard/libgcc.a
LOAD /home/user/Documents/AT32_IDE_V1.0.09_Linux-x86_64/AT32IDE_V1.0.09_Linux-x86_64/platform/tools/gcc-arm-none-eabi-10.3-2021.10/bin/../lib/gcc/arm-none-eabi/10.3.1/../../../../arm-none-eabi/lib/thumb/v7e-m+fp/hard/libc_nano.a
LOAD /home/user/Documents/AT32_IDE_V1.0.09_Linux-x86_64/AT32IDE_V1.0.09_Linux-x86_64/platform/tools/gcc-arm-none-eabi-10.3-2021.10/bin/../lib/gcc/arm-none-eabi/10.3.1/../../../../arm-none-eabi/lib/thumb/v7e-m+fp/hard/libnosys.a
END GROUP
LOAD /home/user/Documents/AT32_IDE_V1.0.09_Linux-x86_64/AT32IDE_V1.0.09_Linux-x86_64/platform/tools/gcc-arm-none-eabi-10.3-2021.10/bin/../lib/gcc/arm-none-eabi/10.3.1/thumb/v7e-m+fp/hard/crtend.o
LOAD /home/user/Documents/AT32_IDE_V1.0.09_Linux-x86_64/AT32IDE_V1.0.09_Linux-x86_64/platform/tools/gcc-arm-none-eabi-10.3-2021.10/bin/../lib/gcc/arm-none-eabi/10.3.1/thumb/v7e-m+fp/hard/crtn.o
                0x0000000020018000                _estack = 0x20018000
                0x0000000000000200                _Min_Heap_Size = 0x200
                0x0000000000000400                _Min_Stack_Size = 0x400

.isr_vector     0x0000000008000000      0x184
                0x0000000008000000                . = ALIGN (0x4)
 *(.isr_vector)
 .isr_vector    0x0000000008000000      0x184 ./cmsis/startup_at32f403a_407.o
                0x0000000008000000                g_pfnVectors
                0x0000000008000184                . = ALIGN (0x4)

.text           0x0000000008000190     0x270c
                0x0000000008000190                . = ALIGN (0x4)
 *(.text)
 .text          0x0000000008000190       0x40 /home/user/Documents/AT32_IDE_V1.0.09_Linux-x86_64/AT32IDE_V1.0.09_Linux-x86_64/platform/tools/gcc-arm-none-eabi-10.3-2021.10/bin/../lib/gcc/arm-none-eabi/10.3.1/thumb/v7e-m+fp/hard/crtbegin.o
 .text          0x00000000080001d0       0x10 /home/user/Documents/AT32_IDE_V1.0.09_Linux-x86_64/AT32IDE_V1.0.09_Linux-x86_64/platform/tools/gcc-arm-none-eabi-10.3-2021.10/bin/../lib/gcc/arm-none-eabi/10.3.1/../../../../arm-none-eabi/lib/thumb/v7e-m+fp/hard/libg_nano.a(lib_a-strlen.o)
                0x00000000080001d0                strlen
 .text          0x00000000080001e0       0xa0 /home/user/Documents/AT32_IDE_V1.0.09_Linux-x86_64/AT32IDE_V1.0.09_Linux-x86_64/platform/tools/gcc-arm-none-eabi-10.3-2021.10/bin/../lib/gcc/arm-none-eabi/10.3.1/../../../../arm-none-eabi/lib/thumb/v7e-m+fp/hard/libg_nano.a(lib_a-memchr.o)
                0x00000000080001e0                memchr
 *(.text*)
 .text.system_clock_config
                0x0000000008000280       0x7a ./user/at32f403a_407_clock.o
                0x0000000008000280                system_clock_config
 .text.NMI_Handler
                0x00000000080002fa        0xe ./user/at32f403a_407_int.o
                0x00000000080002fa                NMI_Handler
 .text.HardFault_Handler
                0x0000000008000308        0x6 ./user/at32f403a_407_int.o
                0x0000000008000308                HardFault_Handler
 .text.MemManage_Handler
                0x000000000800030e        0x6 ./user/at32f403a_407_int.o
                0x000000000800030e                MemManage_Handler
 .text.BusFault_Handler
                0x0000000008000314        0x6 ./user/at32f403a_407_int.o
                0x0000000008000314                BusFault_Handler
 .text.UsageFault_Handler
                0x000000000800031a        0x6 ./user/at32f403a_407_int.o
                0x000000000800031a                UsageFault_Handler
 .text.SVC_Handler
                0x0000000008000320        0xe ./user/at32f403a_407_int.o
                0x0000000008000320                SVC_Handler
 .text.DebugMon_Handler
                0x000000000800032e        0xe ./user/at32f403a_407_int.o
                0x000000000800032e                DebugMon_Handler
 .text.PendSV_Handler
                0x000000000800033c        0xe ./user/at32f403a_407_int.o
                0x000000000800033c                PendSV_Handler
 *fill*         0x000000000800034a        0x2 
 .text.SysTick_Handler
                0x000000000800034c       0x14 ./user/at32f403a_407_int.o
                0x000000000800034c                SysTick_Handler
 .text.EXINT15_10_IRQHandler
                0x0000000008000360       0x40 ./user/at32f403a_407_int.o
                0x0000000008000360                EXINT15_10_IRQHandler
 .text.USART2_IRQHandler
                0x00000000080003a0        0xc ./user/at32f403a_407_int.o
                0x00000000080003a0                USART2_IRQHandler
 .text.USART3_IRQHandler
                0x00000000080003ac        0xe ./user/at32f403a_407_int.o
                0x00000000080003ac                USART3_IRQHandler
 *fill*         0x00000000080003ba        0x2 
 .text.usart_configuration
                0x00000000080003bc       0xb0 ./user/main.o
                0x00000000080003bc                usart_configuration
 .text.holl_exint_init
                0x000000000800046c       0x52 ./user/main.o
                0x000000000800046c                holl_exint_init
 *fill*         0x00000000080004be        0x2 
 .text.usart2_tx_rx_handler
                0x00000000080004c0       0x5c ./user/main.o
                0x00000000080004c0                usart2_tx_rx_handler
 .text.usart2_tx_without_int
                0x000000000800051c       0x84 ./user/main.o
                0x000000000800051c                usart2_tx_without_int
 .text.main     0x00000000080005a0      0x3d4 ./user/main.o
                0x00000000080005a0                main
 .text.crm_reset
                0x0000000008000974       0x6c ./firmware/at32f403a_407_crm.o
                0x0000000008000974                crm_reset
 .text.crm_flag_get
                0x00000000080009e0       0x50 ./firmware/at32f403a_407_crm.o
                0x00000000080009e0                crm_flag_get
 .text.crm_hext_stable_wait
                0x0000000008000a30       0x4a ./firmware/at32f403a_407_crm.o
                0x0000000008000a30                crm_hext_stable_wait
 .text.crm_periph_clock_enable
                0x0000000008000a7a       0x7c ./firmware/at32f403a_407_crm.o
                0x0000000008000a7a                crm_periph_clock_enable
 *fill*         0x0000000008000af6        0x2 
 .text.crm_clock_source_enable
                0x0000000008000af8       0xa8 ./firmware/at32f403a_407_crm.o
                0x0000000008000af8                crm_clock_source_enable
 .text.crm_ahb_div_set
                0x0000000008000ba0       0x2c ./firmware/at32f403a_407_crm.o
                0x0000000008000ba0                crm_ahb_div_set
 .text.crm_apb1_div_set
                0x0000000008000bcc       0x2c ./firmware/at32f403a_407_crm.o
                0x0000000008000bcc                crm_apb1_div_set
 .text.crm_apb2_div_set
                0x0000000008000bf8       0x2c ./firmware/at32f403a_407_crm.o
                0x0000000008000bf8                crm_apb2_div_set
 .text.crm_pll_config
                0x0000000008000c24       0x9c ./firmware/at32f403a_407_crm.o
                0x0000000008000c24                crm_pll_config
 .text.crm_sysclk_switch
                0x0000000008000cc0       0x54 ./firmware/at32f403a_407_crm.o
                0x0000000008000cc0                crm_sysclk_switch
 .text.crm_sysclk_switch_status_get
                0x0000000008000d14       0x1c ./firmware/at32f403a_407_crm.o
                0x0000000008000d14                crm_sysclk_switch_status_get
 .text.crm_clocks_freq_get
                0x0000000008000d30      0x1d4 ./firmware/at32f403a_407_crm.o
                0x0000000008000d30                crm_clocks_freq_get
 .text.crm_auto_step_mode_enable
                0x0000000008000f04       0x38 ./firmware/at32f403a_407_crm.o
                0x0000000008000f04                crm_auto_step_mode_enable
 .text.crm_hext_clock_div_set
                0x0000000008000f3c       0x2c ./firmware/at32f403a_407_crm.o
                0x0000000008000f3c                crm_hext_clock_div_set
 .text.exint_default_para_init
                0x0000000008000f68       0x2c ./firmware/at32f403a_407_exint.o
                0x0000000008000f68                exint_default_para_init
 .text.exint_init
                0x0000000008000f94       0xc8 ./firmware/at32f403a_407_exint.o
                0x0000000008000f94                exint_init
 .text.gpio_init
                0x000000000800105c      0x138 ./firmware/at32f403a_407_gpio.o
                0x000000000800105c                gpio_init
 .text.gpio_default_para_init
                0x0000000008001194       0x34 ./firmware/at32f403a_407_gpio.o
                0x0000000008001194                gpio_default_para_init
 .text.gpio_bits_set
                0x00000000080011c8       0x1e ./firmware/at32f403a_407_gpio.o
                0x00000000080011c8                gpio_bits_set
 .text.gpio_bits_reset
                0x00000000080011e6       0x1e ./firmware/at32f403a_407_gpio.o
                0x00000000080011e6                gpio_bits_reset
 .text.gpio_bits_write
                0x0000000008001204       0x30 ./firmware/at32f403a_407_gpio.o
                0x0000000008001204                gpio_bits_write
 .text.gpio_exint_line_config
                0x0000000008001234       0xf8 ./firmware/at32f403a_407_gpio.o
                0x0000000008001234                gpio_exint_line_config
 .text.__NVIC_SetPriorityGrouping
                0x000000000800132c       0x48 ./firmware/at32f403a_407_misc.o
 .text.__NVIC_GetPriorityGrouping
                0x0000000008001374       0x1c ./firmware/at32f403a_407_misc.o
 .text.__NVIC_EnableIRQ
                0x0000000008001390       0x3c ./firmware/at32f403a_407_misc.o
 .text.__NVIC_SetPriority
                0x00000000080013cc       0x54 ./firmware/at32f403a_407_misc.o
 .text.NVIC_EncodePriority
                0x0000000008001420       0x66 ./firmware/at32f403a_407_misc.o
 .text.nvic_irq_enable
                0x0000000008001486       0x42 ./firmware/at32f403a_407_misc.o
                0x0000000008001486                nvic_irq_enable
 .text.nvic_priority_group_config
                0x00000000080014c8       0x1a ./firmware/at32f403a_407_misc.o
                0x00000000080014c8                nvic_priority_group_config
 *fill*         0x00000000080014e2        0x2 
 .text.systick_clock_source_config
                0x00000000080014e4       0x3c ./firmware/at32f403a_407_misc.o
                0x00000000080014e4                systick_clock_source_config
 .text.tmr_counter_enable
                0x0000000008001520       0x2a ./firmware/at32f403a_407_tmr.o
                0x0000000008001520                tmr_counter_enable
 .text.tmr_output_default_para_init
                0x000000000800154a       0x3e ./firmware/at32f403a_407_tmr.o
                0x000000000800154a                tmr_output_default_para_init
 .text.tmr_base_init
                0x0000000008001588       0x2e ./firmware/at32f403a_407_tmr.o
                0x0000000008001588                tmr_base_init
 .text.tmr_cnt_dir_set
                0x00000000080015b6       0x2a ./firmware/at32f403a_407_tmr.o
                0x00000000080015b6                tmr_cnt_dir_set
 .text.tmr_output_channel_config
                0x00000000080015e0      0x204 ./firmware/at32f403a_407_tmr.o
                0x00000000080015e0                tmr_output_channel_config
 .text.tmr_channel_value_set
                0x00000000080017e4       0x6c ./firmware/at32f403a_407_tmr.o
                0x00000000080017e4                tmr_channel_value_set
 .text.tmr_event_sw_trigger
                0x0000000008001850       0x24 ./firmware/at32f403a_407_tmr.o
                0x0000000008001850                tmr_event_sw_trigger
 .text.tmr_output_enable
                0x0000000008001874       0x2a ./firmware/at32f403a_407_tmr.o
                0x0000000008001874                tmr_output_enable
 *fill*         0x000000000800189e        0x2 
 .text.usart_init
                0x00000000080018a0       0xe0 ./firmware/at32f403a_407_usart.o
                0x00000000080018a0                usart_init
 .text.usart_enable
                0x0000000008001980       0x2a ./firmware/at32f403a_407_usart.o
                0x0000000008001980                usart_enable
 .text.usart_transmitter_enable
                0x00000000080019aa       0x2a ./firmware/at32f403a_407_usart.o
                0x00000000080019aa                usart_transmitter_enable
 .text.usart_receiver_enable
                0x00000000080019d4       0x2a ./firmware/at32f403a_407_usart.o
                0x00000000080019d4                usart_receiver_enable
 .text.usart_interrupt_enable
                0x00000000080019fe       0x68 ./firmware/at32f403a_407_usart.o
                0x00000000080019fe                usart_interrupt_enable
 .text.usart_data_transmit
                0x0000000008001a66       0x22 ./firmware/at32f403a_407_usart.o
                0x0000000008001a66                usart_data_transmit
 .text.usart_flag_get
                0x0000000008001a88       0x28 ./firmware/at32f403a_407_usart.o
                0x0000000008001a88                usart_flag_get
 .text.Reset_Handler
                0x0000000008001ab0       0x48 ./cmsis/startup_at32f403a_407.o
                0x0000000008001ab0                Reset_Handler
 .text.Default_Handler
                0x0000000008001af8        0x2 ./cmsis/startup_at32f403a_407.o
                0x0000000008001af8                SDIO1_IRQHandler
                0x0000000008001af8                XMC_IRQHandler
                0x0000000008001af8                EXINT2_IRQHandler
                0x0000000008001af8                USBFS_L_CAN1_RX0_IRQHandler
                0x0000000008001af8                UART8_IRQHandler
                0x0000000008001af8                SPI4_IRQHandler
                0x0000000008001af8                I2C2_EVT_IRQHandler
                0x0000000008001af8                TMR1_OVF_TMR10_IRQHandler
                0x0000000008001af8                TMR8_TRG_HALL_TMR14_IRQHandler
                0x0000000008001af8                USBFS_H_CAN1_TX_IRQHandler
                0x0000000008001af8                I2C1_ERR_IRQHandler
                0x0000000008001af8                EXINT9_5_IRQHandler
                0x0000000008001af8                EMAC_IRQHandler
                0x0000000008001af8                CAN2_RX1_IRQHandler
                0x0000000008001af8                TMR5_GLOBAL_IRQHandler
                0x0000000008001af8                SDIO2_IRQHandler
                0x0000000008001af8                ADC1_2_IRQHandler
                0x0000000008001af8                SPI1_IRQHandler
                0x0000000008001af8                TAMPER_IRQHandler
                0x0000000008001af8                CAN2_RX0_IRQHandler
                0x0000000008001af8                DMA2_Channel2_IRQHandler
                0x0000000008001af8                DMA1_Channel4_IRQHandler
                0x0000000008001af8                TMR8_CH_IRQHandler
                0x0000000008001af8                USART6_IRQHandler
                0x0000000008001af8                EXINT0_IRQHandler
                0x0000000008001af8                RTC_IRQHandler
                0x0000000008001af8                DMA1_Channel7_IRQHandler
                0x0000000008001af8                CAN1_RX1_IRQHandler
                0x0000000008001af8                UART5_IRQHandler
                0x0000000008001af8                ADC3_IRQHandler
                0x0000000008001af8                ACC_IRQHandler
                0x0000000008001af8                EMAC_WKUP_IRQHandler
                0x0000000008001af8                DMA2_Channel1_IRQHandler
                0x0000000008001af8                EXINT3_IRQHandler
                0x0000000008001af8                DMA1_Channel6_IRQHandler
                0x0000000008001af8                UART4_IRQHandler
                0x0000000008001af8                DMA1_Channel1_IRQHandler
                0x0000000008001af8                Default_Handler
                0x0000000008001af8                USBFS_MAPH_IRQHandler
                0x0000000008001af8                TMR3_GLOBAL_IRQHandler
                0x0000000008001af8                TMR7_GLOBAL_IRQHandler
                0x0000000008001af8                CAN1_SE_IRQHandler
                0x0000000008001af8                CAN2_TX_IRQHandler
                0x0000000008001af8                I2C3_ERR_IRQHandler
                0x0000000008001af8                SPI3_I2S3EXT_IRQHandler
                0x0000000008001af8                TMR1_BRK_TMR9_IRQHandler
                0x0000000008001af8                USBFS_MAPL_IRQHandler
                0x0000000008001af8                TMR8_BRK_TMR12_IRQHandler
                0x0000000008001af8                TMR1_TRG_HALL_TMR11_IRQHandler
                0x0000000008001af8                DMA1_Channel5_IRQHandler
                0x0000000008001af8                TMR4_GLOBAL_IRQHandler
                0x0000000008001af8                EXINT4_IRQHandler
                0x0000000008001af8                CAN2_SE_IRQHandler
                0x0000000008001af8                DMA2_Channel6_7_IRQHandler
                0x0000000008001af8                PVM_IRQHandler
                0x0000000008001af8                I2C3_EVT_IRQHandler
                0x0000000008001af8                DMA1_Channel3_IRQHandler
                0x0000000008001af8                I2C1_EVT_IRQHandler
                0x0000000008001af8                TMR8_OVF_TMR13_IRQHandler
                0x0000000008001af8                TMR6_GLOBAL_IRQHandler
                0x0000000008001af8                EXINT1_IRQHandler
                0x0000000008001af8                RTCAlarm_IRQHandler
                0x0000000008001af8                DMA2_Channel4_5_IRQHandler
                0x0000000008001af8                UART7_IRQHandler
                0x0000000008001af8                DMA1_Channel2_IRQHandler
                0x0000000008001af8                TMR2_GLOBAL_IRQHandler
                0x0000000008001af8                FLASH_IRQHandler
                0x0000000008001af8                SPI2_I2S2EXT_IRQHandler
                0x0000000008001af8                I2C2_ERR_IRQHandler
                0x0000000008001af8                USBFSWakeUp_IRQHandler
                0x0000000008001af8                USART1_IRQHandler
                0x0000000008001af8                TMR1_CH_IRQHandler
                0x0000000008001af8                CRM_IRQHandler
                0x0000000008001af8                WWDT_IRQHandler
                0x0000000008001af8                DMA2_Channel3_IRQHandler
 *fill*         0x0000000008001afa        0x2 
 .text.SystemInit
                0x0000000008001afc       0x88 ./cmsis/system_at32f403a_407.o
                0x0000000008001afc                SystemInit
 .text.system_core_clock_update
                0x0000000008001b84      0x150 ./cmsis/system_at32f403a_407.o
                0x0000000008001b84                system_core_clock_update
 .text.at32_board_init
                0x0000000008001cd4       0x34 ./bsp/at32f403a_407_board.o
                0x0000000008001cd4                at32_board_init
 .text.at32_button_init
                0x0000000008001d08       0x44 ./bsp/at32f403a_407_board.o
                0x0000000008001d08                at32_button_init
 .text.at32_led_init
                0x0000000008001d4c       0x68 ./bsp/at32f403a_407_board.o
                0x0000000008001d4c                at32_led_init
 .text.at32_led_on
                0x0000000008001db4       0x48 ./bsp/at32f403a_407_board.o
                0x0000000008001db4                at32_led_on
 .text.at32_led_off
                0x0000000008001dfc       0x48 ./bsp/at32f403a_407_board.o
                0x0000000008001dfc                at32_led_off
 .text.delay_init
                0x0000000008001e44       0x40 ./bsp/at32f403a_407_board.o
                0x0000000008001e44                delay_init
 .text.delay_ms
                0x0000000008001e84       0x98 ./bsp/at32f403a_407_board.o
                0x0000000008001e84                delay_ms
 .text.__libc_init_array
                0x0000000008001f1c       0x48 /home/user/Documents/AT32_IDE_V1.0.09_Linux-x86_64/AT32IDE_V1.0.09_Linux-x86_64/platform/tools/gcc-arm-none-eabi-10.3-2021.10/bin/../lib/gcc/arm-none-eabi/10.3.1/../../../../arm-none-eabi/lib/thumb/v7e-m+fp/hard/libg_nano.a(lib_a-init.o)
                0x0000000008001f1c                __libc_init_array
 .text.snprintf
                0x0000000008001f64       0x68 /home/user/Documents/AT32_IDE_V1.0.09_Linux-x86_64/AT32IDE_V1.0.09_Linux-x86_64/platform/tools/gcc-arm-none-eabi-10.3-2021.10/bin/../lib/gcc/arm-none-eabi/10.3.1/../../../../arm-none-eabi/lib/thumb/v7e-m+fp/hard/libg_nano.a(lib_a-snprintf.o)
                0x0000000008001f64                snprintf
                0x0000000008001f64                sniprintf
 .text.__ssputs_r
                0x0000000008001fcc       0xb6 /home/user/Documents/AT32_IDE_V1.0.09_Linux-x86_64/AT32IDE_V1.0.09_Linux-x86_64/platform/tools/gcc-arm-none-eabi-10.3-2021.10/bin/../lib/gcc/arm-none-eabi/10.3.1/../../../../arm-none-eabi/lib/thumb/v7e-m+fp/hard/libg_nano.a(lib_a-nano-svfprintf.o)
                0x0000000008001fcc                __ssputs_r
 *fill*         0x0000000008002082        0x2 
 .text._svfprintf_r
                0x0000000008002084      0x200 /home/user/Documents/AT32_IDE_V1.0.09_Linux-x86_64/AT32IDE_V1.0.09_Linux-x86_64/platform/tools/gcc-arm-none-eabi-10.3-2021.10/bin/../lib/gcc/arm-none-eabi/10.3.1/../../../../arm-none-eabi/lib/thumb/v7e-m+fp/hard/libg_nano.a(lib_a-nano-svfprintf.o)
                0x0000000008002084                _svfprintf_r
                0x0000000008002084                _svfiprintf_r
 .text._printf_common
                0x0000000008002284       0xda /home/user/Documents/AT32_IDE_V1.0.09_Linux-x86_64/AT32IDE_V1.0.09_Linux-x86_64/platform/tools/gcc-arm-none-eabi-10.3-2021.10/bin/../lib/gcc/arm-none-eabi/10.3.1/../../../../arm-none-eabi/lib/thumb/v7e-m+fp/hard/libg_nano.a(lib_a-nano-vfprintf_i.o)
                0x0000000008002284                _printf_common
 *fill*         0x000000000800235e        0x2 
 .text._printf_i
                0x0000000008002360      0x24c /home/user/Documents/AT32_IDE_V1.0.09_Linux-x86_64/AT32IDE_V1.0.09_Linux-x86_64/platform/tools/gcc-arm-none-eabi-10.3-2021.10/bin/../lib/gcc/arm-none-eabi/10.3.1/../../../../arm-none-eabi/lib/thumb/v7e-m+fp/hard/libg_nano.a(lib_a-nano-vfprintf_i.o)
                0x0000000008002360                _printf_i
 .text.memcpy   0x00000000080025ac       0x1c /home/user/Documents/AT32_IDE_V1.0.09_Linux-x86_64/AT32IDE_V1.0.09_Linux-x86_64/platform/tools/gcc-arm-none-eabi-10.3-2021.10/bin/../lib/gcc/arm-none-eabi/10.3.1/../../../../arm-none-eabi/lib/thumb/v7e-m+fp/hard/libg_nano.a(lib_a-memcpy-stub.o)
                0x00000000080025ac                memcpy
 .text.memmove  0x00000000080025c8       0x34 /home/user/Documents/AT32_IDE_V1.0.09_Linux-x86_64/AT32IDE_V1.0.09_Linux-x86_64/platform/tools/gcc-arm-none-eabi-10.3-2021.10/bin/../lib/gcc/arm-none-eabi/10.3.1/../../../../arm-none-eabi/lib/thumb/v7e-m+fp/hard/libg_nano.a(lib_a-memmove.o)
                0x00000000080025c8                memmove
 .text._free_r  0x00000000080025fc       0x98 /home/user/Documents/AT32_IDE_V1.0.09_Linux-x86_64/AT32IDE_V1.0.09_Linux-x86_64/platform/tools/gcc-arm-none-eabi-10.3-2021.10/bin/../lib/gcc/arm-none-eabi/10.3.1/../../../../arm-none-eabi/lib/thumb/v7e-m+fp/hard/libg_nano.a(lib_a-nano-freer.o)
                0x00000000080025fc                _free_r
 .text.sbrk_aligned
                0x0000000008002694       0x40 /home/user/Documents/AT32_IDE_V1.0.09_Linux-x86_64/AT32IDE_V1.0.09_Linux-x86_64/platform/tools/gcc-arm-none-eabi-10.3-2021.10/bin/../lib/gcc/arm-none-eabi/10.3.1/../../../../arm-none-eabi/lib/thumb/v7e-m+fp/hard/libg_nano.a(lib_a-nano-mallocr.o)
 .text._malloc_r
                0x00000000080026d4       0xe8 /home/user/Documents/AT32_IDE_V1.0.09_Linux-x86_64/AT32IDE_V1.0.09_Linux-x86_64/platform/tools/gcc-arm-none-eabi-10.3-2021.10/bin/../lib/gcc/arm-none-eabi/10.3.1/../../../../arm-none-eabi/lib/thumb/v7e-m+fp/hard/libg_nano.a(lib_a-nano-mallocr.o)
                0x00000000080026d4                _malloc_r
 .text._realloc_r
                0x00000000080027bc       0x5e /home/user/Documents/AT32_IDE_V1.0.09_Linux-x86_64/AT32IDE_V1.0.09_Linux-x86_64/platform/tools/gcc-arm-none-eabi-10.3-2021.10/bin/../lib/gcc/arm-none-eabi/10.3.1/../../../../arm-none-eabi/lib/thumb/v7e-m+fp/hard/libg_nano.a(lib_a-nano-reallocr.o)
                0x00000000080027bc                _realloc_r
 *fill*         0x000000000800281a        0x2 
 .text._sbrk_r  0x000000000800281c       0x20 /home/user/Documents/AT32_IDE_V1.0.09_Linux-x86_64/AT32IDE_V1.0.09_Linux-x86_64/platform/tools/gcc-arm-none-eabi-10.3-2021.10/bin/../lib/gcc/arm-none-eabi/10.3.1/../../../../arm-none-eabi/lib/thumb/v7e-m+fp/hard/libg_nano.a(lib_a-sbrkr.o)
                0x000000000800281c                _sbrk_r
 .text.__malloc_lock
                0x000000000800283c        0xc /home/user/Documents/AT32_IDE_V1.0.09_Linux-x86_64/AT32IDE_V1.0.09_Linux-x86_64/platform/tools/gcc-arm-none-eabi-10.3-2021.10/bin/../lib/gcc/arm-none-eabi/10.3.1/../../../../arm-none-eabi/lib/thumb/v7e-m+fp/hard/libg_nano.a(lib_a-mlock.o)
                0x000000000800283c                __malloc_lock
 .text.__malloc_unlock
                0x0000000008002848        0xc /home/user/Documents/AT32_IDE_V1.0.09_Linux-x86_64/AT32IDE_V1.0.09_Linux-x86_64/platform/tools/gcc-arm-none-eabi-10.3-2021.10/bin/../lib/gcc/arm-none-eabi/10.3.1/../../../../arm-none-eabi/lib/thumb/v7e-m+fp/hard/libg_nano.a(lib_a-mlock.o)
                0x0000000008002848                __malloc_unlock
 .text._malloc_usable_size_r
                0x0000000008002854       0x10 /home/user/Documents/AT32_IDE_V1.0.09_Linux-x86_64/AT32IDE_V1.0.09_Linux-x86_64/platform/tools/gcc-arm-none-eabi-10.3-2021.10/bin/../lib/gcc/arm-none-eabi/10.3.1/../../../../arm-none-eabi/lib/thumb/v7e-m+fp/hard/libg_nano.a(lib_a-nano-msizer.o)
                0x0000000008002854                _malloc_usable_size_r
 .text.__retarget_lock_acquire_recursive
                0x0000000008002864        0x2 /home/user/Documents/AT32_IDE_V1.0.09_Linux-x86_64/AT32IDE_V1.0.09_Linux-x86_64/platform/tools/gcc-arm-none-eabi-10.3-2021.10/bin/../lib/gcc/arm-none-eabi/10.3.1/../../../../arm-none-eabi/lib/thumb/v7e-m+fp/hard/libg_nano.a(lib_a-lock.o)
                0x0000000008002864                __retarget_lock_acquire_recursive
 .text.__retarget_lock_release_recursive
                0x0000000008002866        0x2 /home/user/Documents/AT32_IDE_V1.0.09_Linux-x86_64/AT32IDE_V1.0.09_Linux-x86_64/platform/tools/gcc-arm-none-eabi-10.3-2021.10/bin/../lib/gcc/arm-none-eabi/10.3.1/../../../../arm-none-eabi/lib/thumb/v7e-m+fp/hard/libg_nano.a(lib_a-lock.o)
                0x0000000008002866                __retarget_lock_release_recursive
 .text._sbrk    0x0000000008002868       0x1c /home/user/Documents/AT32_IDE_V1.0.09_Linux-x86_64/AT32IDE_V1.0.09_Linux-x86_64/platform/tools/gcc-arm-none-eabi-10.3-2021.10/bin/../lib/gcc/arm-none-eabi/10.3.1/../../../../arm-none-eabi/lib/thumb/v7e-m+fp/hard/libnosys.a(sbrk.o)
                0x0000000008002868                _sbrk
 *(.glue_7)
 .glue_7        0x0000000008002884        0x0 linker stubs
 *(.glue_7t)
 .glue_7t       0x0000000008002884        0x0 linker stubs
 *(.eh_frame)
 .eh_frame      0x0000000008002884        0x0 /home/user/Documents/AT32_IDE_V1.0.09_Linux-x86_64/AT32IDE_V1.0.09_Linux-x86_64/platform/tools/gcc-arm-none-eabi-10.3-2021.10/bin/../lib/gcc/arm-none-eabi/10.3.1/thumb/v7e-m+fp/hard/crtbegin.o
 *(.init)
 .init          0x0000000008002884        0x4 /home/user/Documents/AT32_IDE_V1.0.09_Linux-x86_64/AT32IDE_V1.0.09_Linux-x86_64/platform/tools/gcc-arm-none-eabi-10.3-2021.10/bin/../lib/gcc/arm-none-eabi/10.3.1/thumb/v7e-m+fp/hard/crti.o
                0x0000000008002884                _init
 .init          0x0000000008002888        0x8 /home/user/Documents/AT32_IDE_V1.0.09_Linux-x86_64/AT32IDE_V1.0.09_Linux-x86_64/platform/tools/gcc-arm-none-eabi-10.3-2021.10/bin/../lib/gcc/arm-none-eabi/10.3.1/thumb/v7e-m+fp/hard/crtn.o
 *(.fini)
 .fini          0x0000000008002890        0x4 /home/user/Documents/AT32_IDE_V1.0.09_Linux-x86_64/AT32IDE_V1.0.09_Linux-x86_64/platform/tools/gcc-arm-none-eabi-10.3-2021.10/bin/../lib/gcc/arm-none-eabi/10.3.1/thumb/v7e-m+fp/hard/crti.o
                0x0000000008002890                _fini
 .fini          0x0000000008002894        0x8 /home/user/Documents/AT32_IDE_V1.0.09_Linux-x86_64/AT32IDE_V1.0.09_Linux-x86_64/platform/tools/gcc-arm-none-eabi-10.3-2021.10/bin/../lib/gcc/arm-none-eabi/10.3.1/thumb/v7e-m+fp/hard/crtn.o
                0x000000000800289c                . = ALIGN (0x4)
                0x000000000800289c                _etext = .

.vfp11_veneer   0x000000000800289c        0x0
 .vfp11_veneer  0x000000000800289c        0x0 linker stubs

.v4_bx          0x000000000800289c        0x0
 .v4_bx         0x000000000800289c        0x0 linker stubs

.iplt           0x000000000800289c        0x0
 .iplt          0x000000000800289c        0x0 /home/user/Documents/AT32_IDE_V1.0.09_Linux-x86_64/AT32IDE_V1.0.09_Linux-x86_64/platform/tools/gcc-arm-none-eabi-10.3-2021.10/bin/../lib/gcc/arm-none-eabi/10.3.1/thumb/v7e-m+fp/hard/crtbegin.o

.rodata         0x000000000800289c       0x70
                0x000000000800289c                . = ALIGN (0x4)
 *(.rodata)
 .rodata        0x000000000800289c        0x3 ./user/main.o
 *fill*         0x000000000800289f        0x1 
 .rodata        0x00000000080028a0       0x28 ./firmware/at32f403a_407_crm.o
 .rodata        0x00000000080028c8       0x10 ./cmsis/system_at32f403a_407.o
 *(.rodata*)
 .rodata._svfprintf_r.str1.1
                0x00000000080028d8       0x11 /home/user/Documents/AT32_IDE_V1.0.09_Linux-x86_64/AT32IDE_V1.0.09_Linux-x86_64/platform/tools/gcc-arm-none-eabi-10.3-2021.10/bin/../lib/gcc/arm-none-eabi/10.3.1/../../../../arm-none-eabi/lib/thumb/v7e-m+fp/hard/libg_nano.a(lib_a-nano-svfprintf.o)
 .rodata._printf_i.str1.1
                0x00000000080028e9       0x22 /home/user/Documents/AT32_IDE_V1.0.09_Linux-x86_64/AT32IDE_V1.0.09_Linux-x86_64/platform/tools/gcc-arm-none-eabi-10.3-2021.10/bin/../lib/gcc/arm-none-eabi/10.3.1/../../../../arm-none-eabi/lib/thumb/v7e-m+fp/hard/libg_nano.a(lib_a-nano-vfprintf_i.o)
                0x000000000800290c                . = ALIGN (0x4)
 *fill*         0x000000000800290b        0x1 

.rel.dyn        0x000000000800290c        0x0
 .rel.iplt      0x000000000800290c        0x0 /home/user/Documents/AT32_IDE_V1.0.09_Linux-x86_64/AT32IDE_V1.0.09_Linux-x86_64/platform/tools/gcc-arm-none-eabi-10.3-2021.10/bin/../lib/gcc/arm-none-eabi/10.3.1/thumb/v7e-m+fp/hard/crtbegin.o

.ARM.extab
 *(.ARM.extab* .gnu.linkonce.armextab.*)

.ARM            0x000000000800290c        0x0
                0x000000000800290c                __exidx_start = .
 *(.ARM.exidx*)
                0x000000000800290c                __exidx_end = .

.preinit_array  0x000000000800290c        0x0
                0x000000000800290c                PROVIDE (__preinit_array_start = .)
 *(.preinit_array*)
                0x000000000800290c                PROVIDE (__preinit_array_end = .)

.init_array     0x000000000800290c        0x4
                0x000000000800290c                PROVIDE (__init_array_start = .)
 *(SORT_BY_NAME(.init_array.*))
 *(.init_array*)
 .init_array    0x000000000800290c        0x4 /home/user/Documents/AT32_IDE_V1.0.09_Linux-x86_64/AT32IDE_V1.0.09_Linux-x86_64/platform/tools/gcc-arm-none-eabi-10.3-2021.10/bin/../lib/gcc/arm-none-eabi/10.3.1/thumb/v7e-m+fp/hard/crtbegin.o
                0x0000000008002910                PROVIDE (__init_array_end = .)

.fini_array     0x0000000008002910        0x4
                [!provide]                        PROVIDE (__fini_array_start = .)
 *(SORT_BY_NAME(.fini_array.*))
 *(.fini_array*)
 .fini_array    0x0000000008002910        0x4 /home/user/Documents/AT32_IDE_V1.0.09_Linux-x86_64/AT32IDE_V1.0.09_Linux-x86_64/platform/tools/gcc-arm-none-eabi-10.3-2021.10/bin/../lib/gcc/arm-none-eabi/10.3.1/thumb/v7e-m+fp/hard/crtbegin.o
                [!provide]                        PROVIDE (__fini_array_end = .)
                0x0000000008002914                _sidata = LOADADDR (.data)

.data           0x0000000020000000       0x90 load address 0x0000000008002914
                0x0000000020000000                . = ALIGN (0x4)
                0x0000000020000000                _sdata = .
 *(.data)
 .data          0x0000000020000000        0x3 ./user/main.o
                0x0000000020000000                usart2_tx_buffer
                0x0000000020000002                usart2_tx_buffer_size
 *fill*         0x0000000020000003        0x1 
 .data          0x0000000020000004        0x4 ./cmsis/system_at32f403a_407.o
                0x0000000020000004                system_core_clock
 .data          0x0000000020000008       0x21 ./bsp/at32f403a_407_board.o
                0x0000000020000008                led_gpio_port
                0x0000000020000014                led_gpio_pin
                0x000000002000001c                led_gpio_crm_clk
 *(.data*)
 *fill*         0x0000000020000029        0x3 
 .data._impure_ptr
                0x000000002000002c        0x4 /home/user/Documents/AT32_IDE_V1.0.09_Linux-x86_64/AT32IDE_V1.0.09_Linux-x86_64/platform/tools/gcc-arm-none-eabi-10.3-2021.10/bin/../lib/gcc/arm-none-eabi/10.3.1/../../../../arm-none-eabi/lib/thumb/v7e-m+fp/hard/libg_nano.a(lib_a-impure.o)
                0x000000002000002c                _impure_ptr
 .data.impure_data
                0x0000000020000030       0x60 /home/user/Documents/AT32_IDE_V1.0.09_Linux-x86_64/AT32IDE_V1.0.09_Linux-x86_64/platform/tools/gcc-arm-none-eabi-10.3-2021.10/bin/../lib/gcc/arm-none-eabi/10.3.1/../../../../arm-none-eabi/lib/thumb/v7e-m+fp/hard/libg_nano.a(lib_a-impure.o)
                0x0000000020000090                . = ALIGN (0x4)
                0x0000000020000090                _edata = .
                0x0000000008400000                _spim_init_base = LOADADDR (.spim)
                0x0000000000000000                _spim_init_length = SIZEOF (.spim)

.igot.plt       0x0000000020000090        0x0 load address 0x00000000080029a4
 .igot.plt      0x0000000020000090        0x0 /home/user/Documents/AT32_IDE_V1.0.09_Linux-x86_64/AT32IDE_V1.0.09_Linux-x86_64/platform/tools/gcc-arm-none-eabi-10.3-2021.10/bin/../lib/gcc/arm-none-eabi/10.3.1/thumb/v7e-m+fp/hard/crtbegin.o

.spim           0x0000000008400000        0x0
                0x0000000008400000                . = ALIGN (0x4)
                0x0000000008400000                _spim_start = .
 *(.spim)
 *(.spim*)
                0x0000000008400000                . = ALIGN (0x4)
                0x0000000008400000                _spim_end = .
                0x0000000008400000                . = ALIGN (0x4)

.bss            0x0000000020000090       0x78
                0x0000000020000090                _sbss = .
                0x0000000020000090                __bss_start__ = _sbss
 *(.bss)
 .bss           0x0000000020000090       0x1c /home/user/Documents/AT32_IDE_V1.0.09_Linux-x86_64/AT32IDE_V1.0.09_Linux-x86_64/platform/tools/gcc-arm-none-eabi-10.3-2021.10/bin/../lib/gcc/arm-none-eabi/10.3.1/thumb/v7e-m+fp/hard/crtbegin.o
 .bss           0x00000000200000ac       0x3e ./user/main.o
                0x00000000200000ac                usart2_rx_buffer
                0x00000000200000ad                usart3_rx_buffer
                0x00000000200000ae                usart2_tx_counter
                0x00000000200000af                usart3_tx_counter
                0x00000000200000b0                usart2_rx_counter
                0x00000000200000b1                usart3_rx_counter
                0x00000000200000b2                odometr
                0x00000000200000b4                odometr_div18
                0x00000000200000b8                direction
                0x00000000200000bc                gpio_init_struct
                0x00000000200000c4                tmr_output_struct
                0x00000000200000cc                crm_clocks_freq_struct
                0x00000000200000e0                timer_period
                0x00000000200000e2                channel1_pulse
                0x00000000200000e4                channel2_pulse
                0x00000000200000e6                channel3_pulse
                0x00000000200000e8                channel4_pulse
 *fill*         0x00000000200000ea        0x2 
 .bss           0x00000000200000ec        0x8 ./bsp/at32f403a_407_board.o
 *(.bss*)
 .bss.__malloc_free_list
                0x00000000200000f4        0x4 /home/user/Documents/AT32_IDE_V1.0.09_Linux-x86_64/AT32IDE_V1.0.09_Linux-x86_64/platform/tools/gcc-arm-none-eabi-10.3-2021.10/bin/../lib/gcc/arm-none-eabi/10.3.1/../../../../arm-none-eabi/lib/thumb/v7e-m+fp/hard/libg_nano.a(lib_a-nano-mallocr.o)
                0x00000000200000f4                __malloc_free_list
 .bss.__malloc_sbrk_start
                0x00000000200000f8        0x4 /home/user/Documents/AT32_IDE_V1.0.09_Linux-x86_64/AT32IDE_V1.0.09_Linux-x86_64/platform/tools/gcc-arm-none-eabi-10.3-2021.10/bin/../lib/gcc/arm-none-eabi/10.3.1/../../../../arm-none-eabi/lib/thumb/v7e-m+fp/hard/libg_nano.a(lib_a-nano-mallocr.o)
                0x00000000200000f8                __malloc_sbrk_start
 .bss.errno     0x00000000200000fc        0x4 /home/user/Documents/AT32_IDE_V1.0.09_Linux-x86_64/AT32IDE_V1.0.09_Linux-x86_64/platform/tools/gcc-arm-none-eabi-10.3-2021.10/bin/../lib/gcc/arm-none-eabi/10.3.1/../../../../arm-none-eabi/lib/thumb/v7e-m+fp/hard/libg_nano.a(lib_a-reent.o)
                0x00000000200000fc                errno
 .bss.__lock___malloc_recursive_mutex
                0x0000000020000100        0x1 /home/user/Documents/AT32_IDE_V1.0.09_Linux-x86_64/AT32IDE_V1.0.09_Linux-x86_64/platform/tools/gcc-arm-none-eabi-10.3-2021.10/bin/../lib/gcc/arm-none-eabi/10.3.1/../../../../arm-none-eabi/lib/thumb/v7e-m+fp/hard/libg_nano.a(lib_a-lock.o)
                0x0000000020000100                __lock___malloc_recursive_mutex
 *fill*         0x0000000020000101        0x3 
 .bss.heap_end.0
                0x0000000020000104        0x4 /home/user/Documents/AT32_IDE_V1.0.09_Linux-x86_64/AT32IDE_V1.0.09_Linux-x86_64/platform/tools/gcc-arm-none-eabi-10.3-2021.10/bin/../lib/gcc/arm-none-eabi/10.3.1/../../../../arm-none-eabi/lib/thumb/v7e-m+fp/hard/libnosys.a(sbrk.o)
 *(COMMON)
                0x0000000020000108                . = ALIGN (0x4)
                0x0000000020000108                _ebss = .
                0x0000000020000108                __bss_end__ = _ebss

._user_heap_stack
                0x0000000020000108      0x600
                0x0000000020000108                . = ALIGN (0x8)
                0x0000000020000108                PROVIDE (end = .)
                [!provide]                        PROVIDE (_end = .)
                0x0000000020000308                . = (. + _Min_Heap_Size)
 *fill*         0x0000000020000108      0x200 
                0x0000000020000708                . = (. + _Min_Stack_Size)
 *fill*         0x0000000020000308      0x400 
                0x0000000020000708                . = ALIGN (0x8)

/DISCARD/
 libc.a(*)
 libm.a(*)
 libgcc.a(*)

.ARM.attributes
                0x0000000000000000       0x30
 *(.ARM.attributes)
 .ARM.attributes
                0x0000000000000000       0x1e /home/user/Documents/AT32_IDE_V1.0.09_Linux-x86_64/AT32IDE_V1.0.09_Linux-x86_64/platform/tools/gcc-arm-none-eabi-10.3-2021.10/bin/../lib/gcc/arm-none-eabi/10.3.1/thumb/v7e-m+fp/hard/crti.o
 .ARM.attributes
                0x000000000000001e       0x34 /home/user/Documents/AT32_IDE_V1.0.09_Linux-x86_64/AT32IDE_V1.0.09_Linux-x86_64/platform/tools/gcc-arm-none-eabi-10.3-2021.10/bin/../lib/gcc/arm-none-eabi/10.3.1/thumb/v7e-m+fp/hard/crtbegin.o
 .ARM.attributes
                0x0000000000000052       0x34 ./user/at32f403a_407_clock.o
 .ARM.attributes
                0x0000000000000086       0x34 ./user/at32f403a_407_int.o
 .ARM.attributes
                0x00000000000000ba       0x34 ./user/main.o
 .ARM.attributes
                0x00000000000000ee       0x34 ./firmware/at32f403a_407_crm.o
 .ARM.attributes
                0x0000000000000122       0x34 ./firmware/at32f403a_407_exint.o
 .ARM.attributes
                0x0000000000000156       0x34 ./firmware/at32f403a_407_gpio.o
 .ARM.attributes
                0x000000000000018a       0x34 ./firmware/at32f403a_407_misc.o
 .ARM.attributes
                0x00000000000001be       0x34 ./firmware/at32f403a_407_tmr.o
 .ARM.attributes
                0x00000000000001f2       0x34 ./firmware/at32f403a_407_usart.o
 .ARM.attributes
                0x0000000000000226       0x21 ./cmsis/startup_at32f403a_407.o
 .ARM.attributes
                0x0000000000000247       0x34 ./cmsis/system_at32f403a_407.o
 .ARM.attributes
                0x000000000000027b       0x34 ./bsp/at32f403a_407_board.o
 .ARM.attributes
                0x00000000000002af       0x34 /home/user/Documents/AT32_IDE_V1.0.09_Linux-x86_64/AT32IDE_V1.0.09_Linux-x86_64/platform/tools/gcc-arm-none-eabi-10.3-2021.10/bin/../lib/gcc/arm-none-eabi/10.3.1/../../../../arm-none-eabi/lib/thumb/v7e-m+fp/hard/libg_nano.a(lib_a-impure.o)
 .ARM.attributes
                0x00000000000002e3       0x34 /home/user/Documents/AT32_IDE_V1.0.09_Linux-x86_64/AT32IDE_V1.0.09_Linux-x86_64/platform/tools/gcc-arm-none-eabi-10.3-2021.10/bin/../lib/gcc/arm-none-eabi/10.3.1/../../../../arm-none-eabi/lib/thumb/v7e-m+fp/hard/libg_nano.a(lib_a-init.o)
 .ARM.attributes
                0x0000000000000317       0x34 /home/user/Documents/AT32_IDE_V1.0.09_Linux-x86_64/AT32IDE_V1.0.09_Linux-x86_64/platform/tools/gcc-arm-none-eabi-10.3-2021.10/bin/../lib/gcc/arm-none-eabi/10.3.1/../../../../arm-none-eabi/lib/thumb/v7e-m+fp/hard/libg_nano.a(lib_a-snprintf.o)
 .ARM.attributes
                0x000000000000034b       0x17 /home/user/Documents/AT32_IDE_V1.0.09_Linux-x86_64/AT32IDE_V1.0.09_Linux-x86_64/platform/tools/gcc-arm-none-eabi-10.3-2021.10/bin/../lib/gcc/arm-none-eabi/10.3.1/../../../../arm-none-eabi/lib/thumb/v7e-m+fp/hard/libg_nano.a(lib_a-strlen.o)
 .ARM.attributes
                0x0000000000000362       0x34 /home/user/Documents/AT32_IDE_V1.0.09_Linux-x86_64/AT32IDE_V1.0.09_Linux-x86_64/platform/tools/gcc-arm-none-eabi-10.3-2021.10/bin/../lib/gcc/arm-none-eabi/10.3.1/../../../../arm-none-eabi/lib/thumb/v7e-m+fp/hard/libg_nano.a(lib_a-nano-svfprintf.o)
 .ARM.attributes
                0x0000000000000396       0x34 /home/user/Documents/AT32_IDE_V1.0.09_Linux-x86_64/AT32IDE_V1.0.09_Linux-x86_64/platform/tools/gcc-arm-none-eabi-10.3-2021.10/bin/../lib/gcc/arm-none-eabi/10.3.1/../../../../arm-none-eabi/lib/thumb/v7e-m+fp/hard/libg_nano.a(lib_a-nano-vfprintf_i.o)
 .ARM.attributes
                0x00000000000003ca       0x1c /home/user/Documents/AT32_IDE_V1.0.09_Linux-x86_64/AT32IDE_V1.0.09_Linux-x86_64/platform/tools/gcc-arm-none-eabi-10.3-2021.10/bin/../lib/gcc/arm-none-eabi/10.3.1/../../../../arm-none-eabi/lib/thumb/v7e-m+fp/hard/libg_nano.a(lib_a-memchr.o)
 .ARM.attributes
                0x00000000000003e6       0x34 /home/user/Documents/AT32_IDE_V1.0.09_Linux-x86_64/AT32IDE_V1.0.09_Linux-x86_64/platform/tools/gcc-arm-none-eabi-10.3-2021.10/bin/../lib/gcc/arm-none-eabi/10.3.1/../../../../arm-none-eabi/lib/thumb/v7e-m+fp/hard/libg_nano.a(lib_a-memcpy-stub.o)
 .ARM.attributes
                0x000000000000041a       0x34 /home/user/Documents/AT32_IDE_V1.0.09_Linux-x86_64/AT32IDE_V1.0.09_Linux-x86_64/platform/tools/gcc-arm-none-eabi-10.3-2021.10/bin/../lib/gcc/arm-none-eabi/10.3.1/../../../../arm-none-eabi/lib/thumb/v7e-m+fp/hard/libg_nano.a(lib_a-memmove.o)
 .ARM.attributes
                0x000000000000044e       0x34 /home/user/Documents/AT32_IDE_V1.0.09_Linux-x86_64/AT32IDE_V1.0.09_Linux-x86_64/platform/tools/gcc-arm-none-eabi-10.3-2021.10/bin/../lib/gcc/arm-none-eabi/10.3.1/../../../../arm-none-eabi/lib/thumb/v7e-m+fp/hard/libg_nano.a(lib_a-nano-freer.o)
 .ARM.attributes
                0x0000000000000482       0x34 /home/user/Documents/AT32_IDE_V1.0.09_Linux-x86_64/AT32IDE_V1.0.09_Linux-x86_64/platform/tools/gcc-arm-none-eabi-10.3-2021.10/bin/../lib/gcc/arm-none-eabi/10.3.1/../../../../arm-none-eabi/lib/thumb/v7e-m+fp/hard/libg_nano.a(lib_a-nano-mallocr.o)
 .ARM.attributes
                0x00000000000004b6       0x34 /home/user/Documents/AT32_IDE_V1.0.09_Linux-x86_64/AT32IDE_V1.0.09_Linux-x86_64/platform/tools/gcc-arm-none-eabi-10.3-2021.10/bin/../lib/gcc/arm-none-eabi/10.3.1/../../../../arm-none-eabi/lib/thumb/v7e-m+fp/hard/libg_nano.a(lib_a-nano-reallocr.o)
 .ARM.attributes
                0x00000000000004ea       0x34 /home/user/Documents/AT32_IDE_V1.0.09_Linux-x86_64/AT32IDE_V1.0.09_Linux-x86_64/platform/tools/gcc-arm-none-eabi-10.3-2021.10/bin/../lib/gcc/arm-none-eabi/10.3.1/../../../../arm-none-eabi/lib/thumb/v7e-m+fp/hard/libg_nano.a(lib_a-sbrkr.o)
 .ARM.attributes
                0x000000000000051e       0x34 /home/user/Documents/AT32_IDE_V1.0.09_Linux-x86_64/AT32IDE_V1.0.09_Linux-x86_64/platform/tools/gcc-arm-none-eabi-10.3-2021.10/bin/../lib/gcc/arm-none-eabi/10.3.1/../../../../arm-none-eabi/lib/thumb/v7e-m+fp/hard/libg_nano.a(lib_a-mlock.o)
 .ARM.attributes
                0x0000000000000552       0x34 /home/user/Documents/AT32_IDE_V1.0.09_Linux-x86_64/AT32IDE_V1.0.09_Linux-x86_64/platform/tools/gcc-arm-none-eabi-10.3-2021.10/bin/../lib/gcc/arm-none-eabi/10.3.1/../../../../arm-none-eabi/lib/thumb/v7e-m+fp/hard/libg_nano.a(lib_a-nano-msizer.o)
 .ARM.attributes
                0x0000000000000586       0x34 /home/user/Documents/AT32_IDE_V1.0.09_Linux-x86_64/AT32IDE_V1.0.09_Linux-x86_64/platform/tools/gcc-arm-none-eabi-10.3-2021.10/bin/../lib/gcc/arm-none-eabi/10.3.1/../../../../arm-none-eabi/lib/thumb/v7e-m+fp/hard/libg_nano.a(lib_a-reent.o)
 .ARM.attributes
                0x00000000000005ba       0x34 /home/user/Documents/AT32_IDE_V1.0.09_Linux-x86_64/AT32IDE_V1.0.09_Linux-x86_64/platform/tools/gcc-arm-none-eabi-10.3-2021.10/bin/../lib/gcc/arm-none-eabi/10.3.1/../../../../arm-none-eabi/lib/thumb/v7e-m+fp/hard/libg_nano.a(lib_a-lock.o)
 .ARM.attributes
                0x00000000000005ee       0x34 /home/user/Documents/AT32_IDE_V1.0.09_Linux-x86_64/AT32IDE_V1.0.09_Linux-x86_64/platform/tools/gcc-arm-none-eabi-10.3-2021.10/bin/../lib/gcc/arm-none-eabi/10.3.1/../../../../arm-none-eabi/lib/thumb/v7e-m+fp/hard/libnosys.a(sbrk.o)
 .ARM.attributes
                0x0000000000000622       0x1e /home/user/Documents/AT32_IDE_V1.0.09_Linux-x86_64/AT32IDE_V1.0.09_Linux-x86_64/platform/tools/gcc-arm-none-eabi-10.3-2021.10/bin/../lib/gcc/arm-none-eabi/10.3.1/thumb/v7e-m+fp/hard/crtn.o
OUTPUT(control.elf elf32-littlearm)
LOAD linker stubs
LOAD /home/user/Documents/AT32_IDE_V1.0.09_Linux-x86_64/AT32IDE_V1.0.09_Linux-x86_64/platform/tools/gcc-arm-none-eabi-10.3-2021.10/bin/../lib/gcc/arm-none-eabi/10.3.1/../../../../arm-none-eabi/lib/thumb/v7e-m+fp/hard/libc.a
LOAD /home/user/Documents/AT32_IDE_V1.0.09_Linux-x86_64/AT32IDE_V1.0.09_Linux-x86_64/platform/tools/gcc-arm-none-eabi-10.3-2021.10/bin/../lib/gcc/arm-none-eabi/10.3.1/../../../../arm-none-eabi/lib/thumb/v7e-m+fp/hard/libm.a
LOAD /home/user/Documents/AT32_IDE_V1.0.09_Linux-x86_64/AT32IDE_V1.0.09_Linux-x86_64/platform/tools/gcc-arm-none-eabi-10.3-2021.10/bin/../lib/gcc/arm-none-eabi/10.3.1/thumb/v7e-m+fp/hard/libgcc.a

.debug_info     0x0000000000000000     0xf49b
 .debug_info    0x0000000000000000      0x3cc ./user/at32f403a_407_clock.o
 .debug_info    0x00000000000003cc     0x122c ./user/at32f403a_407_int.o
 .debug_info    0x00000000000015f8     0x2c33 ./user/main.o
 .debug_info    0x000000000000422b     0x2375 ./firmware/at32f403a_407_crm.o
 .debug_info    0x00000000000065a0      0x54c ./firmware/at32f403a_407_exint.o
 .debug_info    0x0000000000006aec     0x1f20 ./firmware/at32f403a_407_gpio.o
 .debug_info    0x0000000000008a0c      0x9de ./firmware/at32f403a_407_misc.o
 .debug_info    0x00000000000093ea     0x26ca ./firmware/at32f403a_407_tmr.o
 .debug_info    0x000000000000bab4     0x10a6 ./firmware/at32f403a_407_usart.o
 .debug_info    0x000000000000cb5a       0x22 ./cmsis/startup_at32f403a_407.o
 .debug_info    0x000000000000cb7c     0x1596 ./cmsis/system_at32f403a_407.o
 .debug_info    0x000000000000e112     0x1389 ./bsp/at32f403a_407_board.o

.debug_abbrev   0x0000000000000000     0x14b7
 .debug_abbrev  0x0000000000000000       0x78 ./user/at32f403a_407_clock.o
 .debug_abbrev  0x0000000000000078      0x180 ./user/at32f403a_407_int.o
 .debug_abbrev  0x00000000000001f8      0x2b9 ./user/main.o
 .debug_abbrev  0x00000000000004b1      0x229 ./firmware/at32f403a_407_crm.o
 .debug_abbrev  0x00000000000006da      0x17b ./firmware/at32f403a_407_exint.o
 .debug_abbrev  0x0000000000000855      0x215 ./firmware/at32f403a_407_gpio.o
 .debug_abbrev  0x0000000000000a6a      0x245 ./firmware/at32f403a_407_misc.o
 .debug_abbrev  0x0000000000000caf      0x1e5 ./firmware/at32f403a_407_tmr.o
 .debug_abbrev  0x0000000000000e94      0x248 ./firmware/at32f403a_407_usart.o
 .debug_abbrev  0x00000000000010dc       0x12 ./cmsis/startup_at32f403a_407.o
 .debug_abbrev  0x00000000000010ee      0x187 ./cmsis/system_at32f403a_407.o
 .debug_abbrev  0x0000000000001275      0x242 ./bsp/at32f403a_407_board.o

.debug_aranges  0x0000000000000000      0x748
 .debug_aranges
                0x0000000000000000       0x20 ./user/at32f403a_407_clock.o
 .debug_aranges
                0x0000000000000020       0x78 ./user/at32f403a_407_int.o
 .debug_aranges
                0x0000000000000098       0x40 ./user/main.o
 .debug_aranges
                0x00000000000000d8      0x138 ./firmware/at32f403a_407_crm.o
 .debug_aranges
                0x0000000000000210       0x60 ./firmware/at32f403a_407_exint.o
 .debug_aranges
                0x0000000000000270       0xa8 ./firmware/at32f403a_407_gpio.o
 .debug_aranges
                0x0000000000000318       0x88 ./firmware/at32f403a_407_misc.o
 .debug_aranges
                0x00000000000003a0      0x1d8 ./firmware/at32f403a_407_tmr.o
 .debug_aranges
                0x0000000000000578      0x108 ./firmware/at32f403a_407_usart.o
 .debug_aranges
                0x0000000000000680       0x28 ./cmsis/startup_at32f403a_407.o
 .debug_aranges
                0x00000000000006a8       0x28 ./cmsis/system_at32f403a_407.o
 .debug_aranges
                0x00000000000006d0       0x78 ./bsp/at32f403a_407_board.o

.debug_ranges   0x0000000000000000      0x690
 .debug_ranges  0x0000000000000000       0x10 ./user/at32f403a_407_clock.o
 .debug_ranges  0x0000000000000010       0x68 ./user/at32f403a_407_int.o
 .debug_ranges  0x0000000000000078       0x30 ./user/main.o
 .debug_ranges  0x00000000000000a8      0x128 ./firmware/at32f403a_407_crm.o
 .debug_ranges  0x00000000000001d0       0x50 ./firmware/at32f403a_407_exint.o
 .debug_ranges  0x0000000000000220       0x98 ./firmware/at32f403a_407_gpio.o
 .debug_ranges  0x00000000000002b8       0x78 ./firmware/at32f403a_407_misc.o
 .debug_ranges  0x0000000000000330      0x1c8 ./firmware/at32f403a_407_tmr.o
 .debug_ranges  0x00000000000004f8       0xf8 ./firmware/at32f403a_407_usart.o
 .debug_ranges  0x00000000000005f0       0x20 ./cmsis/startup_at32f403a_407.o
 .debug_ranges  0x0000000000000610       0x18 ./cmsis/system_at32f403a_407.o
 .debug_ranges  0x0000000000000628       0x68 ./bsp/at32f403a_407_board.o

.debug_line     0x0000000000000000     0x407e
 .debug_line    0x0000000000000000      0x267 ./user/at32f403a_407_clock.o
 .debug_line    0x0000000000000267      0x31a ./user/at32f403a_407_int.o
 .debug_line    0x0000000000000581      0x5f3 ./user/main.o
 .debug_line    0x0000000000000b74      0x9ad ./firmware/at32f403a_407_crm.o
 .debug_line    0x0000000000001521      0x3be ./firmware/at32f403a_407_exint.o
 .debug_line    0x00000000000018df      0x60b ./firmware/at32f403a_407_gpio.o
 .debug_line    0x0000000000001eea      0x4cb ./firmware/at32f403a_407_misc.o
 .debug_line    0x00000000000023b5      0xc87 ./firmware/at32f403a_407_tmr.o
 .debug_line    0x000000000000303c      0x6aa ./firmware/at32f403a_407_usart.o
 .debug_line    0x00000000000036e6       0x7c ./cmsis/startup_at32f403a_407.o
 .debug_line    0x0000000000003762      0x3c3 ./cmsis/system_at32f403a_407.o
 .debug_line    0x0000000000003b25      0x559 ./bsp/at32f403a_407_board.o

.debug_str      0x0000000000000000     0x5fb6
 .debug_str     0x0000000000000000      0x7bb ./user/at32f403a_407_clock.o
                                        0x7fe (size before relaxing)
 .debug_str     0x00000000000007bb      0x5b2 ./user/at32f403a_407_int.o
                                        0x749 (size before relaxing)
 .debug_str     0x0000000000000d6d     0x1854 ./user/main.o
                                       0x1e01 (size before relaxing)
 .debug_str     0x00000000000025c1     0x140d ./firmware/at32f403a_407_crm.o
                                       0x214f (size before relaxing)
 .debug_str     0x00000000000039ce       0xff ./firmware/at32f403a_407_exint.o
                                        0x431 (size before relaxing)
 .debug_str     0x0000000000003acd      0x703 ./firmware/at32f403a_407_gpio.o
                                       0x139f (size before relaxing)
 .debug_str     0x00000000000041d0      0x3b5 ./firmware/at32f403a_407_misc.o
                                        0xada (size before relaxing)
 .debug_str     0x0000000000004585     0x126b ./firmware/at32f403a_407_tmr.o
                                       0x2011 (size before relaxing)
 .debug_str     0x00000000000057f0      0x602 ./firmware/at32f403a_407_usart.o
                                        0xdef (size before relaxing)
 .debug_str     0x0000000000005df2       0x2f ./cmsis/startup_at32f403a_407.o
                                         0x5e (size before relaxing)
 .debug_str     0x0000000000005e21       0x68 ./cmsis/system_at32f403a_407.o
                                        0xaf7 (size before relaxing)
 .debug_str     0x0000000000005e89      0x12d ./bsp/at32f403a_407_board.o
                                        0xe64 (size before relaxing)

.comment        0x0000000000000000       0x49
 .comment       0x0000000000000000       0x49 ./user/at32f403a_407_clock.o
                                         0x4a (size before relaxing)
 .comment       0x0000000000000049       0x4a ./user/at32f403a_407_int.o
 .comment       0x0000000000000049       0x4a ./user/main.o
 .comment       0x0000000000000049       0x4a ./firmware/at32f403a_407_crm.o
 .comment       0x0000000000000049       0x4a ./firmware/at32f403a_407_exint.o
 .comment       0x0000000000000049       0x4a ./firmware/at32f403a_407_gpio.o
 .comment       0x0000000000000049       0x4a ./firmware/at32f403a_407_misc.o
 .comment       0x0000000000000049       0x4a ./firmware/at32f403a_407_tmr.o
 .comment       0x0000000000000049       0x4a ./firmware/at32f403a_407_usart.o
 .comment       0x0000000000000049       0x4a ./cmsis/system_at32f403a_407.o
 .comment       0x0000000000000049       0x4a ./bsp/at32f403a_407_board.o

.debug_frame    0x0000000000000000     0x2214
 .debug_frame   0x0000000000000000       0x2c ./user/at32f403a_407_clock.o
 .debug_frame   0x000000000000002c      0x168 ./user/at32f403a_407_int.o
 .debug_frame   0x0000000000000194       0xcc ./user/main.o
 .debug_frame   0x0000000000000260      0x590 ./firmware/at32f403a_407_crm.o
 .debug_frame   0x00000000000007f0      0x170 ./firmware/at32f403a_407_exint.o
 .debug_frame   0x0000000000000960      0x2d0 ./firmware/at32f403a_407_gpio.o
 .debug_frame   0x0000000000000c30      0x210 ./firmware/at32f403a_407_misc.o
 .debug_frame   0x0000000000000e40      0x8c4 ./firmware/at32f403a_407_tmr.o
 .debug_frame   0x0000000000001704      0x4b8 ./firmware/at32f403a_407_usart.o
 .debug_frame   0x0000000000001bbc       0x54 ./cmsis/system_at32f403a_407.o
 .debug_frame   0x0000000000001c10      0x1b4 ./bsp/at32f403a_407_board.o
 .debug_frame   0x0000000000001dc4       0x2c /home/user/Documents/AT32_IDE_V1.0.09_Linux-x86_64/AT32IDE_V1.0.09_Linux-x86_64/platform/tools/gcc-arm-none-eabi-10.3-2021.10/bin/../lib/gcc/arm-none-eabi/10.3.1/../../../../arm-none-eabi/lib/thumb/v7e-m+fp/hard/libg_nano.a(lib_a-init.o)
 .debug_frame   0x0000000000001df0       0x7c /home/user/Documents/AT32_IDE_V1.0.09_Linux-x86_64/AT32IDE_V1.0.09_Linux-x86_64/platform/tools/gcc-arm-none-eabi-10.3-2021.10/bin/../lib/gcc/arm-none-eabi/10.3.1/../../../../arm-none-eabi/lib/thumb/v7e-m+fp/hard/libg_nano.a(lib_a-snprintf.o)
 .debug_frame   0x0000000000001e6c       0x90 /home/user/Documents/AT32_IDE_V1.0.09_Linux-x86_64/AT32IDE_V1.0.09_Linux-x86_64/platform/tools/gcc-arm-none-eabi-10.3-2021.10/bin/../lib/gcc/arm-none-eabi/10.3.1/../../../../arm-none-eabi/lib/thumb/v7e-m+fp/hard/libg_nano.a(lib_a-nano-svfprintf.o)
 .debug_frame   0x0000000000001efc       0x60 /home/user/Documents/AT32_IDE_V1.0.09_Linux-x86_64/AT32IDE_V1.0.09_Linux-x86_64/platform/tools/gcc-arm-none-eabi-10.3-2021.10/bin/../lib/gcc/arm-none-eabi/10.3.1/../../../../arm-none-eabi/lib/thumb/v7e-m+fp/hard/libg_nano.a(lib_a-nano-vfprintf_i.o)
 .debug_frame   0x0000000000001f5c       0x28 /home/user/Documents/AT32_IDE_V1.0.09_Linux-x86_64/AT32IDE_V1.0.09_Linux-x86_64/platform/tools/gcc-arm-none-eabi-10.3-2021.10/bin/../lib/gcc/arm-none-eabi/10.3.1/../../../../arm-none-eabi/lib/thumb/v7e-m+fp/hard/libg_nano.a(lib_a-memcpy-stub.o)
 .debug_frame   0x0000000000001f84       0x28 /home/user/Documents/AT32_IDE_V1.0.09_Linux-x86_64/AT32IDE_V1.0.09_Linux-x86_64/platform/tools/gcc-arm-none-eabi-10.3-2021.10/bin/../lib/gcc/arm-none-eabi/10.3.1/../../../../arm-none-eabi/lib/thumb/v7e-m+fp/hard/libg_nano.a(lib_a-memmove.o)
 .debug_frame   0x0000000000001fac       0x38 /home/user/Documents/AT32_IDE_V1.0.09_Linux-x86_64/AT32IDE_V1.0.09_Linux-x86_64/platform/tools/gcc-arm-none-eabi-10.3-2021.10/bin/../lib/gcc/arm-none-eabi/10.3.1/../../../../arm-none-eabi/lib/thumb/v7e-m+fp/hard/libg_nano.a(lib_a-nano-freer.o)
 .debug_frame   0x0000000000001fe4       0x4c /home/user/Documents/AT32_IDE_V1.0.09_Linux-x86_64/AT32IDE_V1.0.09_Linux-x86_64/platform/tools/gcc-arm-none-eabi-10.3-2021.10/bin/../lib/gcc/arm-none-eabi/10.3.1/../../../../arm-none-eabi/lib/thumb/v7e-m+fp/hard/libg_nano.a(lib_a-nano-mallocr.o)
 .debug_frame   0x0000000000002030       0x3c /home/user/Documents/AT32_IDE_V1.0.09_Linux-x86_64/AT32IDE_V1.0.09_Linux-x86_64/platform/tools/gcc-arm-none-eabi-10.3-2021.10/bin/../lib/gcc/arm-none-eabi/10.3.1/../../../../arm-none-eabi/lib/thumb/v7e-m+fp/hard/libg_nano.a(lib_a-nano-reallocr.o)
 .debug_frame   0x000000000000206c       0x2c /home/user/Documents/AT32_IDE_V1.0.09_Linux-x86_64/AT32IDE_V1.0.09_Linux-x86_64/platform/tools/gcc-arm-none-eabi-10.3-2021.10/bin/../lib/gcc/arm-none-eabi/10.3.1/../../../../arm-none-eabi/lib/thumb/v7e-m+fp/hard/libg_nano.a(lib_a-sbrkr.o)
 .debug_frame   0x0000000000002098       0x30 /home/user/Documents/AT32_IDE_V1.0.09_Linux-x86_64/AT32IDE_V1.0.09_Linux-x86_64/platform/tools/gcc-arm-none-eabi-10.3-2021.10/bin/../lib/gcc/arm-none-eabi/10.3.1/../../../../arm-none-eabi/lib/thumb/v7e-m+fp/hard/libg_nano.a(lib_a-mlock.o)
 .debug_frame   0x00000000000020c8       0x20 /home/user/Documents/AT32_IDE_V1.0.09_Linux-x86_64/AT32IDE_V1.0.09_Linux-x86_64/platform/tools/gcc-arm-none-eabi-10.3-2021.10/bin/../lib/gcc/arm-none-eabi/10.3.1/../../../../arm-none-eabi/lib/thumb/v7e-m+fp/hard/libg_nano.a(lib_a-nano-msizer.o)
 .debug_frame   0x00000000000020e8       0x5c /home/user/Documents/AT32_IDE_V1.0.09_Linux-x86_64/AT32IDE_V1.0.09_Linux-x86_64/platform/tools/gcc-arm-none-eabi-10.3-2021.10/bin/../lib/gcc/arm-none-eabi/10.3.1/../../../../arm-none-eabi/lib/thumb/v7e-m+fp/hard/libg_nano.a(lib_a-reent.o)
 .debug_frame   0x0000000000002144       0xb0 /home/user/Documents/AT32_IDE_V1.0.09_Linux-x86_64/AT32IDE_V1.0.09_Linux-x86_64/platform/tools/gcc-arm-none-eabi-10.3-2021.10/bin/../lib/gcc/arm-none-eabi/10.3.1/../../../../arm-none-eabi/lib/thumb/v7e-m+fp/hard/libg_nano.a(lib_a-lock.o)
 .debug_frame   0x00000000000021f4       0x20 /home/user/Documents/AT32_IDE_V1.0.09_Linux-x86_64/AT32IDE_V1.0.09_Linux-x86_64/platform/tools/gcc-arm-none-eabi-10.3-2021.10/bin/../lib/gcc/arm-none-eabi/10.3.1/../../../../arm-none-eabi/lib/thumb/v7e-m+fp/hard/libnosys.a(sbrk.o)
