19:51:38 **** Incremental Build of configuration Debug for project control ****
make all 
Building file: ../user/main.c
Invoking: GNU Arm Cross C Compiler
arm-none-eabi-gcc -mcpu=cortex-m4 -mthumb -mfloat-abi=hard -mfpu=fpv4-sp-d16 -O0 -ffunction-sections  -g -DAT_START_F403A_V1 -DAT32F403AVGT7 -DUSE_STDPERIPH_DRIVER -I"../include" -I"../include/libraries/drivers/inc" -I"../include/libraries/cmsis/cm4/core_support" -I"../include/libraries/cmsis/cm4/device_support" -std=c99 -MMD -MP -MF"user/main.d" -MT"user/main.o" -c -o "user/main.o" "../user/main.c"
Finished building: ../user/main.c
 
Building target: control.elf
Invoking: GNU Arm Cross C Linker
arm-none-eabi-gcc -mcpu=cortex-m4 -mthumb -mfloat-abi=hard -mfpu=fpv4-sp-d16 -O0 -ffunction-sections  -g -T "/home/user/Documents/bldc motor /control/ldscripts/AT32F403AxG_FLASH.ld" -Xlinker --gc-sections -Wl,-Map,"control.map" --specs=nano.specs --specs=nosys.specs -o "control.elf" ./user/at32f403a_407_clock.o ./user/at32f403a_407_int.o ./user/at32f403a_407_wk_config.o ./user/i2c_application.o ./user/main.o ./user/motor_control.o  ./firmware/at32f403a_407_acc.o ./firmware/at32f403a_407_adc.o ./firmware/at32f403a_407_bpr.o ./firmware/at32f403a_407_can.o ./firmware/at32f403a_407_crc.o ./firmware/at32f403a_407_crm.o ./firmware/at32f403a_407_dac.o ./firmware/at32f403a_407_debug.o ./firmware/at32f403a_407_dma.o ./firmware/at32f403a_407_emac.o ./firmware/at32f403a_407_exint.o ./firmware/at32f403a_407_flash.o ./firmware/at32f403a_407_gpio.o ./firmware/at32f403a_407_i2c.o ./firmware/at32f403a_407_misc.o ./firmware/at32f403a_407_pwc.o ./firmware/at32f403a_407_rtc.o ./firmware/at32f403a_407_sdio.o ./firmware/at32f403a_407_spi.o ./firmware/at32f403a_407_tmr.o ./firmware/at32f403a_407_usart.o ./firmware/at32f403a_407_usb.o ./firmware/at32f403a_407_wdt.o ./firmware/at32f403a_407_wwdt.o ./firmware/at32f403a_407_xmc.o  ./cmsis/bsp/at32f403a_407_board.o  ./cmsis/startup_at32f403a_407.o ./cmsis/system_at32f403a_407.o   
Finished building target: control.elf
 
Invoking: GNU Arm Cross Create Flash Image
arm-none-eabi-objcopy -O ihex "control.elf"  "control.hex"
Finished building: control.hex
 
Invoking: GNU Arm Cross Print Size
arm-none-eabi-size --format=berkeley "control.elf"
   text	   data	    bss	    dec	    hex	filename
  13756	     60	   1796	  15612	   3cfc	control.elf
Finished building: control.siz
 

19:51:38 Build Finished. 0 errors, 0 warnings. (took 215ms)

