19:46:36 **** Incremental Build of configuration Debug for project control ****
make all 
Building file: ../user/main.c
Invoking: GNU Arm Cross C Compiler
arm-none-eabi-gcc -mcpu=cortex-m4 -mthumb -mfloat-abi=hard -mfpu=fpv4-sp-d16 -O0 -ffunction-sections  -g -DAT_START_F403A_V1 -DAT32F403AVGT7 -DUSE_STDPERIPH_DRIVER -I"../include" -I"../include/libraries/drivers/inc" -I"../include/libraries/cmsis/cm4/core_support" -I"../include/libraries/cmsis/cm4/device_support" -std=c99 -MMD -MP -MF"user/main.d" -MT"user/main.o" -c -o "user/main.o" "../user/main.c"
../user/main.c: In function 'usart2_tx_without_int':
../user/main.c:137:28: warning: implicit declaration of function 'strlen' [-Wimplicit-function-declaration]
  137 |     for (size_t i = 0; i < strlen(buffer); i++) {
      |                            ^~~~~~
../user/main.c:137:28: warning: incompatible implicit declaration of built-in function 'strlen'
../user/main.c:5:1: note: include '<string.h>' or provide a declaration of 'strlen'
    4 | #include <stdio.h>
  +++ |+#include <string.h>
    5 | 
Finished building: ../user/main.c
 
Building target: control.elf
Invoking: GNU Arm Cross C Linker
arm-none-eabi-gcc -mcpu=cortex-m4 -mthumb -mfloat-abi=hard -mfpu=fpv4-sp-d16 -O0 -ffunction-sections  -g -T "/home/user/Documents/bldc motor /control/ldscripts/AT32F403AxG_FLASH.ld" -Xlinker --gc-sections -Wl,-Map,"control.map" --specs=nano.specs --specs=nosys.specs -o "control.elf" ./user/at32f403a_407_clock.o ./user/at32f403a_407_int.o ./user/i2c_application.o ./user/main.o  ./firmware/at32f403a_407_acc.o ./firmware/at32f403a_407_adc.o ./firmware/at32f403a_407_bpr.o ./firmware/at32f403a_407_can.o ./firmware/at32f403a_407_crc.o ./firmware/at32f403a_407_crm.o ./firmware/at32f403a_407_dac.o ./firmware/at32f403a_407_debug.o ./firmware/at32f403a_407_dma.o ./firmware/at32f403a_407_emac.o ./firmware/at32f403a_407_exint.o ./firmware/at32f403a_407_flash.o ./firmware/at32f403a_407_gpio.o ./firmware/at32f403a_407_i2c.o ./firmware/at32f403a_407_misc.o ./firmware/at32f403a_407_pwc.o ./firmware/at32f403a_407_rtc.o ./firmware/at32f403a_407_sdio.o ./firmware/at32f403a_407_spi.o ./firmware/at32f403a_407_tmr.o ./firmware/at32f403a_407_usart.o ./firmware/at32f403a_407_usb.o ./firmware/at32f403a_407_wdt.o ./firmware/at32f403a_407_wwdt.o ./firmware/at32f403a_407_xmc.o  ./cmsis/startup_at32f403a_407.o ./cmsis/system_at32f403a_407.o  ./bsp/at32f403a_407_board.o   
Finished building target: control.elf
 
Invoking: GNU Arm Cross Create Flash Image
arm-none-eabi-objcopy -O ihex "control.elf"  "control.hex"
Finished building: control.hex
 
Invoking: GNU Arm Cross Print Size
arm-none-eabi-size --format=berkeley "control.elf"
   text	   data	    bss	    dec	    hex	filename
  10496	    152	   1656	  12304	   3010	control.elf
Finished building: control.siz
 

19:46:36 Build Finished. 0 errors, 2 warnings. (took 213ms)

