17:59:34 **** Clean-only build of configuration Debug for project bldc motor controller ****
make clean 
make: *** No rule to make target 'clean'.  Stop.
"make clean" terminated with exit code 2. Build might be incomplete.
17:59:35 **** Build of configuration Debug for project bldc motor controller ****
make all 
Building file: ../user/at32f403a_407_clock.c
Invoking: GNU Arm Cross C Compiler
arm-none-eabi-gcc -mcpu=cortex-m4 -mthumb -mfloat-abi=hard -mfpu=fpv4-sp-d16 -O0 -ffunction-sections  -g -DAT_START_F403A_V1 -DAT32F403AVGT7 -DUSE_STDPERIPH_DRIVER -I"../include" -I"../include/libraries/drivers/inc" -I"../include/libraries/cmsis/cm4/core_support" -I"../include/libraries/cmsis/cm4/device_support" -std=c99 -MMD -MP -MF"user/at32f403a_407_clock.d" -MT"user/at32f403a_407_clock.o" -c -o "user/at32f403a_407_clock.o" "../user/at32f403a_407_clock.c"
Finished building: ../user/at32f403a_407_clock.c
 
Building file: ../user/at32f403a_407_int.c
Invoking: GNU Arm Cross C Compiler
arm-none-eabi-gcc -mcpu=cortex-m4 -mthumb -mfloat-abi=hard -mfpu=fpv4-sp-d16 -O0 -ffunction-sections  -g -DAT_START_F403A_V1 -DAT32F403AVGT7 -DUSE_STDPERIPH_DRIVER -I"../include" -I"../include/libraries/drivers/inc" -I"../include/libraries/cmsis/cm4/core_support" -I"../include/libraries/cmsis/cm4/device_support" -std=c99 -MMD -MP -MF"user/at32f403a_407_int.d" -MT"user/at32f403a_407_int.o" -c -o "user/at32f403a_407_int.o" "../user/at32f403a_407_int.c"
Finished building: ../user/at32f403a_407_int.c
 
Building file: ../user/main.c
Invoking: GNU Arm Cross C Compiler
arm-none-eabi-gcc -mcpu=cortex-m4 -mthumb -mfloat-abi=hard -mfpu=fpv4-sp-d16 -O0 -ffunction-sections  -g -DAT_START_F403A_V1 -DAT32F403AVGT7 -DUSE_STDPERIPH_DRIVER -I"../include" -I"../include/libraries/drivers/inc" -I"../include/libraries/cmsis/cm4/core_support" -I"../include/libraries/cmsis/cm4/device_support" -std=c99 -MMD -MP -MF"user/main.d" -MT"user/main.o" -c -o "user/main.o" "../user/main.c"
../user/main.c:29:10: fatal error: i2c_application.h: No such file or directory
   29 | #include "i2c_application.h"
      |          ^~~~~~~~~~~~~~~~~~~
compilation terminated.
make: *** [user/subdir.mk:26: user/main.o] Error 1
"make all" terminated with exit code 2. Build might be incomplete.
17:59:58 **** Incremental Build of configuration Debug for project bldc motor controller ****
make all 
Building file: ../user/main.c
Invoking: GNU Arm Cross C Compiler
arm-none-eabi-gcc -mcpu=cortex-m4 -mthumb -mfloat-abi=hard -mfpu=fpv4-sp-d16 -O0 -ffunction-sections  -g -DAT_START_F403A_V1 -DAT32F403AVGT7 -DUSE_STDPERIPH_DRIVER -I"../include" -I"../include/libraries/drivers/inc" -I"../include/libraries/cmsis/cm4/core_support" -I"../include/libraries/cmsis/cm4/device_support" -std=c99 -MMD -MP -MF"user/main.d" -MT"user/main.o" -c -o "user/main.o" "../user/main.c"
../user/main.c:29:10: fatal error: i2c_application.h: No such file or directory
   29 | #include "i2c_application.h"
      |          ^~~~~~~~~~~~~~~~~~~
compilation terminated.
make: *** [user/subdir.mk:26: user/main.o] Error 1
"make all" terminated with exit code 2. Build might be incomplete.
18:00:28 **** Incremental Build of configuration Debug for project bldc motor controller ****
make all 
Building file: ../user/main.c
Invoking: GNU Arm Cross C Compiler
arm-none-eabi-gcc -mcpu=cortex-m4 -mthumb -mfloat-abi=hard -mfpu=fpv4-sp-d16 -O0 -ffunction-sections  -g -DAT_START_F403A_V1 -DAT32F403AVGT7 -DUSE_STDPERIPH_DRIVER -I"../include" -I"../include/libraries/drivers/inc" -I"../include/libraries/cmsis/cm4/core_support" -I"../include/libraries/cmsis/cm4/device_support" -std=c99 -MMD -MP -MF"user/main.d" -MT"user/main.o" -c -o "user/main.o" "../user/main.c"
../user/main.c:29:10: fatal error: i2c_application.h: No such file or directory
   29 | #include "i2c_application.h"
      |          ^~~~~~~~~~~~~~~~~~~
compilation terminated.
make: *** [user/subdir.mk:26: user/main.o] Error 1
"make all" terminated with exit code 2. Build might be incomplete.
18:00:43 **** Incremental Build of configuration Debug for project bldc motor controller ****
make all 
Building file: ../user/main.c
Invoking: GNU Arm Cross C Compiler
arm-none-eabi-gcc -mcpu=cortex-m4 -mthumb -mfloat-abi=hard -mfpu=fpv4-sp-d16 -O0 -ffunction-sections  -g -DAT_START_F403A_V1 -DAT32F403AVGT7 -DUSE_STDPERIPH_DRIVER -I"../include" -I"../include/libraries/drivers/inc" -I"../include/libraries/cmsis/cm4/core_support" -I"../include/libraries/cmsis/cm4/device_support" -std=c99 -MMD -MP -MF"user/main.d" -MT"user/main.o" -c -o "user/main.o" "../user/main.c"
../user/main.c:29:10: fatal error: i2c_application.h: No such file or directory
   29 | #include "i2c_application.h"
      |          ^~~~~~~~~~~~~~~~~~~
compilation terminated.
make: *** [user/subdir.mk:26: user/main.o] Error 1
"make all" terminated with exit code 2. Build might be incomplete.
18:01:16 **** Incremental Build of configuration Debug for project bldc motor controller ****
make all 
Building file: ../user/main.c
Invoking: GNU Arm Cross C Compiler
arm-none-eabi-gcc -mcpu=cortex-m4 -mthumb -mfloat-abi=hard -mfpu=fpv4-sp-d16 -O0 -ffunction-sections  -g -DAT_START_F403A_V1 -DAT32F403AVGT7 -DUSE_STDPERIPH_DRIVER -I"../include" -I"../include/libraries/drivers/inc" -I"../include/libraries/cmsis/cm4/core_support" -I"../include/libraries/cmsis/cm4/device_support" -std=c99 -MMD -MP -MF"user/main.d" -MT"user/main.o" -c -o "user/main.o" "../user/main.c"
../user/main.c:29:10: fatal error: i2c_application.h: No such file or directory
   29 | #include "i2c_application.h"
      |          ^~~~~~~~~~~~~~~~~~~
compilation terminated.
make: *** [user/subdir.mk:26: user/main.o] Error 1
"make all" terminated with exit code 2. Build might be incomplete.
18:02:18 **** Incremental Build of configuration Debug for project bldc motor controller ****
make all 
Building file: ../user/main.c
Invoking: GNU Arm Cross C Compiler
arm-none-eabi-gcc -mcpu=cortex-m4 -mthumb -mfloat-abi=hard -mfpu=fpv4-sp-d16 -O0 -ffunction-sections  -g -DAT_START_F403A_V1 -DAT32F403AVGT7 -DUSE_STDPERIPH_DRIVER -I"../include" -I"../include/libraries/drivers/inc" -I"../include/libraries/cmsis/cm4/core_support" -I"../include/libraries/cmsis/cm4/device_support" -std=c99 -MMD -MP -MF"user/main.d" -MT"user/main.o" -c -o "user/main.o" "../user/main.c"
../user/main.c:29:10: fatal error: i2c_application.h: No such file or directory
   29 | #include "i2c_application.h"
      |          ^~~~~~~~~~~~~~~~~~~
compilation terminated.
make: *** [user/subdir.mk:26: user/main.o] Error 1
"make all" terminated with exit code 2. Build might be incomplete.
18:02:26 **** Incremental Build of configuration Debug for project bldc motor controller ****
make all 
Building file: ../user/main.c
Invoking: GNU Arm Cross C Compiler
arm-none-eabi-gcc -mcpu=cortex-m4 -mthumb -mfloat-abi=hard -mfpu=fpv4-sp-d16 -O0 -ffunction-sections  -g -DAT_START_F403A_V1 -DAT32F403AVGT7 -DUSE_STDPERIPH_DRIVER -I"../include" -I"../include/libraries/drivers/inc" -I"../include/libraries/cmsis/cm4/core_support" -I"../include/libraries/cmsis/cm4/device_support" -std=c99 -MMD -MP -MF"user/main.d" -MT"user/main.o" -c -o "user/main.o" "../user/main.c"
../user/main.c: In function 'main':
../user/main.c:249:1: error: expected declaration or statement at end of input
  249 | }
      | ^
make: *** [user/subdir.mk:26: user/main.o] Error 1
"make all" terminated with exit code 2. Build might be incomplete.
18:02:52 **** Incremental Build of configuration Debug for project bldc motor controller ****
make all 
Building file: ../user/main.c
Invoking: GNU Arm Cross C Compiler
arm-none-eabi-gcc -mcpu=cortex-m4 -mthumb -mfloat-abi=hard -mfpu=fpv4-sp-d16 -O0 -ffunction-sections  -g -DAT_START_F403A_V1 -DAT32F403AVGT7 -DUSE_STDPERIPH_DRIVER -I"../include" -I"../include/libraries/drivers/inc" -I"../include/libraries/cmsis/cm4/core_support" -I"../include/libraries/cmsis/cm4/device_support" -std=c99 -MMD -MP -MF"user/main.d" -MT"user/main.o" -c -o "user/main.o" "../user/main.c"
Finished building: ../user/main.c
 
Building file: ../firmware/at32f403a_407_acc.c
Invoking: GNU Arm Cross C Compiler
arm-none-eabi-gcc -mcpu=cortex-m4 -mthumb -mfloat-abi=hard -mfpu=fpv4-sp-d16 -O0 -ffunction-sections  -g -DAT_START_F403A_V1 -DAT32F403AVGT7 -DUSE_STDPERIPH_DRIVER -I"../include" -I"../include/libraries/drivers/inc" -I"../include/libraries/cmsis/cm4/core_support" -I"../include/libraries/cmsis/cm4/device_support" -std=c99 -MMD -MP -MF"firmware/at32f403a_407_acc.d" -MT"firmware/at32f403a_407_acc.o" -c -o "firmware/at32f403a_407_acc.o" "../firmware/at32f403a_407_acc.c"
Finished building: ../firmware/at32f403a_407_acc.c
 
Building file: ../firmware/at32f403a_407_adc.c
Invoking: GNU Arm Cross C Compiler
arm-none-eabi-gcc -mcpu=cortex-m4 -mthumb -mfloat-abi=hard -mfpu=fpv4-sp-d16 -O0 -ffunction-sections  -g -DAT_START_F403A_V1 -DAT32F403AVGT7 -DUSE_STDPERIPH_DRIVER -I"../include" -I"../include/libraries/drivers/inc" -I"../include/libraries/cmsis/cm4/core_support" -I"../include/libraries/cmsis/cm4/device_support" -std=c99 -MMD -MP -MF"firmware/at32f403a_407_adc.d" -MT"firmware/at32f403a_407_adc.o" -c -o "firmware/at32f403a_407_adc.o" "../firmware/at32f403a_407_adc.c"
Finished building: ../firmware/at32f403a_407_adc.c
 
Building file: ../firmware/at32f403a_407_bpr.c
Invoking: GNU Arm Cross C Compiler
arm-none-eabi-gcc -mcpu=cortex-m4 -mthumb -mfloat-abi=hard -mfpu=fpv4-sp-d16 -O0 -ffunction-sections  -g -DAT_START_F403A_V1 -DAT32F403AVGT7 -DUSE_STDPERIPH_DRIVER -I"../include" -I"../include/libraries/drivers/inc" -I"../include/libraries/cmsis/cm4/core_support" -I"../include/libraries/cmsis/cm4/device_support" -std=c99 -MMD -MP -MF"firmware/at32f403a_407_bpr.d" -MT"firmware/at32f403a_407_bpr.o" -c -o "firmware/at32f403a_407_bpr.o" "../firmware/at32f403a_407_bpr.c"
Finished building: ../firmware/at32f403a_407_bpr.c
 
Building file: ../firmware/at32f403a_407_can.c
Invoking: GNU Arm Cross C Compiler
arm-none-eabi-gcc -mcpu=cortex-m4 -mthumb -mfloat-abi=hard -mfpu=fpv4-sp-d16 -O0 -ffunction-sections  -g -DAT_START_F403A_V1 -DAT32F403AVGT7 -DUSE_STDPERIPH_DRIVER -I"../include" -I"../include/libraries/drivers/inc" -I"../include/libraries/cmsis/cm4/core_support" -I"../include/libraries/cmsis/cm4/device_support" -std=c99 -MMD -MP -MF"firmware/at32f403a_407_can.d" -MT"firmware/at32f403a_407_can.o" -c -o "firmware/at32f403a_407_can.o" "../firmware/at32f403a_407_can.c"
Finished building: ../firmware/at32f403a_407_can.c
 
Building file: ../firmware/at32f403a_407_crc.c
Invoking: GNU Arm Cross C Compiler
arm-none-eabi-gcc -mcpu=cortex-m4 -mthumb -mfloat-abi=hard -mfpu=fpv4-sp-d16 -O0 -ffunction-sections  -g -DAT_START_F403A_V1 -DAT32F403AVGT7 -DUSE_STDPERIPH_DRIVER -I"../include" -I"../include/libraries/drivers/inc" -I"../include/libraries/cmsis/cm4/core_support" -I"../include/libraries/cmsis/cm4/device_support" -std=c99 -MMD -MP -MF"firmware/at32f403a_407_crc.d" -MT"firmware/at32f403a_407_crc.o" -c -o "firmware/at32f403a_407_crc.o" "../firmware/at32f403a_407_crc.c"
Finished building: ../firmware/at32f403a_407_crc.c
 
Building file: ../firmware/at32f403a_407_crm.c
Invoking: GNU Arm Cross C Compiler
arm-none-eabi-gcc -mcpu=cortex-m4 -mthumb -mfloat-abi=hard -mfpu=fpv4-sp-d16 -O0 -ffunction-sections  -g -DAT_START_F403A_V1 -DAT32F403AVGT7 -DUSE_STDPERIPH_DRIVER -I"../include" -I"../include/libraries/drivers/inc" -I"../include/libraries/cmsis/cm4/core_support" -I"../include/libraries/cmsis/cm4/device_support" -std=c99 -MMD -MP -MF"firmware/at32f403a_407_crm.d" -MT"firmware/at32f403a_407_crm.o" -c -o "firmware/at32f403a_407_crm.o" "../firmware/at32f403a_407_crm.c"
Finished building: ../firmware/at32f403a_407_crm.c
 
Building file: ../firmware/at32f403a_407_dac.c
Invoking: GNU Arm Cross C Compiler
arm-none-eabi-gcc -mcpu=cortex-m4 -mthumb -mfloat-abi=hard -mfpu=fpv4-sp-d16 -O0 -ffunction-sections  -g -DAT_START_F403A_V1 -DAT32F403AVGT7 -DUSE_STDPERIPH_DRIVER -I"../include" -I"../include/libraries/drivers/inc" -I"../include/libraries/cmsis/cm4/core_support" -I"../include/libraries/cmsis/cm4/device_support" -std=c99 -MMD -MP -MF"firmware/at32f403a_407_dac.d" -MT"firmware/at32f403a_407_dac.o" -c -o "firmware/at32f403a_407_dac.o" "../firmware/at32f403a_407_dac.c"
Finished building: ../firmware/at32f403a_407_dac.c
 
Building file: ../firmware/at32f403a_407_debug.c
Invoking: GNU Arm Cross C Compiler
arm-none-eabi-gcc -mcpu=cortex-m4 -mthumb -mfloat-abi=hard -mfpu=fpv4-sp-d16 -O0 -ffunction-sections  -g -DAT_START_F403A_V1 -DAT32F403AVGT7 -DUSE_STDPERIPH_DRIVER -I"../include" -I"../include/libraries/drivers/inc" -I"../include/libraries/cmsis/cm4/core_support" -I"../include/libraries/cmsis/cm4/device_support" -std=c99 -MMD -MP -MF"firmware/at32f403a_407_debug.d" -MT"firmware/at32f403a_407_debug.o" -c -o "firmware/at32f403a_407_debug.o" "../firmware/at32f403a_407_debug.c"
Finished building: ../firmware/at32f403a_407_debug.c
 
Building file: ../firmware/at32f403a_407_dma.c
Invoking: GNU Arm Cross C Compiler
arm-none-eabi-gcc -mcpu=cortex-m4 -mthumb -mfloat-abi=hard -mfpu=fpv4-sp-d16 -O0 -ffunction-sections  -g -DAT_START_F403A_V1 -DAT32F403AVGT7 -DUSE_STDPERIPH_DRIVER -I"../include" -I"../include/libraries/drivers/inc" -I"../include/libraries/cmsis/cm4/core_support" -I"../include/libraries/cmsis/cm4/device_support" -std=c99 -MMD -MP -MF"firmware/at32f403a_407_dma.d" -MT"firmware/at32f403a_407_dma.o" -c -o "firmware/at32f403a_407_dma.o" "../firmware/at32f403a_407_dma.c"
Finished building: ../firmware/at32f403a_407_dma.c
 
Building file: ../firmware/at32f403a_407_emac.c
Invoking: GNU Arm Cross C Compiler
arm-none-eabi-gcc -mcpu=cortex-m4 -mthumb -mfloat-abi=hard -mfpu=fpv4-sp-d16 -O0 -ffunction-sections  -g -DAT_START_F403A_V1 -DAT32F403AVGT7 -DUSE_STDPERIPH_DRIVER -I"../include" -I"../include/libraries/drivers/inc" -I"../include/libraries/cmsis/cm4/core_support" -I"../include/libraries/cmsis/cm4/device_support" -std=c99 -MMD -MP -MF"firmware/at32f403a_407_emac.d" -MT"firmware/at32f403a_407_emac.o" -c -o "firmware/at32f403a_407_emac.o" "../firmware/at32f403a_407_emac.c"
Finished building: ../firmware/at32f403a_407_emac.c
 
Building file: ../firmware/at32f403a_407_exint.c
Invoking: GNU Arm Cross C Compiler
arm-none-eabi-gcc -mcpu=cortex-m4 -mthumb -mfloat-abi=hard -mfpu=fpv4-sp-d16 -O0 -ffunction-sections  -g -DAT_START_F403A_V1 -DAT32F403AVGT7 -DUSE_STDPERIPH_DRIVER -I"../include" -I"../include/libraries/drivers/inc" -I"../include/libraries/cmsis/cm4/core_support" -I"../include/libraries/cmsis/cm4/device_support" -std=c99 -MMD -MP -MF"firmware/at32f403a_407_exint.d" -MT"firmware/at32f403a_407_exint.o" -c -o "firmware/at32f403a_407_exint.o" "../firmware/at32f403a_407_exint.c"
Finished building: ../firmware/at32f403a_407_exint.c
 
Building file: ../firmware/at32f403a_407_flash.c
Invoking: GNU Arm Cross C Compiler
arm-none-eabi-gcc -mcpu=cortex-m4 -mthumb -mfloat-abi=hard -mfpu=fpv4-sp-d16 -O0 -ffunction-sections  -g -DAT_START_F403A_V1 -DAT32F403AVGT7 -DUSE_STDPERIPH_DRIVER -I"../include" -I"../include/libraries/drivers/inc" -I"../include/libraries/cmsis/cm4/core_support" -I"../include/libraries/cmsis/cm4/device_support" -std=c99 -MMD -MP -MF"firmware/at32f403a_407_flash.d" -MT"firmware/at32f403a_407_flash.o" -c -o "firmware/at32f403a_407_flash.o" "../firmware/at32f403a_407_flash.c"
Finished building: ../firmware/at32f403a_407_flash.c
 
Building file: ../firmware/at32f403a_407_gpio.c
Invoking: GNU Arm Cross C Compiler
arm-none-eabi-gcc -mcpu=cortex-m4 -mthumb -mfloat-abi=hard -mfpu=fpv4-sp-d16 -O0 -ffunction-sections  -g -DAT_START_F403A_V1 -DAT32F403AVGT7 -DUSE_STDPERIPH_DRIVER -I"../include" -I"../include/libraries/drivers/inc" -I"../include/libraries/cmsis/cm4/core_support" -I"../include/libraries/cmsis/cm4/device_support" -std=c99 -MMD -MP -MF"firmware/at32f403a_407_gpio.d" -MT"firmware/at32f403a_407_gpio.o" -c -o "firmware/at32f403a_407_gpio.o" "../firmware/at32f403a_407_gpio.c"
Finished building: ../firmware/at32f403a_407_gpio.c
 
Building file: ../firmware/at32f403a_407_i2c.c
Invoking: GNU Arm Cross C Compiler
arm-none-eabi-gcc -mcpu=cortex-m4 -mthumb -mfloat-abi=hard -mfpu=fpv4-sp-d16 -O0 -ffunction-sections  -g -DAT_START_F403A_V1 -DAT32F403AVGT7 -DUSE_STDPERIPH_DRIVER -I"../include" -I"../include/libraries/drivers/inc" -I"../include/libraries/cmsis/cm4/core_support" -I"../include/libraries/cmsis/cm4/device_support" -std=c99 -MMD -MP -MF"firmware/at32f403a_407_i2c.d" -MT"firmware/at32f403a_407_i2c.o" -c -o "firmware/at32f403a_407_i2c.o" "../firmware/at32f403a_407_i2c.c"
Finished building: ../firmware/at32f403a_407_i2c.c
 
Building file: ../firmware/at32f403a_407_misc.c
Invoking: GNU Arm Cross C Compiler
arm-none-eabi-gcc -mcpu=cortex-m4 -mthumb -mfloat-abi=hard -mfpu=fpv4-sp-d16 -O0 -ffunction-sections  -g -DAT_START_F403A_V1 -DAT32F403AVGT7 -DUSE_STDPERIPH_DRIVER -I"../include" -I"../include/libraries/drivers/inc" -I"../include/libraries/cmsis/cm4/core_support" -I"../include/libraries/cmsis/cm4/device_support" -std=c99 -MMD -MP -MF"firmware/at32f403a_407_misc.d" -MT"firmware/at32f403a_407_misc.o" -c -o "firmware/at32f403a_407_misc.o" "../firmware/at32f403a_407_misc.c"
Finished building: ../firmware/at32f403a_407_misc.c
 
Building file: ../firmware/at32f403a_407_pwc.c
Invoking: GNU Arm Cross C Compiler
arm-none-eabi-gcc -mcpu=cortex-m4 -mthumb -mfloat-abi=hard -mfpu=fpv4-sp-d16 -O0 -ffunction-sections  -g -DAT_START_F403A_V1 -DAT32F403AVGT7 -DUSE_STDPERIPH_DRIVER -I"../include" -I"../include/libraries/drivers/inc" -I"../include/libraries/cmsis/cm4/core_support" -I"../include/libraries/cmsis/cm4/device_support" -std=c99 -MMD -MP -MF"firmware/at32f403a_407_pwc.d" -MT"firmware/at32f403a_407_pwc.o" -c -o "firmware/at32f403a_407_pwc.o" "../firmware/at32f403a_407_pwc.c"
Finished building: ../firmware/at32f403a_407_pwc.c
 
Building file: ../firmware/at32f403a_407_rtc.c
Invoking: GNU Arm Cross C Compiler
arm-none-eabi-gcc -mcpu=cortex-m4 -mthumb -mfloat-abi=hard -mfpu=fpv4-sp-d16 -O0 -ffunction-sections  -g -DAT_START_F403A_V1 -DAT32F403AVGT7 -DUSE_STDPERIPH_DRIVER -I"../include" -I"../include/libraries/drivers/inc" -I"../include/libraries/cmsis/cm4/core_support" -I"../include/libraries/cmsis/cm4/device_support" -std=c99 -MMD -MP -MF"firmware/at32f403a_407_rtc.d" -MT"firmware/at32f403a_407_rtc.o" -c -o "firmware/at32f403a_407_rtc.o" "../firmware/at32f403a_407_rtc.c"
Finished building: ../firmware/at32f403a_407_rtc.c
 
Building file: ../firmware/at32f403a_407_sdio.c
Invoking: GNU Arm Cross C Compiler
arm-none-eabi-gcc -mcpu=cortex-m4 -mthumb -mfloat-abi=hard -mfpu=fpv4-sp-d16 -O0 -ffunction-sections  -g -DAT_START_F403A_V1 -DAT32F403AVGT7 -DUSE_STDPERIPH_DRIVER -I"../include" -I"../include/libraries/drivers/inc" -I"../include/libraries/cmsis/cm4/core_support" -I"../include/libraries/cmsis/cm4/device_support" -std=c99 -MMD -MP -MF"firmware/at32f403a_407_sdio.d" -MT"firmware/at32f403a_407_sdio.o" -c -o "firmware/at32f403a_407_sdio.o" "../firmware/at32f403a_407_sdio.c"
Finished building: ../firmware/at32f403a_407_sdio.c
 
Building file: ../firmware/at32f403a_407_spi.c
Invoking: GNU Arm Cross C Compiler
arm-none-eabi-gcc -mcpu=cortex-m4 -mthumb -mfloat-abi=hard -mfpu=fpv4-sp-d16 -O0 -ffunction-sections  -g -DAT_START_F403A_V1 -DAT32F403AVGT7 -DUSE_STDPERIPH_DRIVER -I"../include" -I"../include/libraries/drivers/inc" -I"../include/libraries/cmsis/cm4/core_support" -I"../include/libraries/cmsis/cm4/device_support" -std=c99 -MMD -MP -MF"firmware/at32f403a_407_spi.d" -MT"firmware/at32f403a_407_spi.o" -c -o "firmware/at32f403a_407_spi.o" "../firmware/at32f403a_407_spi.c"
Finished building: ../firmware/at32f403a_407_spi.c
 
Building file: ../firmware/at32f403a_407_tmr.c
Invoking: GNU Arm Cross C Compiler
arm-none-eabi-gcc -mcpu=cortex-m4 -mthumb -mfloat-abi=hard -mfpu=fpv4-sp-d16 -O0 -ffunction-sections  -g -DAT_START_F403A_V1 -DAT32F403AVGT7 -DUSE_STDPERIPH_DRIVER -I"../include" -I"../include/libraries/drivers/inc" -I"../include/libraries/cmsis/cm4/core_support" -I"../include/libraries/cmsis/cm4/device_support" -std=c99 -MMD -MP -MF"firmware/at32f403a_407_tmr.d" -MT"firmware/at32f403a_407_tmr.o" -c -o "firmware/at32f403a_407_tmr.o" "../firmware/at32f403a_407_tmr.c"
Finished building: ../firmware/at32f403a_407_tmr.c
 
Building file: ../firmware/at32f403a_407_usart.c
Invoking: GNU Arm Cross C Compiler
arm-none-eabi-gcc -mcpu=cortex-m4 -mthumb -mfloat-abi=hard -mfpu=fpv4-sp-d16 -O0 -ffunction-sections  -g -DAT_START_F403A_V1 -DAT32F403AVGT7 -DUSE_STDPERIPH_DRIVER -I"../include" -I"../include/libraries/drivers/inc" -I"../include/libraries/cmsis/cm4/core_support" -I"../include/libraries/cmsis/cm4/device_support" -std=c99 -MMD -MP -MF"firmware/at32f403a_407_usart.d" -MT"firmware/at32f403a_407_usart.o" -c -o "firmware/at32f403a_407_usart.o" "../firmware/at32f403a_407_usart.c"
Finished building: ../firmware/at32f403a_407_usart.c
 
Building file: ../firmware/at32f403a_407_usb.c
Invoking: GNU Arm Cross C Compiler
arm-none-eabi-gcc -mcpu=cortex-m4 -mthumb -mfloat-abi=hard -mfpu=fpv4-sp-d16 -O0 -ffunction-sections  -g -DAT_START_F403A_V1 -DAT32F403AVGT7 -DUSE_STDPERIPH_DRIVER -I"../include" -I"../include/libraries/drivers/inc" -I"../include/libraries/cmsis/cm4/core_support" -I"../include/libraries/cmsis/cm4/device_support" -std=c99 -MMD -MP -MF"firmware/at32f403a_407_usb.d" -MT"firmware/at32f403a_407_usb.o" -c -o "firmware/at32f403a_407_usb.o" "../firmware/at32f403a_407_usb.c"
Finished building: ../firmware/at32f403a_407_usb.c
 
Building file: ../firmware/at32f403a_407_wdt.c
Invoking: GNU Arm Cross C Compiler
arm-none-eabi-gcc -mcpu=cortex-m4 -mthumb -mfloat-abi=hard -mfpu=fpv4-sp-d16 -O0 -ffunction-sections  -g -DAT_START_F403A_V1 -DAT32F403AVGT7 -DUSE_STDPERIPH_DRIVER -I"../include" -I"../include/libraries/drivers/inc" -I"../include/libraries/cmsis/cm4/core_support" -I"../include/libraries/cmsis/cm4/device_support" -std=c99 -MMD -MP -MF"firmware/at32f403a_407_wdt.d" -MT"firmware/at32f403a_407_wdt.o" -c -o "firmware/at32f403a_407_wdt.o" "../firmware/at32f403a_407_wdt.c"
Finished building: ../firmware/at32f403a_407_wdt.c
 
Building file: ../firmware/at32f403a_407_wwdt.c
Invoking: GNU Arm Cross C Compiler
arm-none-eabi-gcc -mcpu=cortex-m4 -mthumb -mfloat-abi=hard -mfpu=fpv4-sp-d16 -O0 -ffunction-sections  -g -DAT_START_F403A_V1 -DAT32F403AVGT7 -DUSE_STDPERIPH_DRIVER -I"../include" -I"../include/libraries/drivers/inc" -I"../include/libraries/cmsis/cm4/core_support" -I"../include/libraries/cmsis/cm4/device_support" -std=c99 -MMD -MP -MF"firmware/at32f403a_407_wwdt.d" -MT"firmware/at32f403a_407_wwdt.o" -c -o "firmware/at32f403a_407_wwdt.o" "../firmware/at32f403a_407_wwdt.c"
Finished building: ../firmware/at32f403a_407_wwdt.c
 
Building file: ../firmware/at32f403a_407_xmc.c
Invoking: GNU Arm Cross C Compiler
arm-none-eabi-gcc -mcpu=cortex-m4 -mthumb -mfloat-abi=hard -mfpu=fpv4-sp-d16 -O0 -ffunction-sections  -g -DAT_START_F403A_V1 -DAT32F403AVGT7 -DUSE_STDPERIPH_DRIVER -I"../include" -I"../include/libraries/drivers/inc" -I"../include/libraries/cmsis/cm4/core_support" -I"../include/libraries/cmsis/cm4/device_support" -std=c99 -MMD -MP -MF"firmware/at32f403a_407_xmc.d" -MT"firmware/at32f403a_407_xmc.o" -c -o "firmware/at32f403a_407_xmc.o" "../firmware/at32f403a_407_xmc.c"
Finished building: ../firmware/at32f403a_407_xmc.c
 
Building file: ../cmsis/startup_at32f403a_407.s
Invoking: GNU Arm Cross Assembler
arm-none-eabi-gcc -mcpu=cortex-m4 -mthumb -mfloat-abi=hard -mfpu=fpv4-sp-d16 -O0 -ffunction-sections  -g -x assembler-with-cpp -MMD -MP -MF"cmsis/startup_at32f403a_407.d" -MT"cmsis/startup_at32f403a_407.o" -c -o "cmsis/startup_at32f403a_407.o" "../cmsis/startup_at32f403a_407.s"
Finished building: ../cmsis/startup_at32f403a_407.s
 
Building file: ../cmsis/system_at32f403a_407.c
Invoking: GNU Arm Cross C Compiler
arm-none-eabi-gcc -mcpu=cortex-m4 -mthumb -mfloat-abi=hard -mfpu=fpv4-sp-d16 -O0 -ffunction-sections  -g -DAT_START_F403A_V1 -DAT32F403AVGT7 -DUSE_STDPERIPH_DRIVER -I"../include" -I"../include/libraries/drivers/inc" -I"../include/libraries/cmsis/cm4/core_support" -I"../include/libraries/cmsis/cm4/device_support" -std=c99 -MMD -MP -MF"cmsis/system_at32f403a_407.d" -MT"cmsis/system_at32f403a_407.o" -c -o "cmsis/system_at32f403a_407.o" "../cmsis/system_at32f403a_407.c"
Finished building: ../cmsis/system_at32f403a_407.c
 
Building file: ../bsp/at32f403a_407_board.c
Invoking: GNU Arm Cross C Compiler
arm-none-eabi-gcc -mcpu=cortex-m4 -mthumb -mfloat-abi=hard -mfpu=fpv4-sp-d16 -O0 -ffunction-sections  -g -DAT_START_F403A_V1 -DAT32F403AVGT7 -DUSE_STDPERIPH_DRIVER -I"../include" -I"../include/libraries/drivers/inc" -I"../include/libraries/cmsis/cm4/core_support" -I"../include/libraries/cmsis/cm4/device_support" -std=c99 -MMD -MP -MF"bsp/at32f403a_407_board.d" -MT"bsp/at32f403a_407_board.o" -c -o "bsp/at32f403a_407_board.o" "../bsp/at32f403a_407_board.c"
Finished building: ../bsp/at32f403a_407_board.c
 
Building target: bldc motor controller.elf
Invoking: GNU Arm Cross C Linker
arm-none-eabi-gcc -mcpu=cortex-m4 -mthumb -mfloat-abi=hard -mfpu=fpv4-sp-d16 -O0 -ffunction-sections  -g -T "/home/user/Documents/bldc motor /bldc motor controller/ldscripts/AT32F403AxG_FLASH.ld" -Xlinker --gc-sections -Wl,-Map,"bldc motor controller.map" --specs=nano.specs --specs=nosys.specs -o "bldc motor controller.elf" ./user/at32f403a_407_clock.o ./user/at32f403a_407_int.o ./user/main.o  ./firmware/at32f403a_407_acc.o ./firmware/at32f403a_407_adc.o ./firmware/at32f403a_407_bpr.o ./firmware/at32f403a_407_can.o ./firmware/at32f403a_407_crc.o ./firmware/at32f403a_407_crm.o ./firmware/at32f403a_407_dac.o ./firmware/at32f403a_407_debug.o ./firmware/at32f403a_407_dma.o ./firmware/at32f403a_407_emac.o ./firmware/at32f403a_407_exint.o ./firmware/at32f403a_407_flash.o ./firmware/at32f403a_407_gpio.o ./firmware/at32f403a_407_i2c.o ./firmware/at32f403a_407_misc.o ./firmware/at32f403a_407_pwc.o ./firmware/at32f403a_407_rtc.o ./firmware/at32f403a_407_sdio.o ./firmware/at32f403a_407_spi.o ./firmware/at32f403a_407_tmr.o ./firmware/at32f403a_407_usart.o ./firmware/at32f403a_407_usb.o ./firmware/at32f403a_407_wdt.o ./firmware/at32f403a_407_wwdt.o ./firmware/at32f403a_407_xmc.o  ./cmsis/startup_at32f403a_407.o ./cmsis/system_at32f403a_407.o  ./bsp/at32f403a_407_board.o   
Finished building target: bldc motor controller.elf
 
Invoking: GNU Arm Cross Create Flash Image
arm-none-eabi-objcopy -O ihex "bldc motor controller.elf"  "bldc motor controller.hex"
Finished building: bldc motor controller.hex
 
Invoking: GNU Arm Cross Print Size
arm-none-eabi-size --format=berkeley "bldc motor controller.elf"
   text	   data	    bss	    dec	    hex	filename
   5768	     48	   1632	   7448	   1d18	bldc motor controller.elf
Finished building: bldc motor controller.siz
 
18:03:20 **** Incremental Build of configuration Debug for project bldc motor controller ****
make all 
Building file: ../user/main.c
Invoking: GNU Arm Cross C Compiler
arm-none-eabi-gcc -mcpu=cortex-m4 -mthumb -mfloat-abi=hard -mfpu=fpv4-sp-d16 -O0 -ffunction-sections  -g -DAT_START_F403A_V1 -DAT32F403AVGT7 -DUSE_STDPERIPH_DRIVER -I"../include" -I"../include/libraries/drivers/inc" -I"../include/libraries/cmsis/cm4/core_support" -I"../include/libraries/cmsis/cm4/device_support" -std=c99 -MMD -MP -MF"user/main.d" -MT"user/main.o" -c -o "user/main.o" "../user/main.c"
Finished building: ../user/main.c
 
Building target: bldc motor controller.elf
Invoking: GNU Arm Cross C Linker
arm-none-eabi-gcc -mcpu=cortex-m4 -mthumb -mfloat-abi=hard -mfpu=fpv4-sp-d16 -O0 -ffunction-sections  -g -T "/home/user/Documents/bldc motor /bldc motor controller/ldscripts/AT32F403AxG_FLASH.ld" -Xlinker --gc-sections -Wl,-Map,"bldc motor controller.map" --specs=nano.specs --specs=nosys.specs -o "bldc motor controller.elf" ./user/at32f403a_407_clock.o ./user/at32f403a_407_int.o ./user/main.o  ./firmware/at32f403a_407_acc.o ./firmware/at32f403a_407_adc.o ./firmware/at32f403a_407_bpr.o ./firmware/at32f403a_407_can.o ./firmware/at32f403a_407_crc.o ./firmware/at32f403a_407_crm.o ./firmware/at32f403a_407_dac.o ./firmware/at32f403a_407_debug.o ./firmware/at32f403a_407_dma.o ./firmware/at32f403a_407_emac.o ./firmware/at32f403a_407_exint.o ./firmware/at32f403a_407_flash.o ./firmware/at32f403a_407_gpio.o ./firmware/at32f403a_407_i2c.o ./firmware/at32f403a_407_misc.o ./firmware/at32f403a_407_pwc.o ./firmware/at32f403a_407_rtc.o ./firmware/at32f403a_407_sdio.o ./firmware/at32f403a_407_spi.o ./firmware/at32f403a_407_tmr.o ./firmware/at32f403a_407_usart.o ./firmware/at32f403a_407_usb.o ./firmware/at32f403a_407_wdt.o ./firmware/at32f403a_407_wwdt.o ./firmware/at32f403a_407_xmc.o  ./cmsis/startup_at32f403a_407.o ./cmsis/system_at32f403a_407.o  ./bsp/at32f403a_407_board.o   
Finished building target: bldc motor controller.elf
 
Invoking: GNU Arm Cross Create Flash Image
arm-none-eabi-objcopy -O ihex "bldc motor controller.elf"  "bldc motor controller.hex"
Finished building: bldc motor controller.hex
 
Invoking: GNU Arm Cross Print Size
arm-none-eabi-size --format=berkeley "bldc motor controller.elf"
   text	   data	    bss	    dec	    hex	filename
   5768	     56	   1632	   7456	   1d20	bldc motor controller.elf
Finished building: bldc motor controller.siz
 
18:09:40 **** Incremental Build of configuration Debug for project bldc motor controller ****
make all 
Invoking: GNU Arm Cross Print Size
arm-none-eabi-size --format=berkeley "bldc motor controller.elf"
   text	   data	    bss	    dec	    hex	filename
   5768	     56	   1632	   7456	   1d20	bldc motor controller.elf
Finished building: bldc motor controller.siz
 
18:38:28 **** Incremental Build of configuration Debug for project bldc motor controller ****
make all 
Building file: ../user/main.c
Invoking: GNU Arm Cross C Compiler
arm-none-eabi-gcc -mcpu=cortex-m4 -mthumb -mfloat-abi=hard -mfpu=fpv4-sp-d16 -O0 -ffunction-sections  -g -DAT_START_F403A_V1 -DAT32F403AVGT7 -DUSE_STDPERIPH_DRIVER -I"../include" -I"../include/libraries/drivers/inc" -I"../include/libraries/cmsis/cm4/core_support" -I"../include/libraries/cmsis/cm4/device_support" -std=c99 -MMD -MP -MF"user/main.d" -MT"user/main.o" -c -o "user/main.o" "../user/main.c"
Finished building: ../user/main.c
 
Building target: bldc motor controller.elf
Invoking: GNU Arm Cross C Linker
arm-none-eabi-gcc -mcpu=cortex-m4 -mthumb -mfloat-abi=hard -mfpu=fpv4-sp-d16 -O0 -ffunction-sections  -g -T "/home/user/Documents/bldc motor /bldc motor controller/ldscripts/AT32F403AxG_FLASH.ld" -Xlinker --gc-sections -Wl,-Map,"bldc motor controller.map" --specs=nano.specs --specs=nosys.specs -o "bldc motor controller.elf" ./user/at32f403a_407_clock.o ./user/at32f403a_407_int.o ./user/main.o  ./firmware/at32f403a_407_acc.o ./firmware/at32f403a_407_adc.o ./firmware/at32f403a_407_bpr.o ./firmware/at32f403a_407_can.o ./firmware/at32f403a_407_crc.o ./firmware/at32f403a_407_crm.o ./firmware/at32f403a_407_dac.o ./firmware/at32f403a_407_debug.o ./firmware/at32f403a_407_dma.o ./firmware/at32f403a_407_emac.o ./firmware/at32f403a_407_exint.o ./firmware/at32f403a_407_flash.o ./firmware/at32f403a_407_gpio.o ./firmware/at32f403a_407_i2c.o ./firmware/at32f403a_407_misc.o ./firmware/at32f403a_407_pwc.o ./firmware/at32f403a_407_rtc.o ./firmware/at32f403a_407_sdio.o ./firmware/at32f403a_407_spi.o ./firmware/at32f403a_407_tmr.o ./firmware/at32f403a_407_usart.o ./firmware/at32f403a_407_usb.o ./firmware/at32f403a_407_wdt.o ./firmware/at32f403a_407_wwdt.o ./firmware/at32f403a_407_xmc.o  ./cmsis/startup_at32f403a_407.o ./cmsis/system_at32f403a_407.o  ./bsp/at32f403a_407_board.o   
Finished building target: bldc motor controller.elf
 
Invoking: GNU Arm Cross Create Flash Image
arm-none-eabi-objcopy -O ihex "bldc motor controller.elf"  "bldc motor controller.hex"
Finished building: bldc motor controller.hex
 
Invoking: GNU Arm Cross Print Size
arm-none-eabi-size --format=berkeley "bldc motor controller.elf"
   text	   data	    bss	    dec	    hex	filename
   5764	     56	   1632	   7452	   1d1c	bldc motor controller.elf
Finished building: bldc motor controller.siz
 
18:39:06 **** Incremental Build of configuration Debug for project bldc motor controller ****
make all 
Building file: ../user/main.c
Invoking: GNU Arm Cross C Compiler
arm-none-eabi-gcc -mcpu=cortex-m4 -mthumb -mfloat-abi=hard -mfpu=fpv4-sp-d16 -O0 -ffunction-sections  -g -DAT_START_F403A_V1 -DAT32F403AVGT7 -DUSE_STDPERIPH_DRIVER -I"../include" -I"../include/libraries/drivers/inc" -I"../include/libraries/cmsis/cm4/core_support" -I"../include/libraries/cmsis/cm4/device_support" -std=c99 -MMD -MP -MF"user/main.d" -MT"user/main.o" -c -o "user/main.o" "../user/main.c"
Finished building: ../user/main.c
 
Building target: bldc motor controller.elf
Invoking: GNU Arm Cross C Linker
arm-none-eabi-gcc -mcpu=cortex-m4 -mthumb -mfloat-abi=hard -mfpu=fpv4-sp-d16 -O0 -ffunction-sections  -g -T "/home/user/Documents/bldc motor /bldc motor controller/ldscripts/AT32F403AxG_FLASH.ld" -Xlinker --gc-sections -Wl,-Map,"bldc motor controller.map" --specs=nano.specs --specs=nosys.specs -o "bldc motor controller.elf" ./user/at32f403a_407_clock.o ./user/at32f403a_407_int.o ./user/main.o  ./firmware/at32f403a_407_acc.o ./firmware/at32f403a_407_adc.o ./firmware/at32f403a_407_bpr.o ./firmware/at32f403a_407_can.o ./firmware/at32f403a_407_crc.o ./firmware/at32f403a_407_crm.o ./firmware/at32f403a_407_dac.o ./firmware/at32f403a_407_debug.o ./firmware/at32f403a_407_dma.o ./firmware/at32f403a_407_emac.o ./firmware/at32f403a_407_exint.o ./firmware/at32f403a_407_flash.o ./firmware/at32f403a_407_gpio.o ./firmware/at32f403a_407_i2c.o ./firmware/at32f403a_407_misc.o ./firmware/at32f403a_407_pwc.o ./firmware/at32f403a_407_rtc.o ./firmware/at32f403a_407_sdio.o ./firmware/at32f403a_407_spi.o ./firmware/at32f403a_407_tmr.o ./firmware/at32f403a_407_usart.o ./firmware/at32f403a_407_usb.o ./firmware/at32f403a_407_wdt.o ./firmware/at32f403a_407_wwdt.o ./firmware/at32f403a_407_xmc.o  ./cmsis/startup_at32f403a_407.o ./cmsis/system_at32f403a_407.o  ./bsp/at32f403a_407_board.o   
Finished building target: bldc motor controller.elf
 
Invoking: GNU Arm Cross Create Flash Image
arm-none-eabi-objcopy -O ihex "bldc motor controller.elf"  "bldc motor controller.hex"
Finished building: bldc motor controller.hex
 
Invoking: GNU Arm Cross Print Size
arm-none-eabi-size --format=berkeley "bldc motor controller.elf"
   text	   data	    bss	    dec	    hex	filename
   5768	     56	   1632	   7456	   1d20	bldc motor controller.elf
Finished building: bldc motor controller.siz
 
18:39:22 **** Incremental Build of configuration Debug for project bldc motor controller ****
make all 
Building file: ../user/main.c
Invoking: GNU Arm Cross C Compiler
arm-none-eabi-gcc -mcpu=cortex-m4 -mthumb -mfloat-abi=hard -mfpu=fpv4-sp-d16 -O0 -ffunction-sections  -g -DAT_START_F403A_V1 -DAT32F403AVGT7 -DUSE_STDPERIPH_DRIVER -I"../include" -I"../include/libraries/drivers/inc" -I"../include/libraries/cmsis/cm4/core_support" -I"../include/libraries/cmsis/cm4/device_support" -std=c99 -MMD -MP -MF"user/main.d" -MT"user/main.o" -c -o "user/main.o" "../user/main.c"
Finished building: ../user/main.c
 
Building target: bldc motor controller.elf
Invoking: GNU Arm Cross C Linker
arm-none-eabi-gcc -mcpu=cortex-m4 -mthumb -mfloat-abi=hard -mfpu=fpv4-sp-d16 -O0 -ffunction-sections  -g -T "/home/user/Documents/bldc motor /bldc motor controller/ldscripts/AT32F403AxG_FLASH.ld" -Xlinker --gc-sections -Wl,-Map,"bldc motor controller.map" --specs=nano.specs --specs=nosys.specs -o "bldc motor controller.elf" ./user/at32f403a_407_clock.o ./user/at32f403a_407_int.o ./user/main.o  ./firmware/at32f403a_407_acc.o ./firmware/at32f403a_407_adc.o ./firmware/at32f403a_407_bpr.o ./firmware/at32f403a_407_can.o ./firmware/at32f403a_407_crc.o ./firmware/at32f403a_407_crm.o ./firmware/at32f403a_407_dac.o ./firmware/at32f403a_407_debug.o ./firmware/at32f403a_407_dma.o ./firmware/at32f403a_407_emac.o ./firmware/at32f403a_407_exint.o ./firmware/at32f403a_407_flash.o ./firmware/at32f403a_407_gpio.o ./firmware/at32f403a_407_i2c.o ./firmware/at32f403a_407_misc.o ./firmware/at32f403a_407_pwc.o ./firmware/at32f403a_407_rtc.o ./firmware/at32f403a_407_sdio.o ./firmware/at32f403a_407_spi.o ./firmware/at32f403a_407_tmr.o ./firmware/at32f403a_407_usart.o ./firmware/at32f403a_407_usb.o ./firmware/at32f403a_407_wdt.o ./firmware/at32f403a_407_wwdt.o ./firmware/at32f403a_407_xmc.o  ./cmsis/startup_at32f403a_407.o ./cmsis/system_at32f403a_407.o  ./bsp/at32f403a_407_board.o   
Finished building target: bldc motor controller.elf
 
Invoking: GNU Arm Cross Create Flash Image
arm-none-eabi-objcopy -O ihex "bldc motor controller.elf"  "bldc motor controller.hex"
Finished building: bldc motor controller.hex
 
Invoking: GNU Arm Cross Print Size
arm-none-eabi-size --format=berkeley "bldc motor controller.elf"
   text	   data	    bss	    dec	    hex	filename
   5768	     56	   1632	   7456	   1d20	bldc motor controller.elf
Finished building: bldc motor controller.siz
 
18:41:20 **** Incremental Build of configuration Debug for project bldc motor controller ****
make all 
Building file: ../user/main.c
Invoking: GNU Arm Cross C Compiler
arm-none-eabi-gcc -mcpu=cortex-m4 -mthumb -mfloat-abi=hard -mfpu=fpv4-sp-d16 -O0 -ffunction-sections  -g -DAT_START_F403A_V1 -DAT32F403AVGT7 -DUSE_STDPERIPH_DRIVER -I"../include" -I"../include/libraries/drivers/inc" -I"../include/libraries/cmsis/cm4/core_support" -I"../include/libraries/cmsis/cm4/device_support" -std=c99 -MMD -MP -MF"user/main.d" -MT"user/main.o" -c -o "user/main.o" "../user/main.c"
Finished building: ../user/main.c
 
Building target: bldc motor controller.elf
Invoking: GNU Arm Cross C Linker
arm-none-eabi-gcc -mcpu=cortex-m4 -mthumb -mfloat-abi=hard -mfpu=fpv4-sp-d16 -O0 -ffunction-sections  -g -T "/home/user/Documents/bldc motor /bldc motor controller/ldscripts/AT32F403AxG_FLASH.ld" -Xlinker --gc-sections -Wl,-Map,"bldc motor controller.map" --specs=nano.specs --specs=nosys.specs -o "bldc motor controller.elf" ./user/at32f403a_407_clock.o ./user/at32f403a_407_int.o ./user/main.o  ./firmware/at32f403a_407_acc.o ./firmware/at32f403a_407_adc.o ./firmware/at32f403a_407_bpr.o ./firmware/at32f403a_407_can.o ./firmware/at32f403a_407_crc.o ./firmware/at32f403a_407_crm.o ./firmware/at32f403a_407_dac.o ./firmware/at32f403a_407_debug.o ./firmware/at32f403a_407_dma.o ./firmware/at32f403a_407_emac.o ./firmware/at32f403a_407_exint.o ./firmware/at32f403a_407_flash.o ./firmware/at32f403a_407_gpio.o ./firmware/at32f403a_407_i2c.o ./firmware/at32f403a_407_misc.o ./firmware/at32f403a_407_pwc.o ./firmware/at32f403a_407_rtc.o ./firmware/at32f403a_407_sdio.o ./firmware/at32f403a_407_spi.o ./firmware/at32f403a_407_tmr.o ./firmware/at32f403a_407_usart.o ./firmware/at32f403a_407_usb.o ./firmware/at32f403a_407_wdt.o ./firmware/at32f403a_407_wwdt.o ./firmware/at32f403a_407_xmc.o  ./cmsis/startup_at32f403a_407.o ./cmsis/system_at32f403a_407.o  ./bsp/at32f403a_407_board.o   
Finished building target: bldc motor controller.elf
 
Invoking: GNU Arm Cross Create Flash Image
arm-none-eabi-objcopy -O ihex "bldc motor controller.elf"  "bldc motor controller.hex"
Finished building: bldc motor controller.hex
 
Invoking: GNU Arm Cross Print Size
arm-none-eabi-size --format=berkeley "bldc motor controller.elf"
   text	   data	    bss	    dec	    hex	filename
   5768	     56	   1632	   7456	   1d20	bldc motor controller.elf
Finished building: bldc motor controller.siz
 
18:43:57 **** Incremental Build of configuration Debug for project bldc motor controller ****
make all 
Building file: ../user/main.c
Invoking: GNU Arm Cross C Compiler
arm-none-eabi-gcc -mcpu=cortex-m4 -mthumb -mfloat-abi=hard -mfpu=fpv4-sp-d16 -O0 -ffunction-sections  -g -DAT_START_F403A_V1 -DAT32F403AVGT7 -DUSE_STDPERIPH_DRIVER -I"../include" -I"../include/libraries/drivers/inc" -I"../include/libraries/cmsis/cm4/core_support" -I"../include/libraries/cmsis/cm4/device_support" -std=c99 -MMD -MP -MF"user/main.d" -MT"user/main.o" -c -o "user/main.o" "../user/main.c"
Finished building: ../user/main.c
 
Building target: bldc motor controller.elf
Invoking: GNU Arm Cross C Linker
arm-none-eabi-gcc -mcpu=cortex-m4 -mthumb -mfloat-abi=hard -mfpu=fpv4-sp-d16 -O0 -ffunction-sections  -g -T "/home/user/Documents/bldc motor /bldc motor controller/ldscripts/AT32F403AxG_FLASH.ld" -Xlinker --gc-sections -Wl,-Map,"bldc motor controller.map" --specs=nano.specs --specs=nosys.specs -o "bldc motor controller.elf" ./user/at32f403a_407_clock.o ./user/at32f403a_407_int.o ./user/main.o  ./firmware/at32f403a_407_acc.o ./firmware/at32f403a_407_adc.o ./firmware/at32f403a_407_bpr.o ./firmware/at32f403a_407_can.o ./firmware/at32f403a_407_crc.o ./firmware/at32f403a_407_crm.o ./firmware/at32f403a_407_dac.o ./firmware/at32f403a_407_debug.o ./firmware/at32f403a_407_dma.o ./firmware/at32f403a_407_emac.o ./firmware/at32f403a_407_exint.o ./firmware/at32f403a_407_flash.o ./firmware/at32f403a_407_gpio.o ./firmware/at32f403a_407_i2c.o ./firmware/at32f403a_407_misc.o ./firmware/at32f403a_407_pwc.o ./firmware/at32f403a_407_rtc.o ./firmware/at32f403a_407_sdio.o ./firmware/at32f403a_407_spi.o ./firmware/at32f403a_407_tmr.o ./firmware/at32f403a_407_usart.o ./firmware/at32f403a_407_usb.o ./firmware/at32f403a_407_wdt.o ./firmware/at32f403a_407_wwdt.o ./firmware/at32f403a_407_xmc.o  ./cmsis/startup_at32f403a_407.o ./cmsis/system_at32f403a_407.o  ./bsp/at32f403a_407_board.o   
Finished building target: bldc motor controller.elf
 
Invoking: GNU Arm Cross Create Flash Image
arm-none-eabi-objcopy -O ihex "bldc motor controller.elf"  "bldc motor controller.hex"
Finished building: bldc motor controller.hex
 
Invoking: GNU Arm Cross Print Size
arm-none-eabi-size --format=berkeley "bldc motor controller.elf"
   text	   data	    bss	    dec	    hex	filename
   5768	     56	   1632	   7456	   1d20	bldc motor controller.elf
Finished building: bldc motor controller.siz
 
18:44:38 **** Incremental Build of configuration Debug for project bldc motor controller ****
make all 
Building file: ../user/main.c
Invoking: GNU Arm Cross C Compiler
arm-none-eabi-gcc -mcpu=cortex-m4 -mthumb -mfloat-abi=hard -mfpu=fpv4-sp-d16 -O0 -ffunction-sections  -g -DAT_START_F403A_V1 -DAT32F403AVGT7 -DUSE_STDPERIPH_DRIVER -I"../include" -I"../include/libraries/drivers/inc" -I"../include/libraries/cmsis/cm4/core_support" -I"../include/libraries/cmsis/cm4/device_support" -std=c99 -MMD -MP -MF"user/main.d" -MT"user/main.o" -c -o "user/main.o" "../user/main.c"
Finished building: ../user/main.c
 
Building target: bldc motor controller.elf
Invoking: GNU Arm Cross C Linker
arm-none-eabi-gcc -mcpu=cortex-m4 -mthumb -mfloat-abi=hard -mfpu=fpv4-sp-d16 -O0 -ffunction-sections  -g -T "/home/user/Documents/bldc motor /bldc motor controller/ldscripts/AT32F403AxG_FLASH.ld" -Xlinker --gc-sections -Wl,-Map,"bldc motor controller.map" --specs=nano.specs --specs=nosys.specs -o "bldc motor controller.elf" ./user/at32f403a_407_clock.o ./user/at32f403a_407_int.o ./user/main.o  ./firmware/at32f403a_407_acc.o ./firmware/at32f403a_407_adc.o ./firmware/at32f403a_407_bpr.o ./firmware/at32f403a_407_can.o ./firmware/at32f403a_407_crc.o ./firmware/at32f403a_407_crm.o ./firmware/at32f403a_407_dac.o ./firmware/at32f403a_407_debug.o ./firmware/at32f403a_407_dma.o ./firmware/at32f403a_407_emac.o ./firmware/at32f403a_407_exint.o ./firmware/at32f403a_407_flash.o ./firmware/at32f403a_407_gpio.o ./firmware/at32f403a_407_i2c.o ./firmware/at32f403a_407_misc.o ./firmware/at32f403a_407_pwc.o ./firmware/at32f403a_407_rtc.o ./firmware/at32f403a_407_sdio.o ./firmware/at32f403a_407_spi.o ./firmware/at32f403a_407_tmr.o ./firmware/at32f403a_407_usart.o ./firmware/at32f403a_407_usb.o ./firmware/at32f403a_407_wdt.o ./firmware/at32f403a_407_wwdt.o ./firmware/at32f403a_407_xmc.o  ./cmsis/startup_at32f403a_407.o ./cmsis/system_at32f403a_407.o  ./bsp/at32f403a_407_board.o   
Finished building target: bldc motor controller.elf
 
Invoking: GNU Arm Cross Create Flash Image
arm-none-eabi-objcopy -O ihex "bldc motor controller.elf"  "bldc motor controller.hex"
Finished building: bldc motor controller.hex
 
Invoking: GNU Arm Cross Print Size
arm-none-eabi-size --format=berkeley "bldc motor controller.elf"
   text	   data	    bss	    dec	    hex	filename
   5880	     56	   1632	   7568	   1d90	bldc motor controller.elf
Finished building: bldc motor controller.siz
 
19:15:03 **** Incremental Build of configuration Debug for project bldc motor controller ****
make all 
Invoking: GNU Arm Cross Print Size
arm-none-eabi-size --format=berkeley "bldc motor controller.elf"
   text	   data	    bss	    dec	    hex	filename
   5880	     56	   1632	   7568	   1d90	bldc motor controller.elf
Finished building: bldc motor controller.siz
 
19:17:23 **** Incremental Build of configuration Debug for project bldc motor controller ****
make all 
Building file: ../user/main.c
Invoking: GNU Arm Cross C Compiler
arm-none-eabi-gcc -mcpu=cortex-m4 -mthumb -mfloat-abi=hard -mfpu=fpv4-sp-d16 -O0 -ffunction-sections  -g -DAT_START_F403A_V1 -DAT32F403AVGT7 -DUSE_STDPERIPH_DRIVER -I"../include" -I"../include/libraries/drivers/inc" -I"../include/libraries/cmsis/cm4/core_support" -I"../include/libraries/cmsis/cm4/device_support" -std=c99 -MMD -MP -MF"user/main.d" -MT"user/main.o" -c -o "user/main.o" "../user/main.c"
In file included from ../user/main.c:30:
../include/servo.h:29:10: fatal error: i2c_application.h: No such file or directory
   29 | #include "i2c_application.h"
      |          ^~~~~~~~~~~~~~~~~~~
compilation terminated.
make: *** [user/subdir.mk:26: user/main.o] Error 1
"make all" terminated with exit code 2. Build might be incomplete.
19:18:50 **** Incremental Build of configuration Debug for project bldc motor controller ****
make all 
Building file: ../user/at32f403a_407_clock.c
Invoking: GNU Arm Cross C Compiler
arm-none-eabi-gcc -mcpu=cortex-m4 -mthumb -mfloat-abi=hard -mfpu=fpv4-sp-d16 -O0 -ffunction-sections  -g -DAT_START_F403A_V1 -DAT32F403AVGT7 -DUSE_STDPERIPH_DRIVER -I"../include" -I"../include/libraries/drivers/inc" -I"../include/libraries/cmsis/cm4/core_support" -I"../include/libraries/cmsis/cm4/device_support" -std=c99 -MMD -MP -MF"user/at32f403a_407_clock.d" -MT"user/at32f403a_407_clock.o" -c -o "user/at32f403a_407_clock.o" "../user/at32f403a_407_clock.c"
Finished building: ../user/at32f403a_407_clock.c
 
Building file: ../user/at32f403a_407_int.c
Invoking: GNU Arm Cross C Compiler
arm-none-eabi-gcc -mcpu=cortex-m4 -mthumb -mfloat-abi=hard -mfpu=fpv4-sp-d16 -O0 -ffunction-sections  -g -DAT_START_F403A_V1 -DAT32F403AVGT7 -DUSE_STDPERIPH_DRIVER -I"../include" -I"../include/libraries/drivers/inc" -I"../include/libraries/cmsis/cm4/core_support" -I"../include/libraries/cmsis/cm4/device_support" -std=c99 -MMD -MP -MF"user/at32f403a_407_int.d" -MT"user/at32f403a_407_int.o" -c -o "user/at32f403a_407_int.o" "../user/at32f403a_407_int.c"
Finished building: ../user/at32f403a_407_int.c
 
Building file: ../user/i2c_application.c
Invoking: GNU Arm Cross C Compiler
arm-none-eabi-gcc -mcpu=cortex-m4 -mthumb -mfloat-abi=hard -mfpu=fpv4-sp-d16 -O0 -ffunction-sections  -g -DAT_START_F403A_V1 -DAT32F403AVGT7 -DUSE_STDPERIPH_DRIVER -I"../include" -I"../include/libraries/drivers/inc" -I"../include/libraries/cmsis/cm4/core_support" -I"../include/libraries/cmsis/cm4/device_support" -std=c99 -MMD -MP -MF"user/i2c_application.d" -MT"user/i2c_application.o" -c -o "user/i2c_application.o" "../user/i2c_application.c"
Finished building: ../user/i2c_application.c
 
Building file: ../user/main.c
Invoking: GNU Arm Cross C Compiler
arm-none-eabi-gcc -mcpu=cortex-m4 -mthumb -mfloat-abi=hard -mfpu=fpv4-sp-d16 -O0 -ffunction-sections  -g -DAT_START_F403A_V1 -DAT32F403AVGT7 -DUSE_STDPERIPH_DRIVER -I"../include" -I"../include/libraries/drivers/inc" -I"../include/libraries/cmsis/cm4/core_support" -I"../include/libraries/cmsis/cm4/device_support" -std=c99 -MMD -MP -MF"user/main.d" -MT"user/main.o" -c -o "user/main.o" "../user/main.c"
../user/main.c:31:10: fatal error: mg90s.h: No such file or directory
   31 | #include "mg90s.h"
      |          ^~~~~~~~~
compilation terminated.
make: *** [user/subdir.mk:29: user/main.o] Error 1
"make all" terminated with exit code 2. Build might be incomplete.
19:19:14 **** Incremental Build of configuration Debug for project bldc motor controller ****
make all 
Building file: ../user/main.c
Invoking: GNU Arm Cross C Compiler
arm-none-eabi-gcc -mcpu=cortex-m4 -mthumb -mfloat-abi=hard -mfpu=fpv4-sp-d16 -O0 -ffunction-sections  -g -DAT_START_F403A_V1 -DAT32F403AVGT7 -DUSE_STDPERIPH_DRIVER -I"../include" -I"../include/libraries/drivers/inc" -I"../include/libraries/cmsis/cm4/core_support" -I"../include/libraries/cmsis/cm4/device_support" -std=c99 -MMD -MP -MF"user/main.d" -MT"user/main.o" -c -o "user/main.o" "../user/main.c"
Finished building: ../user/main.c
 
Building target: bldc motor controller.elf
Invoking: GNU Arm Cross C Linker
arm-none-eabi-gcc -mcpu=cortex-m4 -mthumb -mfloat-abi=hard -mfpu=fpv4-sp-d16 -O0 -ffunction-sections  -g -T "/home/user/Documents/bldc motor /bldc motor controller/ldscripts/AT32F403AxG_FLASH.ld" -Xlinker --gc-sections -Wl,-Map,"bldc motor controller.map" --specs=nano.specs --specs=nosys.specs -o "bldc motor controller.elf" ./user/at32f403a_407_clock.o ./user/at32f403a_407_int.o ./user/i2c_application.o ./user/main.o  ./firmware/at32f403a_407_acc.o ./firmware/at32f403a_407_adc.o ./firmware/at32f403a_407_bpr.o ./firmware/at32f403a_407_can.o ./firmware/at32f403a_407_crc.o ./firmware/at32f403a_407_crm.o ./firmware/at32f403a_407_dac.o ./firmware/at32f403a_407_debug.o ./firmware/at32f403a_407_dma.o ./firmware/at32f403a_407_emac.o ./firmware/at32f403a_407_exint.o ./firmware/at32f403a_407_flash.o ./firmware/at32f403a_407_gpio.o ./firmware/at32f403a_407_i2c.o ./firmware/at32f403a_407_misc.o ./firmware/at32f403a_407_pwc.o ./firmware/at32f403a_407_rtc.o ./firmware/at32f403a_407_sdio.o ./firmware/at32f403a_407_spi.o ./firmware/at32f403a_407_tmr.o ./firmware/at32f403a_407_usart.o ./firmware/at32f403a_407_usb.o ./firmware/at32f403a_407_wdt.o ./firmware/at32f403a_407_wwdt.o ./firmware/at32f403a_407_xmc.o  ./cmsis/startup_at32f403a_407.o ./cmsis/system_at32f403a_407.o  ./bsp/at32f403a_407_board.o   
Finished building target: bldc motor controller.elf
 
Invoking: GNU Arm Cross Create Flash Image
arm-none-eabi-objcopy -O ihex "bldc motor controller.elf"  "bldc motor controller.hex"
Finished building: bldc motor controller.hex
 
Invoking: GNU Arm Cross Print Size
arm-none-eabi-size --format=berkeley "bldc motor controller.elf"
   text	   data	    bss	    dec	    hex	filename
   8228	     56	   1688	   9972	   26f4	bldc motor controller.elf
Finished building: bldc motor controller.siz
 
19:19:27 **** Incremental Build of configuration Debug for project bldc motor controller ****
make all 
Invoking: GNU Arm Cross Print Size
arm-none-eabi-size --format=berkeley "bldc motor controller.elf"
   text	   data	    bss	    dec	    hex	filename
   8228	     56	   1688	   9972	   26f4	bldc motor controller.elf
Finished building: bldc motor controller.siz
 
19:19:44 **** Incremental Build of configuration Debug for project bldc motor controller ****
make all 
Invoking: GNU Arm Cross Print Size
arm-none-eabi-size --format=berkeley "bldc motor controller.elf"
   text	   data	    bss	    dec	    hex	filename
   8228	     56	   1688	   9972	   26f4	bldc motor controller.elf
Finished building: bldc motor controller.siz
 
19:29:34 **** Clean-only build of configuration Debug for project control ****
make clean 
make: *** No rule to make target 'clean'.  Stop.
"make clean" terminated with exit code 2. Build might be incomplete.
19:29:35 **** Build of configuration Debug for project control ****
make all 
Building file: ../user/at32f403a_407_clock.c
Invoking: GNU Arm Cross C Compiler
arm-none-eabi-gcc -mcpu=cortex-m4 -mthumb -mfloat-abi=hard -mfpu=fpv4-sp-d16 -O0 -ffunction-sections  -g -DAT_START_F403A_V1 -DAT32F403AVGT7 -DUSE_STDPERIPH_DRIVER -I"../include" -I"../include/libraries/drivers/inc" -I"../include/libraries/cmsis/cm4/core_support" -I"../include/libraries/cmsis/cm4/device_support" -std=c99 -MMD -MP -MF"user/at32f403a_407_clock.d" -MT"user/at32f403a_407_clock.o" -c -o "user/at32f403a_407_clock.o" "../user/at32f403a_407_clock.c"
Finished building: ../user/at32f403a_407_clock.c
 
Building file: ../user/at32f403a_407_int.c
Invoking: GNU Arm Cross C Compiler
arm-none-eabi-gcc -mcpu=cortex-m4 -mthumb -mfloat-abi=hard -mfpu=fpv4-sp-d16 -O0 -ffunction-sections  -g -DAT_START_F403A_V1 -DAT32F403AVGT7 -DUSE_STDPERIPH_DRIVER -I"../include" -I"../include/libraries/drivers/inc" -I"../include/libraries/cmsis/cm4/core_support" -I"../include/libraries/cmsis/cm4/device_support" -std=c99 -MMD -MP -MF"user/at32f403a_407_int.d" -MT"user/at32f403a_407_int.o" -c -o "user/at32f403a_407_int.o" "../user/at32f403a_407_int.c"
Finished building: ../user/at32f403a_407_int.c
 
Building file: ../user/i2c_application.c
Invoking: GNU Arm Cross C Compiler
arm-none-eabi-gcc -mcpu=cortex-m4 -mthumb -mfloat-abi=hard -mfpu=fpv4-sp-d16 -O0 -ffunction-sections  -g -DAT_START_F403A_V1 -DAT32F403AVGT7 -DUSE_STDPERIPH_DRIVER -I"../include" -I"../include/libraries/drivers/inc" -I"../include/libraries/cmsis/cm4/core_support" -I"../include/libraries/cmsis/cm4/device_support" -std=c99 -MMD -MP -MF"user/i2c_application.d" -MT"user/i2c_application.o" -c -o "user/i2c_application.o" "../user/i2c_application.c"
Finished building: ../user/i2c_application.c
 
Building file: ../user/main.c
Invoking: GNU Arm Cross C Compiler
arm-none-eabi-gcc -mcpu=cortex-m4 -mthumb -mfloat-abi=hard -mfpu=fpv4-sp-d16 -O0 -ffunction-sections  -g -DAT_START_F403A_V1 -DAT32F403AVGT7 -DUSE_STDPERIPH_DRIVER -I"../include" -I"../include/libraries/drivers/inc" -I"../include/libraries/cmsis/cm4/core_support" -I"../include/libraries/cmsis/cm4/device_support" -std=c99 -MMD -MP -MF"user/main.d" -MT"user/main.o" -c -o "user/main.o" "../user/main.c"
Finished building: ../user/main.c
 
Building file: ../firmware/at32f403a_407_acc.c
Invoking: GNU Arm Cross C Compiler
arm-none-eabi-gcc -mcpu=cortex-m4 -mthumb -mfloat-abi=hard -mfpu=fpv4-sp-d16 -O0 -ffunction-sections  -g -DAT_START_F403A_V1 -DAT32F403AVGT7 -DUSE_STDPERIPH_DRIVER -I"../include" -I"../include/libraries/drivers/inc" -I"../include/libraries/cmsis/cm4/core_support" -I"../include/libraries/cmsis/cm4/device_support" -std=c99 -MMD -MP -MF"firmware/at32f403a_407_acc.d" -MT"firmware/at32f403a_407_acc.o" -c -o "firmware/at32f403a_407_acc.o" "../firmware/at32f403a_407_acc.c"
Finished building: ../firmware/at32f403a_407_acc.c
 
Building file: ../firmware/at32f403a_407_adc.c
Invoking: GNU Arm Cross C Compiler
arm-none-eabi-gcc -mcpu=cortex-m4 -mthumb -mfloat-abi=hard -mfpu=fpv4-sp-d16 -O0 -ffunction-sections  -g -DAT_START_F403A_V1 -DAT32F403AVGT7 -DUSE_STDPERIPH_DRIVER -I"../include" -I"../include/libraries/drivers/inc" -I"../include/libraries/cmsis/cm4/core_support" -I"../include/libraries/cmsis/cm4/device_support" -std=c99 -MMD -MP -MF"firmware/at32f403a_407_adc.d" -MT"firmware/at32f403a_407_adc.o" -c -o "firmware/at32f403a_407_adc.o" "../firmware/at32f403a_407_adc.c"
Finished building: ../firmware/at32f403a_407_adc.c
 
Building file: ../firmware/at32f403a_407_bpr.c
Invoking: GNU Arm Cross C Compiler
arm-none-eabi-gcc -mcpu=cortex-m4 -mthumb -mfloat-abi=hard -mfpu=fpv4-sp-d16 -O0 -ffunction-sections  -g -DAT_START_F403A_V1 -DAT32F403AVGT7 -DUSE_STDPERIPH_DRIVER -I"../include" -I"../include/libraries/drivers/inc" -I"../include/libraries/cmsis/cm4/core_support" -I"../include/libraries/cmsis/cm4/device_support" -std=c99 -MMD -MP -MF"firmware/at32f403a_407_bpr.d" -MT"firmware/at32f403a_407_bpr.o" -c -o "firmware/at32f403a_407_bpr.o" "../firmware/at32f403a_407_bpr.c"
Finished building: ../firmware/at32f403a_407_bpr.c
 
Building file: ../firmware/at32f403a_407_can.c
Invoking: GNU Arm Cross C Compiler
arm-none-eabi-gcc -mcpu=cortex-m4 -mthumb -mfloat-abi=hard -mfpu=fpv4-sp-d16 -O0 -ffunction-sections  -g -DAT_START_F403A_V1 -DAT32F403AVGT7 -DUSE_STDPERIPH_DRIVER -I"../include" -I"../include/libraries/drivers/inc" -I"../include/libraries/cmsis/cm4/core_support" -I"../include/libraries/cmsis/cm4/device_support" -std=c99 -MMD -MP -MF"firmware/at32f403a_407_can.d" -MT"firmware/at32f403a_407_can.o" -c -o "firmware/at32f403a_407_can.o" "../firmware/at32f403a_407_can.c"
Finished building: ../firmware/at32f403a_407_can.c
 
Building file: ../firmware/at32f403a_407_crc.c
Invoking: GNU Arm Cross C Compiler
arm-none-eabi-gcc -mcpu=cortex-m4 -mthumb -mfloat-abi=hard -mfpu=fpv4-sp-d16 -O0 -ffunction-sections  -g -DAT_START_F403A_V1 -DAT32F403AVGT7 -DUSE_STDPERIPH_DRIVER -I"../include" -I"../include/libraries/drivers/inc" -I"../include/libraries/cmsis/cm4/core_support" -I"../include/libraries/cmsis/cm4/device_support" -std=c99 -MMD -MP -MF"firmware/at32f403a_407_crc.d" -MT"firmware/at32f403a_407_crc.o" -c -o "firmware/at32f403a_407_crc.o" "../firmware/at32f403a_407_crc.c"
Finished building: ../firmware/at32f403a_407_crc.c
 
Building file: ../firmware/at32f403a_407_crm.c
Invoking: GNU Arm Cross C Compiler
arm-none-eabi-gcc -mcpu=cortex-m4 -mthumb -mfloat-abi=hard -mfpu=fpv4-sp-d16 -O0 -ffunction-sections  -g -DAT_START_F403A_V1 -DAT32F403AVGT7 -DUSE_STDPERIPH_DRIVER -I"../include" -I"../include/libraries/drivers/inc" -I"../include/libraries/cmsis/cm4/core_support" -I"../include/libraries/cmsis/cm4/device_support" -std=c99 -MMD -MP -MF"firmware/at32f403a_407_crm.d" -MT"firmware/at32f403a_407_crm.o" -c -o "firmware/at32f403a_407_crm.o" "../firmware/at32f403a_407_crm.c"
Finished building: ../firmware/at32f403a_407_crm.c
 
Building file: ../firmware/at32f403a_407_dac.c
Invoking: GNU Arm Cross C Compiler
arm-none-eabi-gcc -mcpu=cortex-m4 -mthumb -mfloat-abi=hard -mfpu=fpv4-sp-d16 -O0 -ffunction-sections  -g -DAT_START_F403A_V1 -DAT32F403AVGT7 -DUSE_STDPERIPH_DRIVER -I"../include" -I"../include/libraries/drivers/inc" -I"../include/libraries/cmsis/cm4/core_support" -I"../include/libraries/cmsis/cm4/device_support" -std=c99 -MMD -MP -MF"firmware/at32f403a_407_dac.d" -MT"firmware/at32f403a_407_dac.o" -c -o "firmware/at32f403a_407_dac.o" "../firmware/at32f403a_407_dac.c"
Finished building: ../firmware/at32f403a_407_dac.c
 
Building file: ../firmware/at32f403a_407_debug.c
Invoking: GNU Arm Cross C Compiler
arm-none-eabi-gcc -mcpu=cortex-m4 -mthumb -mfloat-abi=hard -mfpu=fpv4-sp-d16 -O0 -ffunction-sections  -g -DAT_START_F403A_V1 -DAT32F403AVGT7 -DUSE_STDPERIPH_DRIVER -I"../include" -I"../include/libraries/drivers/inc" -I"../include/libraries/cmsis/cm4/core_support" -I"../include/libraries/cmsis/cm4/device_support" -std=c99 -MMD -MP -MF"firmware/at32f403a_407_debug.d" -MT"firmware/at32f403a_407_debug.o" -c -o "firmware/at32f403a_407_debug.o" "../firmware/at32f403a_407_debug.c"
Finished building: ../firmware/at32f403a_407_debug.c
 
Building file: ../firmware/at32f403a_407_dma.c
Invoking: GNU Arm Cross C Compiler
arm-none-eabi-gcc -mcpu=cortex-m4 -mthumb -mfloat-abi=hard -mfpu=fpv4-sp-d16 -O0 -ffunction-sections  -g -DAT_START_F403A_V1 -DAT32F403AVGT7 -DUSE_STDPERIPH_DRIVER -I"../include" -I"../include/libraries/drivers/inc" -I"../include/libraries/cmsis/cm4/core_support" -I"../include/libraries/cmsis/cm4/device_support" -std=c99 -MMD -MP -MF"firmware/at32f403a_407_dma.d" -MT"firmware/at32f403a_407_dma.o" -c -o "firmware/at32f403a_407_dma.o" "../firmware/at32f403a_407_dma.c"
Finished building: ../firmware/at32f403a_407_dma.c
 
Building file: ../firmware/at32f403a_407_emac.c
Invoking: GNU Arm Cross C Compiler
arm-none-eabi-gcc -mcpu=cortex-m4 -mthumb -mfloat-abi=hard -mfpu=fpv4-sp-d16 -O0 -ffunction-sections  -g -DAT_START_F403A_V1 -DAT32F403AVGT7 -DUSE_STDPERIPH_DRIVER -I"../include" -I"../include/libraries/drivers/inc" -I"../include/libraries/cmsis/cm4/core_support" -I"../include/libraries/cmsis/cm4/device_support" -std=c99 -MMD -MP -MF"firmware/at32f403a_407_emac.d" -MT"firmware/at32f403a_407_emac.o" -c -o "firmware/at32f403a_407_emac.o" "../firmware/at32f403a_407_emac.c"
Finished building: ../firmware/at32f403a_407_emac.c
 
Building file: ../firmware/at32f403a_407_exint.c
Invoking: GNU Arm Cross C Compiler
arm-none-eabi-gcc -mcpu=cortex-m4 -mthumb -mfloat-abi=hard -mfpu=fpv4-sp-d16 -O0 -ffunction-sections  -g -DAT_START_F403A_V1 -DAT32F403AVGT7 -DUSE_STDPERIPH_DRIVER -I"../include" -I"../include/libraries/drivers/inc" -I"../include/libraries/cmsis/cm4/core_support" -I"../include/libraries/cmsis/cm4/device_support" -std=c99 -MMD -MP -MF"firmware/at32f403a_407_exint.d" -MT"firmware/at32f403a_407_exint.o" -c -o "firmware/at32f403a_407_exint.o" "../firmware/at32f403a_407_exint.c"
Finished building: ../firmware/at32f403a_407_exint.c
 
Building file: ../firmware/at32f403a_407_flash.c
Invoking: GNU Arm Cross C Compiler
arm-none-eabi-gcc -mcpu=cortex-m4 -mthumb -mfloat-abi=hard -mfpu=fpv4-sp-d16 -O0 -ffunction-sections  -g -DAT_START_F403A_V1 -DAT32F403AVGT7 -DUSE_STDPERIPH_DRIVER -I"../include" -I"../include/libraries/drivers/inc" -I"../include/libraries/cmsis/cm4/core_support" -I"../include/libraries/cmsis/cm4/device_support" -std=c99 -MMD -MP -MF"firmware/at32f403a_407_flash.d" -MT"firmware/at32f403a_407_flash.o" -c -o "firmware/at32f403a_407_flash.o" "../firmware/at32f403a_407_flash.c"
Finished building: ../firmware/at32f403a_407_flash.c
 
Building file: ../firmware/at32f403a_407_gpio.c
Invoking: GNU Arm Cross C Compiler
arm-none-eabi-gcc -mcpu=cortex-m4 -mthumb -mfloat-abi=hard -mfpu=fpv4-sp-d16 -O0 -ffunction-sections  -g -DAT_START_F403A_V1 -DAT32F403AVGT7 -DUSE_STDPERIPH_DRIVER -I"../include" -I"../include/libraries/drivers/inc" -I"../include/libraries/cmsis/cm4/core_support" -I"../include/libraries/cmsis/cm4/device_support" -std=c99 -MMD -MP -MF"firmware/at32f403a_407_gpio.d" -MT"firmware/at32f403a_407_gpio.o" -c -o "firmware/at32f403a_407_gpio.o" "../firmware/at32f403a_407_gpio.c"
Finished building: ../firmware/at32f403a_407_gpio.c
 
Building file: ../firmware/at32f403a_407_i2c.c
Invoking: GNU Arm Cross C Compiler
arm-none-eabi-gcc -mcpu=cortex-m4 -mthumb -mfloat-abi=hard -mfpu=fpv4-sp-d16 -O0 -ffunction-sections  -g -DAT_START_F403A_V1 -DAT32F403AVGT7 -DUSE_STDPERIPH_DRIVER -I"../include" -I"../include/libraries/drivers/inc" -I"../include/libraries/cmsis/cm4/core_support" -I"../include/libraries/cmsis/cm4/device_support" -std=c99 -MMD -MP -MF"firmware/at32f403a_407_i2c.d" -MT"firmware/at32f403a_407_i2c.o" -c -o "firmware/at32f403a_407_i2c.o" "../firmware/at32f403a_407_i2c.c"
Finished building: ../firmware/at32f403a_407_i2c.c
 
Building file: ../firmware/at32f403a_407_misc.c
Invoking: GNU Arm Cross C Compiler
arm-none-eabi-gcc -mcpu=cortex-m4 -mthumb -mfloat-abi=hard -mfpu=fpv4-sp-d16 -O0 -ffunction-sections  -g -DAT_START_F403A_V1 -DAT32F403AVGT7 -DUSE_STDPERIPH_DRIVER -I"../include" -I"../include/libraries/drivers/inc" -I"../include/libraries/cmsis/cm4/core_support" -I"../include/libraries/cmsis/cm4/device_support" -std=c99 -MMD -MP -MF"firmware/at32f403a_407_misc.d" -MT"firmware/at32f403a_407_misc.o" -c -o "firmware/at32f403a_407_misc.o" "../firmware/at32f403a_407_misc.c"
Finished building: ../firmware/at32f403a_407_misc.c
 
Building file: ../firmware/at32f403a_407_pwc.c
Invoking: GNU Arm Cross C Compiler
arm-none-eabi-gcc -mcpu=cortex-m4 -mthumb -mfloat-abi=hard -mfpu=fpv4-sp-d16 -O0 -ffunction-sections  -g -DAT_START_F403A_V1 -DAT32F403AVGT7 -DUSE_STDPERIPH_DRIVER -I"../include" -I"../include/libraries/drivers/inc" -I"../include/libraries/cmsis/cm4/core_support" -I"../include/libraries/cmsis/cm4/device_support" -std=c99 -MMD -MP -MF"firmware/at32f403a_407_pwc.d" -MT"firmware/at32f403a_407_pwc.o" -c -o "firmware/at32f403a_407_pwc.o" "../firmware/at32f403a_407_pwc.c"
Finished building: ../firmware/at32f403a_407_pwc.c
 
Building file: ../firmware/at32f403a_407_rtc.c
Invoking: GNU Arm Cross C Compiler
arm-none-eabi-gcc -mcpu=cortex-m4 -mthumb -mfloat-abi=hard -mfpu=fpv4-sp-d16 -O0 -ffunction-sections  -g -DAT_START_F403A_V1 -DAT32F403AVGT7 -DUSE_STDPERIPH_DRIVER -I"../include" -I"../include/libraries/drivers/inc" -I"../include/libraries/cmsis/cm4/core_support" -I"../include/libraries/cmsis/cm4/device_support" -std=c99 -MMD -MP -MF"firmware/at32f403a_407_rtc.d" -MT"firmware/at32f403a_407_rtc.o" -c -o "firmware/at32f403a_407_rtc.o" "../firmware/at32f403a_407_rtc.c"
Finished building: ../firmware/at32f403a_407_rtc.c
 
Building file: ../firmware/at32f403a_407_sdio.c
Invoking: GNU Arm Cross C Compiler
arm-none-eabi-gcc -mcpu=cortex-m4 -mthumb -mfloat-abi=hard -mfpu=fpv4-sp-d16 -O0 -ffunction-sections  -g -DAT_START_F403A_V1 -DAT32F403AVGT7 -DUSE_STDPERIPH_DRIVER -I"../include" -I"../include/libraries/drivers/inc" -I"../include/libraries/cmsis/cm4/core_support" -I"../include/libraries/cmsis/cm4/device_support" -std=c99 -MMD -MP -MF"firmware/at32f403a_407_sdio.d" -MT"firmware/at32f403a_407_sdio.o" -c -o "firmware/at32f403a_407_sdio.o" "../firmware/at32f403a_407_sdio.c"
Finished building: ../firmware/at32f403a_407_sdio.c
 
Building file: ../firmware/at32f403a_407_spi.c
Invoking: GNU Arm Cross C Compiler
arm-none-eabi-gcc -mcpu=cortex-m4 -mthumb -mfloat-abi=hard -mfpu=fpv4-sp-d16 -O0 -ffunction-sections  -g -DAT_START_F403A_V1 -DAT32F403AVGT7 -DUSE_STDPERIPH_DRIVER -I"../include" -I"../include/libraries/drivers/inc" -I"../include/libraries/cmsis/cm4/core_support" -I"../include/libraries/cmsis/cm4/device_support" -std=c99 -MMD -MP -MF"firmware/at32f403a_407_spi.d" -MT"firmware/at32f403a_407_spi.o" -c -o "firmware/at32f403a_407_spi.o" "../firmware/at32f403a_407_spi.c"
Finished building: ../firmware/at32f403a_407_spi.c
 
Building file: ../firmware/at32f403a_407_tmr.c
Invoking: GNU Arm Cross C Compiler
arm-none-eabi-gcc -mcpu=cortex-m4 -mthumb -mfloat-abi=hard -mfpu=fpv4-sp-d16 -O0 -ffunction-sections  -g -DAT_START_F403A_V1 -DAT32F403AVGT7 -DUSE_STDPERIPH_DRIVER -I"../include" -I"../include/libraries/drivers/inc" -I"../include/libraries/cmsis/cm4/core_support" -I"../include/libraries/cmsis/cm4/device_support" -std=c99 -MMD -MP -MF"firmware/at32f403a_407_tmr.d" -MT"firmware/at32f403a_407_tmr.o" -c -o "firmware/at32f403a_407_tmr.o" "../firmware/at32f403a_407_tmr.c"
Finished building: ../firmware/at32f403a_407_tmr.c
 
Building file: ../firmware/at32f403a_407_usart.c
Invoking: GNU Arm Cross C Compiler
arm-none-eabi-gcc -mcpu=cortex-m4 -mthumb -mfloat-abi=hard -mfpu=fpv4-sp-d16 -O0 -ffunction-sections  -g -DAT_START_F403A_V1 -DAT32F403AVGT7 -DUSE_STDPERIPH_DRIVER -I"../include" -I"../include/libraries/drivers/inc" -I"../include/libraries/cmsis/cm4/core_support" -I"../include/libraries/cmsis/cm4/device_support" -std=c99 -MMD -MP -MF"firmware/at32f403a_407_usart.d" -MT"firmware/at32f403a_407_usart.o" -c -o "firmware/at32f403a_407_usart.o" "../firmware/at32f403a_407_usart.c"
Finished building: ../firmware/at32f403a_407_usart.c
 
Building file: ../firmware/at32f403a_407_usb.c
Invoking: GNU Arm Cross C Compiler
arm-none-eabi-gcc -mcpu=cortex-m4 -mthumb -mfloat-abi=hard -mfpu=fpv4-sp-d16 -O0 -ffunction-sections  -g -DAT_START_F403A_V1 -DAT32F403AVGT7 -DUSE_STDPERIPH_DRIVER -I"../include" -I"../include/libraries/drivers/inc" -I"../include/libraries/cmsis/cm4/core_support" -I"../include/libraries/cmsis/cm4/device_support" -std=c99 -MMD -MP -MF"firmware/at32f403a_407_usb.d" -MT"firmware/at32f403a_407_usb.o" -c -o "firmware/at32f403a_407_usb.o" "../firmware/at32f403a_407_usb.c"
Finished building: ../firmware/at32f403a_407_usb.c
 
Building file: ../firmware/at32f403a_407_wdt.c
Invoking: GNU Arm Cross C Compiler
arm-none-eabi-gcc -mcpu=cortex-m4 -mthumb -mfloat-abi=hard -mfpu=fpv4-sp-d16 -O0 -ffunction-sections  -g -DAT_START_F403A_V1 -DAT32F403AVGT7 -DUSE_STDPERIPH_DRIVER -I"../include" -I"../include/libraries/drivers/inc" -I"../include/libraries/cmsis/cm4/core_support" -I"../include/libraries/cmsis/cm4/device_support" -std=c99 -MMD -MP -MF"firmware/at32f403a_407_wdt.d" -MT"firmware/at32f403a_407_wdt.o" -c -o "firmware/at32f403a_407_wdt.o" "../firmware/at32f403a_407_wdt.c"
Finished building: ../firmware/at32f403a_407_wdt.c
 
Building file: ../firmware/at32f403a_407_wwdt.c
Invoking: GNU Arm Cross C Compiler
arm-none-eabi-gcc -mcpu=cortex-m4 -mthumb -mfloat-abi=hard -mfpu=fpv4-sp-d16 -O0 -ffunction-sections  -g -DAT_START_F403A_V1 -DAT32F403AVGT7 -DUSE_STDPERIPH_DRIVER -I"../include" -I"../include/libraries/drivers/inc" -I"../include/libraries/cmsis/cm4/core_support" -I"../include/libraries/cmsis/cm4/device_support" -std=c99 -MMD -MP -MF"firmware/at32f403a_407_wwdt.d" -MT"firmware/at32f403a_407_wwdt.o" -c -o "firmware/at32f403a_407_wwdt.o" "../firmware/at32f403a_407_wwdt.c"
Finished building: ../firmware/at32f403a_407_wwdt.c
 
Building file: ../firmware/at32f403a_407_xmc.c
Invoking: GNU Arm Cross C Compiler
arm-none-eabi-gcc -mcpu=cortex-m4 -mthumb -mfloat-abi=hard -mfpu=fpv4-sp-d16 -O0 -ffunction-sections  -g -DAT_START_F403A_V1 -DAT32F403AVGT7 -DUSE_STDPERIPH_DRIVER -I"../include" -I"../include/libraries/drivers/inc" -I"../include/libraries/cmsis/cm4/core_support" -I"../include/libraries/cmsis/cm4/device_support" -std=c99 -MMD -MP -MF"firmware/at32f403a_407_xmc.d" -MT"firmware/at32f403a_407_xmc.o" -c -o "firmware/at32f403a_407_xmc.o" "../firmware/at32f403a_407_xmc.c"
Finished building: ../firmware/at32f403a_407_xmc.c
 
Building file: ../cmsis/startup_at32f403a_407.s
Invoking: GNU Arm Cross Assembler
arm-none-eabi-gcc -mcpu=cortex-m4 -mthumb -mfloat-abi=hard -mfpu=fpv4-sp-d16 -O0 -ffunction-sections  -g -x assembler-with-cpp -MMD -MP -MF"cmsis/startup_at32f403a_407.d" -MT"cmsis/startup_at32f403a_407.o" -c -o "cmsis/startup_at32f403a_407.o" "../cmsis/startup_at32f403a_407.s"
Finished building: ../cmsis/startup_at32f403a_407.s
 
Building file: ../cmsis/system_at32f403a_407.c
Invoking: GNU Arm Cross C Compiler
arm-none-eabi-gcc -mcpu=cortex-m4 -mthumb -mfloat-abi=hard -mfpu=fpv4-sp-d16 -O0 -ffunction-sections  -g -DAT_START_F403A_V1 -DAT32F403AVGT7 -DUSE_STDPERIPH_DRIVER -I"../include" -I"../include/libraries/drivers/inc" -I"../include/libraries/cmsis/cm4/core_support" -I"../include/libraries/cmsis/cm4/device_support" -std=c99 -MMD -MP -MF"cmsis/system_at32f403a_407.d" -MT"cmsis/system_at32f403a_407.o" -c -o "cmsis/system_at32f403a_407.o" "../cmsis/system_at32f403a_407.c"
Finished building: ../cmsis/system_at32f403a_407.c
 
Building file: ../bsp/at32f403a_407_board.c
Invoking: GNU Arm Cross C Compiler
arm-none-eabi-gcc -mcpu=cortex-m4 -mthumb -mfloat-abi=hard -mfpu=fpv4-sp-d16 -O0 -ffunction-sections  -g -DAT_START_F403A_V1 -DAT32F403AVGT7 -DUSE_STDPERIPH_DRIVER -I"../include" -I"../include/libraries/drivers/inc" -I"../include/libraries/cmsis/cm4/core_support" -I"../include/libraries/cmsis/cm4/device_support" -std=c99 -MMD -MP -MF"bsp/at32f403a_407_board.d" -MT"bsp/at32f403a_407_board.o" -c -o "bsp/at32f403a_407_board.o" "../bsp/at32f403a_407_board.c"
../bsp/at32f403a_407_board.c: In function '__io_putchar':
../bsp/at32f403a_407_board.c:95:24: error: 'PRINT_UART' undeclared (first use in this function)
   95 |   while(usart_flag_get(PRINT_UART, USART_TDBE_FLAG) == RESET);
      |                        ^~~~~~~~~~
../bsp/at32f403a_407_board.c:95:24: note: each undeclared identifier is reported only once for each function it appears in
../bsp/at32f403a_407_board.c: In function '_write':
../bsp/at32f403a_407_board.c:111:26: error: 'PRINT_UART' undeclared (first use in this function)
  111 |     while(usart_flag_get(PRINT_UART, USART_TDBE_FLAG) == RESET);
      |                          ^~~~~~~~~~
../bsp/at32f403a_407_board.c: In function 'uart_print_init':
../bsp/at32f403a_407_board.c:130:3: warning: implicit declaration of function 'setvbuf' [-Wimplicit-function-declaration]
  130 |   setvbuf(stdout, NULL, _IONBF, 0);
      |   ^~~~~~~
../bsp/at32f403a_407_board.c:130:11: error: 'stdout' undeclared (first use in this function)
  130 |   setvbuf(stdout, NULL, _IONBF, 0);
      |           ^~~~~~
../bsp/at32f403a_407_board.c:27:1: note: 'stdout' is defined in header '<stdio.h>'; did you forget to '#include <stdio.h>'?
   26 | #include "at32f403a_407_board.h"
  +++ |+#include <stdio.h>
   27 | 
../bsp/at32f403a_407_board.c:130:19: error: 'NULL' undeclared (first use in this function)
  130 |   setvbuf(stdout, NULL, _IONBF, 0);
      |                   ^~~~
../bsp/at32f403a_407_board.c:27:1: note: 'NULL' is defined in header '<stddef.h>'; did you forget to '#include <stddef.h>'?
   26 | #include "at32f403a_407_board.h"
  +++ |+#include <stddef.h>
   27 | 
../bsp/at32f403a_407_board.c:130:25: error: '_IONBF' undeclared (first use in this function)
  130 |   setvbuf(stdout, NULL, _IONBF, 0);
      |                         ^~~~~~
../bsp/at32f403a_407_board.c:134:27: error: 'PRINT_UART_CRM_CLK' undeclared (first use in this function)
  134 |   crm_periph_clock_enable(PRINT_UART_CRM_CLK, TRUE);
      |                           ^~~~~~~~~~~~~~~~~~
../bsp/at32f403a_407_board.c:135:27: error: 'PRINT_UART_TX_GPIO_CRM_CLK' undeclared (first use in this function)
  135 |   crm_periph_clock_enable(PRINT_UART_TX_GPIO_CRM_CLK, TRUE);
      |                           ^~~~~~~~~~~~~~~~~~~~~~~~~~
../bsp/at32f403a_407_board.c:143:32: error: 'PRINT_UART_TX_PIN' undeclared (first use in this function)
  143 |   gpio_init_struct.gpio_pins = PRINT_UART_TX_PIN;
      |                                ^~~~~~~~~~~~~~~~~
../bsp/at32f403a_407_board.c:145:13: error: 'PRINT_UART_TX_GPIO' undeclared (first use in this function)
  145 |   gpio_init(PRINT_UART_TX_GPIO, &gpio_init_struct);
      |             ^~~~~~~~~~~~~~~~~~
../bsp/at32f403a_407_board.c:148:14: error: 'PRINT_UART' undeclared (first use in this function)
  148 |   usart_init(PRINT_UART, baudrate, USART_DATA_8BITS, USART_STOP_1_BIT);
      |              ^~~~~~~~~~
make: *** [bsp/subdir.mk:20: bsp/at32f403a_407_board.o] Error 1
"make all" terminated with exit code 2. Build might be incomplete.
19:31:08 **** Incremental Build of configuration Debug for project control ****
make all 
Building file: ../bsp/at32f403a_407_board.c
Invoking: GNU Arm Cross C Compiler
arm-none-eabi-gcc -mcpu=cortex-m4 -mthumb -mfloat-abi=hard -mfpu=fpv4-sp-d16 -O0 -ffunction-sections  -g -DAT_START_F403A_V1 -DAT32F403AVGT7 -DUSE_STDPERIPH_DRIVER -I"../include" -I"../include/libraries/drivers/inc" -I"../include/libraries/cmsis/cm4/core_support" -I"../include/libraries/cmsis/cm4/device_support" -std=c99 -MMD -MP -MF"bsp/at32f403a_407_board.d" -MT"bsp/at32f403a_407_board.o" -c -o "bsp/at32f403a_407_board.o" "../bsp/at32f403a_407_board.c"
Finished building: ../bsp/at32f403a_407_board.c
 
Building target: control.elf
Invoking: GNU Arm Cross C Linker
arm-none-eabi-gcc -mcpu=cortex-m4 -mthumb -mfloat-abi=hard -mfpu=fpv4-sp-d16 -O0 -ffunction-sections  -g -T "/home/user/Documents/bldc motor /control/ldscripts/AT32F403AxG_FLASH.ld" -Xlinker --gc-sections -Wl,-Map,"control.map" --specs=nano.specs --specs=nosys.specs -o "control.elf" ./user/at32f403a_407_clock.o ./user/at32f403a_407_int.o ./user/i2c_application.o ./user/main.o  ./firmware/at32f403a_407_acc.o ./firmware/at32f403a_407_adc.o ./firmware/at32f403a_407_bpr.o ./firmware/at32f403a_407_can.o ./firmware/at32f403a_407_crc.o ./firmware/at32f403a_407_crm.o ./firmware/at32f403a_407_dac.o ./firmware/at32f403a_407_debug.o ./firmware/at32f403a_407_dma.o ./firmware/at32f403a_407_emac.o ./firmware/at32f403a_407_exint.o ./firmware/at32f403a_407_flash.o ./firmware/at32f403a_407_gpio.o ./firmware/at32f403a_407_i2c.o ./firmware/at32f403a_407_misc.o ./firmware/at32f403a_407_pwc.o ./firmware/at32f403a_407_rtc.o ./firmware/at32f403a_407_sdio.o ./firmware/at32f403a_407_spi.o ./firmware/at32f403a_407_tmr.o ./firmware/at32f403a_407_usart.o ./firmware/at32f403a_407_usb.o ./firmware/at32f403a_407_wdt.o ./firmware/at32f403a_407_wwdt.o ./firmware/at32f403a_407_xmc.o  ./cmsis/startup_at32f403a_407.o ./cmsis/system_at32f403a_407.o  ./bsp/at32f403a_407_board.o   
Finished building target: control.elf
 
Invoking: GNU Arm Cross Create Flash Image
arm-none-eabi-objcopy -O ihex "control.elf"  "control.hex"
Finished building: control.hex
 
Invoking: GNU Arm Cross Print Size
arm-none-eabi-size --format=berkeley "control.elf"
   text	   data	    bss	    dec	    hex	filename
   8228	     56	   1688	   9972	   26f4	control.elf
Finished building: control.siz
 
19:31:10 **** Incremental Build of configuration Debug for project control ****
make all 
Invoking: GNU Arm Cross Print Size
arm-none-eabi-size --format=berkeley "control.elf"
   text	   data	    bss	    dec	    hex	filename
   8228	     56	   1688	   9972	   26f4	control.elf
Finished building: control.siz
 
12:33:36 **** Incremental Build of configuration Debug for project control ****
make all 
Building file: ../user/main.c
Invoking: GNU Arm Cross C Compiler
arm-none-eabi-gcc -mcpu=cortex-m4 -mthumb -mfloat-abi=hard -mfpu=fpv4-sp-d16 -O0 -ffunction-sections  -g -DAT_START_F403A_V1 -DAT32F403AVGT7 -DUSE_STDPERIPH_DRIVER -I"../include" -I"../include/libraries/drivers/inc" -I"../include/libraries/cmsis/cm4/core_support" -I"../include/libraries/cmsis/cm4/device_support" -std=c99 -MMD -MP -MF"user/main.d" -MT"user/main.o" -c -o "user/main.o" "../user/main.c"
../user/main.c: In function 'main':
../user/main.c:346:2: warning: implicit declaration of function 'TMR3_DMA_Duty_Cycle'; did you mean 'TMR2_DMA_Duty_Cycle'? [-Wimplicit-function-declaration]
  346 |  TMR3_DMA_Duty_Cycle();
      |  ^~~~~~~~~~~~~~~~~~~
      |  TMR2_DMA_Duty_Cycle
Finished building: ../user/main.c
 
Building target: control.elf
Invoking: GNU Arm Cross C Linker
arm-none-eabi-gcc -mcpu=cortex-m4 -mthumb -mfloat-abi=hard -mfpu=fpv4-sp-d16 -O0 -ffunction-sections  -g -T "/home/user/Documents/bldc motor /control/ldscripts/AT32F403AxG_FLASH.ld" -Xlinker --gc-sections -Wl,-Map,"control.map" --specs=nano.specs --specs=nosys.specs -o "control.elf" ./user/at32f403a_407_clock.o ./user/at32f403a_407_int.o ./user/i2c_application.o ./user/main.o  ./firmware/at32f403a_407_acc.o ./firmware/at32f403a_407_adc.o ./firmware/at32f403a_407_bpr.o ./firmware/at32f403a_407_can.o ./firmware/at32f403a_407_crc.o ./firmware/at32f403a_407_crm.o ./firmware/at32f403a_407_dac.o ./firmware/at32f403a_407_debug.o ./firmware/at32f403a_407_dma.o ./firmware/at32f403a_407_emac.o ./firmware/at32f403a_407_exint.o ./firmware/at32f403a_407_flash.o ./firmware/at32f403a_407_gpio.o ./firmware/at32f403a_407_i2c.o ./firmware/at32f403a_407_misc.o ./firmware/at32f403a_407_pwc.o ./firmware/at32f403a_407_rtc.o ./firmware/at32f403a_407_sdio.o ./firmware/at32f403a_407_spi.o ./firmware/at32f403a_407_tmr.o ./firmware/at32f403a_407_usart.o ./firmware/at32f403a_407_usb.o ./firmware/at32f403a_407_wdt.o ./firmware/at32f403a_407_wwdt.o ./firmware/at32f403a_407_xmc.o  ./cmsis/startup_at32f403a_407.o ./cmsis/system_at32f403a_407.o  ./bsp/at32f403a_407_board.o   
/home/user/Documents/AT32_IDE_V1.0.09_Linux-x86_64/AT32IDE_V1.0.09_Linux-x86_64/platform/tools/gcc-arm-none-eabi-10.3-2021.10/bin/../lib/gcc/arm-none-eabi/10.3.1/../../../../arm-none-eabi/bin/ld: ./user/main.o: in function `main':
/home/user/Documents/bldc motor /control/Debug/../user/main.c:346: undefined reference to `TMR3_DMA_Duty_Cycle'
collect2: error: ld returned 1 exit status
make: *** [makefile:64: control.elf] Error 1
"make all" terminated with exit code 2. Build might be incomplete.
12:33:56 **** Incremental Build of configuration Debug for project control ****
make all 
Building file: ../user/main.c
Invoking: GNU Arm Cross C Compiler
arm-none-eabi-gcc -mcpu=cortex-m4 -mthumb -mfloat-abi=hard -mfpu=fpv4-sp-d16 -O0 -ffunction-sections  -g -DAT_START_F403A_V1 -DAT32F403AVGT7 -DUSE_STDPERIPH_DRIVER -I"../include" -I"../include/libraries/drivers/inc" -I"../include/libraries/cmsis/cm4/core_support" -I"../include/libraries/cmsis/cm4/device_support" -std=c99 -MMD -MP -MF"user/main.d" -MT"user/main.o" -c -o "user/main.o" "../user/main.c"
Finished building: ../user/main.c
 
Building target: control.elf
Invoking: GNU Arm Cross C Linker
[...]
Invoking: GNU Arm Cross C Compiler
arm-none-eabi-gcc -mcpu=cortex-m4 -mthumb -mfloat-abi=hard -mfpu=fpv4-sp-d16 -O0 -ffunction-sections  -g -DAT_START_F403A_V1 -DAT32F403AVGT7 -DUSE_STDPERIPH_DRIVER -I"../include" -I"../include/libraries/drivers/inc" -I"../include/libraries/cmsis/cm4/core_support" -I"../include/libraries/cmsis/cm4/device_support" -std=c99 -MMD -MP -MF"user/i2c_application.d" -MT"user/i2c_application.o" -c -o "user/i2c_application.o" "../user/i2c_application.c"
Finished building: ../user/i2c_application.c
 
Building file: ../user/main.c
Invoking: GNU Arm Cross C Compiler
arm-none-eabi-gcc -mcpu=cortex-m4 -mthumb -mfloat-abi=hard -mfpu=fpv4-sp-d16 -O0 -ffunction-sections  -g -DAT_START_F403A_V1 -DAT32F403AVGT7 -DUSE_STDPERIPH_DRIVER -I"../include" -I"../include/libraries/drivers/inc" -I"../include/libraries/cmsis/cm4/core_support" -I"../include/libraries/cmsis/cm4/device_support" -std=c99 -MMD -MP -MF"user/main.d" -MT"user/main.o" -c -o "user/main.o" "../user/main.c"
Finished building: ../user/main.c
 
Building file: ../user/motor_control.c
Invoking: GNU Arm Cross C Compiler
arm-none-eabi-gcc -mcpu=cortex-m4 -mthumb -mfloat-abi=hard -mfpu=fpv4-sp-d16 -O0 -ffunction-sections  -g -DAT_START_F403A_V1 -DAT32F403AVGT7 -DUSE_STDPERIPH_DRIVER -I"../include" -I"../include/libraries/drivers/inc" -I"../include/libraries/cmsis/cm4/core_support" -I"../include/libraries/cmsis/cm4/device_support" -std=c99 -MMD -MP -MF"user/motor_control.d" -MT"user/motor_control.o" -c -o "user/motor_control.o" "../user/motor_control.c"
Finished building: ../user/motor_control.c
 
Building target: control.elf
Invoking: GNU Arm Cross C Linker
arm-none-eabi-gcc -mcpu=cortex-m4 -mthumb -mfloat-abi=hard -mfpu=fpv4-sp-d16 -O0 -ffunction-sections  -g -T "/home/user/Documents/bldc motor /control/ldscripts/AT32F403AxG_FLASH.ld" -Xlinker --gc-sections -Wl,-Map,"control.map" --specs=nano.specs --specs=nosys.specs -o "control.elf" ./user/at32f403a_407_clock.o ./user/at32f403a_407_int.o ./user/at32f403a_407_wk_config.o ./user/i2c_application.o ./user/main.o ./user/motor_control.o  ./firmware/at32f403a_407_acc.o ./firmware/at32f403a_407_adc.o ./firmware/at32f403a_407_bpr.o ./firmware/at32f403a_407_can.o ./firmware/at32f403a_407_crc.o ./firmware/at32f403a_407_crm.o ./firmware/at32f403a_407_dac.o ./firmware/at32f403a_407_debug.o ./firmware/at32f403a_407_dma.o ./firmware/at32f403a_407_emac.o ./firmware/at32f403a_407_exint.o ./firmware/at32f403a_407_flash.o ./firmware/at32f403a_407_gpio.o ./firmware/at32f403a_407_i2c.o ./firmware/at32f403a_407_misc.o ./firmware/at32f403a_407_pwc.o ./firmware/at32f403a_407_rtc.o ./firmware/at32f403a_407_sdio.o ./firmware/at32f403a_407_spi.o ./firmware/at32f403a_407_tmr.o ./firmware/at32f403a_407_usart.o ./firmware/at32f403a_407_usb.o ./firmware/at32f403a_407_wdt.o ./firmware/at32f403a_407_wwdt.o ./firmware/at32f403a_407_xmc.o  ./cmsis/bsp/at32f403a_407_board.o  ./cmsis/startup_at32f403a_407.o ./cmsis/system_at32f403a_407.o   
Finished building target: control.elf
 
Invoking: GNU Arm Cross Create Flash Image
arm-none-eabi-objcopy -O ihex "control.elf"  "control.hex"
Finished building: control.hex
 
Invoking: GNU Arm Cross Print Size
arm-none-eabi-size --format=berkeley "control.elf"
   text	   data	    bss	    dec	    hex	filename
   8636	     52	   1644	  10332	   285c	control.elf
Finished building: control.siz
 
15:37:47 **** Incremental Build of configuration Debug for project control ****
make all 
Invoking: GNU Arm Cross Print Size
arm-none-eabi-size --format=berkeley "control.elf"
   text	   data	    bss	    dec	    hex	filename
   8636	     52	   1644	  10332	   285c	control.elf
Finished building: control.siz
 
15:39:05 **** Incremental Build of configuration Debug for project control ****
make all 
Building file: ../user/main.c
Invoking: GNU Arm Cross C Compiler
arm-none-eabi-gcc -mcpu=cortex-m4 -mthumb -mfloat-abi=hard -mfpu=fpv4-sp-d16 -O0 -ffunction-sections  -g -DAT_START_F403A_V1 -DAT32F403AVGT7 -DUSE_STDPERIPH_DRIVER -I"../include" -I"../include/libraries/drivers/inc" -I"../include/libraries/cmsis/cm4/core_support" -I"../include/libraries/cmsis/cm4/device_support" -std=c99 -MMD -MP -MF"user/main.d" -MT"user/main.o" -c -o "user/main.o" "../user/main.c"
Finished building: ../user/main.c
 
Building target: control.elf
Invoking: GNU Arm Cross C Linker
arm-none-eabi-gcc -mcpu=cortex-m4 -mthumb -mfloat-abi=hard -mfpu=fpv4-sp-d16 -O0 -ffunction-sections  -g -T "/home/user/Documents/bldc motor /control/ldscripts/AT32F403AxG_FLASH.ld" -Xlinker --gc-sections -Wl,-Map,"control.map" --specs=nano.specs --specs=nosys.specs -o "control.elf" ./user/at32f403a_407_clock.o ./user/at32f403a_407_int.o ./user/at32f403a_407_wk_config.o ./user/i2c_application.o ./user/main.o ./user/motor_control.o  ./firmware/at32f403a_407_acc.o ./firmware/at32f403a_407_adc.o ./firmware/at32f403a_407_bpr.o ./firmware/at32f403a_407_can.o ./firmware/at32f403a_407_crc.o ./firmware/at32f403a_407_crm.o ./firmware/at32f403a_407_dac.o ./firmware/at32f403a_407_debug.o ./firmware/at32f403a_407_dma.o ./firmware/at32f403a_407_emac.o ./firmware/at32f403a_407_exint.o ./firmware/at32f403a_407_flash.o ./firmware/at32f403a_407_gpio.o ./firmware/at32f403a_407_i2c.o ./firmware/at32f403a_407_misc.o ./firmware/at32f403a_407_pwc.o ./firmware/at32f403a_407_rtc.o ./firmware/at32f403a_407_sdio.o ./firmware/at32f403a_407_spi.o ./firmware/at32f403a_407_tmr.o ./firmware/at32f403a_407_usart.o ./firmware/at32f403a_407_usb.o ./firmware/at32f403a_407_wdt.o ./firmware/at32f403a_407_wwdt.o ./firmware/at32f403a_407_xmc.o  ./cmsis/bsp/at32f403a_407_board.o  ./cmsis/startup_at32f403a_407.o ./cmsis/system_at32f403a_407.o   
Finished building target: control.elf
 
Invoking: GNU Arm Cross Create Flash Image
arm-none-eabi-objcopy -O ihex "control.elf"  "control.hex"
Finished building: control.hex
 
Invoking: GNU Arm Cross Print Size
arm-none-eabi-size --format=berkeley "control.elf"
   text	   data	    bss	    dec	    hex	filename
   9592	     52	   1644	  11288	   2c18	control.elf
Finished building: control.siz
 
15:39:23 **** Incremental Build of configuration Debug for project control ****
make all 
Invoking: GNU Arm Cross Print Size
arm-none-eabi-size --format=berkeley "control.elf"
   text	   data	    bss	    dec	    hex	filename
   9592	     52	   1644	  11288	   2c18	control.elf
Finished building: control.siz
 
15:44:55 **** Incremental Build of configuration Debug for project control ****
make all 
Building file: ../user/at32f403a_407_wk_config.c
Invoking: GNU Arm Cross C Compiler
arm-none-eabi-gcc -mcpu=cortex-m4 -mthumb -mfloat-abi=hard -mfpu=fpv4-sp-d16 -O0 -ffunction-sections  -g -DAT_START_F403A_V1 -DAT32F403AVGT7 -DUSE_STDPERIPH_DRIVER -I"../include" -I"../include/libraries/drivers/inc" -I"../include/libraries/cmsis/cm4/core_support" -I"../include/libraries/cmsis/cm4/device_support" -std=c99 -MMD -MP -MF"user/at32f403a_407_wk_config.d" -MT"user/at32f403a_407_wk_config.o" -c -o "user/at32f403a_407_wk_config.o" "../user/at32f403a_407_wk_config.c"
Finished building: ../user/at32f403a_407_wk_config.c
 
Building target: control.elf
Invoking: GNU Arm Cross C Linker
arm-none-eabi-gcc -mcpu=cortex-m4 -mthumb -mfloat-abi=hard -mfpu=fpv4-sp-d16 -O0 -ffunction-sections  -g -T "/home/user/Documents/bldc motor /control/ldscripts/AT32F403AxG_FLASH.ld" -Xlinker --gc-sections -Wl,-Map,"control.map" --specs=nano.specs --specs=nosys.specs -o "control.elf" ./user/at32f403a_407_clock.o ./user/at32f403a_407_int.o ./user/at32f403a_407_wk_config.o ./user/i2c_application.o ./user/main.o ./user/motor_control.o  ./firmware/at32f403a_407_acc.o ./firmware/at32f403a_407_adc.o ./firmware/at32f403a_407_bpr.o ./firmware/at32f403a_407_can.o ./firmware/at32f403a_407_crc.o ./firmware/at32f403a_407_crm.o ./firmware/at32f403a_407_dac.o ./firmware/at32f403a_407_debug.o ./firmware/at32f403a_407_dma.o ./firmware/at32f403a_407_emac.o ./firmware/at32f403a_407_exint.o ./firmware/at32f403a_407_flash.o ./firmware/at32f403a_407_gpio.o ./firmware/at32f403a_407_i2c.o ./firmware/at32f403a_407_misc.o ./firmware/at32f403a_407_pwc.o ./firmware/at32f403a_407_rtc.o ./firmware/at32f403a_407_sdio.o ./firmware/at32f403a_407_spi.o ./firmware/at32f403a_407_tmr.o ./firmware/at32f403a_407_usart.o ./firmware/at32f403a_407_usb.o ./firmware/at32f403a_407_wdt.o ./firmware/at32f403a_407_wwdt.o ./firmware/at32f403a_407_xmc.o  ./cmsis/bsp/at32f403a_407_board.o  ./cmsis/startup_at32f403a_407.o ./cmsis/system_at32f403a_407.o   
Finished building target: control.elf
 
Invoking: GNU Arm Cross Create Flash Image
arm-none-eabi-objcopy -O ihex "control.elf"  "control.hex"
Finished building: control.hex
 
Invoking: GNU Arm Cross Print Size
arm-none-eabi-size --format=berkeley "control.elf"
   text	   data	    bss	    dec	    hex	filename
   9640	     52	   1644	  11336	   2c48	control.elf
Finished building: control.siz
 
15:45:22 **** Incremental Build of configuration Debug for project control ****
make all 
Invoking: GNU Arm Cross Print Size
arm-none-eabi-size --format=berkeley "control.elf"
   text	   data	    bss	    dec	    hex	filename
   9640	     52	   1644	  11336	   2c48	control.elf
Finished building: control.siz
 
15:55:56 **** Incremental Build of configuration Debug for project control ****
make all 
Building file: ../user/main.c
Invoking: GNU Arm Cross C Compiler
arm-none-eabi-gcc -mcpu=cortex-m4 -mthumb -mfloat-abi=hard -mfpu=fpv4-sp-d16 -O0 -ffunction-sections  -g -DAT_START_F403A_V1 -DAT32F403AVGT7 -DUSE_STDPERIPH_DRIVER -I"../include" -I"../include/libraries/drivers/inc" -I"../include/libraries/cmsis/cm4/core_support" -I"../include/libraries/cmsis/cm4/device_support" -std=c99 -MMD -MP -MF"user/main.d" -MT"user/main.o" -c -o "user/main.o" "../user/main.c"
Finished building: ../user/main.c
 
Building target: control.elf
Invoking: GNU Arm Cross C Linker
arm-none-eabi-gcc -mcpu=cortex-m4 -mthumb -mfloat-abi=hard -mfpu=fpv4-sp-d16 -O0 -ffunction-sections  -g -T "/home/user/Documents/bldc motor /control/ldscripts/AT32F403AxG_FLASH.ld" -Xlinker --gc-sections -Wl,-Map,"control.map" --specs=nano.specs --specs=nosys.specs -o "control.elf" ./user/at32f403a_407_clock.o ./user/at32f403a_407_int.o ./user/at32f403a_407_wk_config.o ./user/i2c_application.o ./user/main.o ./user/motor_control.o  ./firmware/at32f403a_407_acc.o ./firmware/at32f403a_407_adc.o ./firmware/at32f403a_407_bpr.o ./firmware/at32f403a_407_can.o ./firmware/at32f403a_407_crc.o ./firmware/at32f403a_407_crm.o ./firmware/at32f403a_407_dac.o ./firmware/at32f403a_407_debug.o ./firmware/at32f403a_407_dma.o ./firmware/at32f403a_407_emac.o ./firmware/at32f403a_407_exint.o ./firmware/at32f403a_407_flash.o ./firmware/at32f403a_407_gpio.o ./firmware/at32f403a_407_i2c.o ./firmware/at32f403a_407_misc.o ./firmware/at32f403a_407_pwc.o ./firmware/at32f403a_407_rtc.o ./firmware/at32f403a_407_sdio.o ./firmware/at32f403a_407_spi.o ./firmware/at32f403a_407_tmr.o ./firmware/at32f403a_407_usart.o ./firmware/at32f403a_407_usb.o ./firmware/at32f403a_407_wdt.o ./firmware/at32f403a_407_wwdt.o ./firmware/at32f403a_407_xmc.o  ./cmsis/bsp/at32f403a_407_board.o  ./cmsis/startup_at32f403a_407.o ./cmsis/system_at32f403a_407.o   
/home/user/Documents/AT32_IDE_V1.0.09_Linux-x86_64/AT32IDE_V1.0.09_Linux-x86_64/platform/tools/gcc-arm-none-eabi-10.3-2021.10/bin/../lib/gcc/arm-none-eabi/10.3.1/../../../../arm-none-eabi/bin/ld: ./user/at32f403a_407_int.o: in function `USART2_IRQHandler':
/home/user/Documents/bldc motor /control/Debug/../user/at32f403a_407_int.c:155: undefined reference to `usart2_tx_rx_handler'
collect2: error: ld returned 1 exit status
make: *** [makefile:64: control.elf] Error 1
"make all" terminated with exit code 2. Build might be incomplete.
15:56:15 **** Incremental Build of configuration Debug for project control ****
make all 
Building file: ../user/main.c
Invoking: GNU Arm Cross C Compiler
arm-none-eabi-gcc -mcpu=cortex-m4 -mthumb -mfloat-abi=hard -mfpu=fpv4-sp-d16 -O0 -ffunction-sections  -g -DAT_START_F403A_V1 -DAT32F403AVGT7 -DUSE_STDPERIPH_DRIVER -I"../include" -I"../include/libraries/drivers/inc" -I"../include/libraries/cmsis/cm4/core_support" -I"../include/libraries/cmsis/cm4/device_support" -std=c99 -MMD -MP -MF"user/main.d" -MT"user/main.o" -c -o "user/main.o" "../user/main.c"
Finished building: ../user/main.c
 
Building target: control.elf
Invoking: GNU Arm Cross C Linker
arm-none-eabi-gcc -mcpu=cortex-m4 -mthumb -mfloat-abi=hard -mfpu=fpv4-sp-d16 -O0 -ffunction-sections  -g -T "/home/user/Documents/bldc motor /control/ldscripts/AT32F403AxG_FLASH.ld" -Xlinker --gc-sections -Wl,-Map,"control.map" --specs=nano.specs --specs=nosys.specs -o "control.elf" ./user/at32f403a_407_clock.o ./user/at32f403a_407_int.o ./user/at32f403a_407_wk_config.o ./user/i2c_application.o ./user/main.o ./user/motor_control.o  ./firmware/at32f403a_407_acc.o ./firmware/at32f403a_407_adc.o ./firmware/at32f403a_407_bpr.o ./firmware/at32f403a_407_can.o ./firmware/at32f403a_407_crc.o ./firmware/at32f403a_407_crm.o ./firmware/at32f403a_407_dac.o ./firmware/at32f403a_407_debug.o ./firmware/at32f403a_407_dma.o ./firmware/at32f403a_407_emac.o ./firmware/at32f403a_407_exint.o ./firmware/at32f403a_407_flash.o ./firmware/at32f403a_407_gpio.o ./firmware/at32f403a_407_i2c.o ./firmware/at32f403a_407_misc.o ./firmware/at32f403a_407_pwc.o ./firmware/at32f403a_407_rtc.o ./firmware/at32f403a_407_sdio.o ./firmware/at32f403a_407_spi.o ./firmware/at32f403a_407_tmr.o ./firmware/at32f403a_407_usart.o ./firmware/at32f403a_407_usb.o ./firmware/at32f403a_407_wdt.o ./firmware/at32f403a_407_wwdt.o ./firmware/at32f403a_407_xmc.o  ./cmsis/bsp/at32f403a_407_board.o  ./cmsis/startup_at32f403a_407.o ./cmsis/system_at32f403a_407.o   
Finished building target: control.elf
 
Invoking: GNU Arm Cross Create Flash Image
arm-none-eabi-objcopy -O ihex "control.elf"  "control.hex"
Finished building: control.hex
 
Invoking: GNU Arm Cross Print Size
arm-none-eabi-size --format=berkeley "control.elf"
   text	   data	    bss	    dec	    hex	filename
   9640	     52	   1644	  11336	   2c48	control.elf
Finished building: control.siz
 
                                                                                                                                                                                                                                                                                                                      17:01:28 **** Incremental Build of configuration Debug for project control ****
make all 
Building file: ../user/at32f403a_407_clock.c
Invoking: GNU Arm Cross C Compiler
arm-none-eabi-gcc -mcpu=cortex-m4 -mthumb -mfloat-abi=hard -mfpu=fpv4-sp-d16 -O0 -ffunction-sections  -g -DAT_START_F403A_V1 -DAT32F403AVGT7 -DUSE_STDPERIPH_DRIVER -I"../include" -I"../include/libraries/drivers/inc" -I"../include/libraries/cmsis/cm4/core_support" -I"../include/libraries/cmsis/cm4/device_support" -std=c99 -MMD -MP -MF"user/at32f403a_407_clock.d" -MT"user/at32f403a_407_clock.o" -c -o "user/at32f403a_407_clock.o" "../user/at32f403a_407_clock.c"
Finished building: ../user/at32f403a_407_clock.c
 
Building file: ../user/at32f403a_407_int.c
Invoking: GNU Arm Cross C Compiler
arm-none-eabi-gcc -mcpu=cortex-m4 -mthumb -mfloat-abi=hard -mfpu=fpv4-sp-d16 -O0 -ffunction-sections  -g -DAT_START_F403A_V1 -DAT32F403AVGT7 -DUSE_STDPERIPH_DRIVER -I"../include" -I"../include/libraries/drivers/inc" -I"../include/libraries/cmsis/cm4/core_support" -I"../include/libraries/cmsis/cm4/device_support" -std=c99 -MMD -MP -MF"user/at32f403a_407_int.d" -MT"user/at32f403a_407_int.o" -c -o "user/at32f403a_407_int.o" "../user/at32f403a_407_int.c"
Finished building: ../user/at32f403a_407_int.c
 
Building file: ../user/at32f403a_407_wk_config.c
Invoking: GNU Arm Cross C Compiler
arm-none-eabi-gcc -mcpu=cortex-m4 -mthumb -mfloat-abi=hard -mfpu=fpv4-sp-d16 -O0 -ffunction-sections  -g -DAT_START_F403A_V1 -DAT32F403AVGT7 -DUSE_STDPERIPH_DRIVER -I"../include" -I"../include/libraries/drivers/inc" -I"../include/libraries/cmsis/cm4/core_support" -I"../include/libraries/cmsis/cm4/device_support" -std=c99 -MMD -MP -MF"user/at32f403a_407_wk_config.d" -MT"user/at32f403a_407_wk_config.o" -c -o "user/at32f403a_407_wk_config.o" "../user/at32f403a_407_wk_config.c"
Finished building: ../user/at32f403a_407_wk_config.c
 
Building file: ../user/i2c_application.c
Invoking: GNU Arm Cross C Compiler
arm-none-eabi-gcc -mcpu=cortex-m4 -mthumb -mfloat-abi=hard -mfpu=fpv4-sp-d16 -O0 -ffunction-sections  -g -DAT_START_F403A_V1 -DAT32F403AVGT7 -DUSE_STDPERIPH_DRIVER -I"../include" -I"../include/libraries/drivers/inc" -I"../include/libraries/cmsis/cm4/core_support" -I"../include/libraries/cmsis/cm4/device_support" -std=c99 -MMD -MP -MF"user/i2c_application.d" -MT"user/i2c_application.o" -c -o "user/i2c_application.o" "../user/i2c_application.c"
Finished building: ../user/i2c_application.c
 
Building file: ../user/main.c
Invoking: GNU Arm Cross C Compiler
arm-none-eabi-gcc -mcpu=cortex-m4 -mthumb -mfloat-abi=hard -mfpu=fpv4-sp-d16 -O0 -ffunction-sections  -g -DAT_START_F403A_V1 -DAT32F403AVGT7 -DUSE_STDPERIPH_DRIVER -I"../include" -I"../include/libraries/drivers/inc" -I"../include/libraries/cmsis/cm4/core_support" -I"../include/libraries/cmsis/cm4/device_support" -std=c99 -MMD -MP -MF"user/main.d" -MT"user/main.o" -c -o "user/main.o" "../user/main.c"
Finished building: ../user/main.c
 
Building file: ../user/motor_control.c
Invoking: GNU Arm Cross C Compiler
arm-none-eabi-gcc -mcpu=cortex-m4 -mthumb -mfloat-abi=hard -mfpu=fpv4-sp-d16 -O0 -ffunction-sections  -g -DAT_START_F403A_V1 -DAT32F403AVGT7 -DUSE_STDPERIPH_DRIVER -I"../include" -I"../include/libraries/drivers/inc" -I"../include/libraries/cmsis/cm4/core_support" -I"../include/libraries/cmsis/cm4/device_support" -std=c99 -MMD -MP -MF"user/motor_control.d" -MT"user/motor_control.o" -c -o "user/motor_control.o" "../user/motor_control.c"
Finished building: ../user/motor_control.c
 
Building target: control.elf
Invoking: GNU Arm Cross C Linker
arm-none-eabi-gcc -mcpu=cortex-m4 -mthumb -mfloat-abi=hard -mfpu=fpv4-sp-d16 -O0 -ffunction-sections  -g -T "/home/user/Documents/bldc motor /control/ldscripts/AT32F403AxG_FLASH.ld" -Xlinker --gc-sections -Wl,-Map,"control.map" --specs=nano.specs --specs=nosys.specs -o "control.elf" ./user/at32f403a_407_clock.o ./user/at32f403a_407_int.o ./user/at32f403a_407_wk_config.o ./user/i2c_application.o ./user/main.o ./user/motor_control.o  ./firmware/at32f403a_407_acc.o ./firmware/at32f403a_407_adc.o ./firmware/at32f403a_407_bpr.o ./firmware/at32f403a_407_can.o ./firmware/at32f403a_407_crc.o ./firmware/at32f403a_407_crm.o ./firmware/at32f403a_407_dac.o ./firmware/at32f403a_407_debug.o ./firmware/at32f403a_407_dma.o ./firmware/at32f403a_407_emac.o ./firmware/at32f403a_407_exint.o ./firmware/at32f403a_407_flash.o ./firmware/at32f403a_407_gpio.o ./firmware/at32f403a_407_i2c.o ./firmware/at32f403a_407_misc.o ./firmware/at32f403a_407_pwc.o ./firmware/at32f403a_407_rtc.o ./firmware/at32f403a_407_sdio.o ./firmware/at32f403a_407_spi.o ./firmware/at32f403a_407_tmr.o ./firmware/at32f403a_407_usart.o ./firmware/at32f403a_407_usb.o ./firmware/at32f403a_407_wdt.o ./firmware/at32f403a_407_wwdt.o ./firmware/at32f403a_407_xmc.o  ./cmsis/bsp/at32f403a_407_board.o  ./cmsis/startup_at32f403a_407.o ./cmsis/system_at32f403a_407.o   
Finished building target: control.elf
 
Invoking: GNU Arm Cross Create Flash Image
arm-none-eabi-objcopy -O ihex "control.elf"  "control.hex"
Finished building: control.hex
 
Invoking: GNU Arm Cross Print Size
arm-none-eabi-size --format=berkeley "control.elf"
   text	   data	    bss	    dec	    hex	filename
   9640	     52	   1644	  11336	   2c48	control.elf
Finished building: control.siz
 
17:04:54 **** Incremental Build of configuration Debug for project control ****
make all 
Invoking: GNU Arm Cross Print Size
arm-none-eabi-size --format=berkeley "control.elf"
   text	   data	    bss	    dec	    hex	filename
   9640	     52	   1644	  11336	   2c48	control.elf
Finished building: control.siz
 
